Removed Parameter Arrow Part Number: from Part SW1
Removed Parameter Arrow Part Number: from Part SW2
Removed Parameter Arrow Part Number: from Part SW3
Removed Parameter Arrow Price/Stock: from Part SW1
Removed Parameter Arrow Price/Stock: from Part SW2
Removed Parameter Arrow Price/Stock: from Part SW3
Removed Parameter Datasheet Link:https://configured-product-images.s3.amazonaws.com/2D/specs/TL1105BF160Q.pdf from Part SW1
Removed Parameter Datasheet Link:https://configured-product-images.s3.amazonaws.com/2D/specs/TL1105BF160Q.pdf from Part SW2
Removed Parameter Datasheet Link:https://configured-product-images.s3.amazonaws.com/2D/specs/TL1105BF160Q.pdf from Part SW3
Removed Parameter Manufacturer_Name:E-Switch from Part SW1
Removed Parameter Manufacturer_Name:E-Switch from Part SW2
Removed Parameter Manufacturer_Name:E-Switch from Part SW3
Removed Parameter Manufacturer_Part_Number:TL1105BF160Q from Part SW1
Removed Parameter Manufacturer_Part_Number:TL1105BF160Q from Part SW2
Removed Parameter Manufacturer_Part_Number:TL1105BF160Q from Part SW3
Removed Parameter Mouser Part Number:612-TL1105B from Part SW1
Removed Parameter Mouser Part Number:612-TL1105B from Part SW2
Removed Parameter Mouser Part Number:612-TL1105B from Part SW3
Removed Parameter Mouser Price/Stock:https://www.mouser.co.uk/ProductDetail/E-Switch/TL1105BF160Q?qs=YXf4ACKMM4xZnIL%2FJEeFtQ%3D%3D from Part SW1
Removed Parameter Mouser Price/Stock:https://www.mouser.co.uk/ProductDetail/E-Switch/TL1105BF160Q?qs=YXf4ACKMM4xZnIL%2FJEeFtQ%3D%3D from Part SW2
Removed Parameter Mouser Price/Stock:https://www.mouser.co.uk/ProductDetail/E-Switch/TL1105BF160Q?qs=YXf4ACKMM4xZnIL%2FJEeFtQ%3D%3D from Part SW3
Removed Parameter Sim.Pins:1=K 2=A from Part D1
Removed Parameter Sim.Pins:1=K 2=A from Part D4
Removed Parameter Sim.Pins:1=K 2=A from Part D5
Removed Parameter Sim.Pins:1=K 2=A from Part D6
Removed Parameter Sim.Pins:1=K 2=A from Part D7
Removed Parameter Sim.Pins:1=K 2=A from Part D8
Removed Parameter Sim.Pins:1=K 2=A from Part D9
Removed Parameter Sim.Pins:1=K 2=A from Part D10
Change Value of Parameter Manufacturer in Part C26 Old=MF New=Manufacturer
Change Value of Parameter Manufacturer Part Number in Part C26 Old=MP New=Manufacturer Part Number
Change Value of Parameter Manufacturer in Part C27 Old=MF New=Manufacturer
Change Value of Parameter Manufacturer Part Number in Part C27 Old=MP New=Manufacturer Part Number
Change Value of Parameter Manufacturer in Part C29 Old=MF New=Manufacturer
Change Value of Parameter Manufacturer Part Number in Part C29 Old=MP New=Manufacturer Part Number
Change Value of Parameter Manufacturer in Part C30 Old=MF New=Manufacturer
Change Value of Parameter Manufacturer Part Number in Part C30 Old=MP New=Manufacturer Part Number
Change Value of Parameter Manufacturer in Part D1 Old=MF New=Manufacturer
Change Value of Parameter Manufacturer Part Number in Part D1 Old=MP New=Manufacturer Part Number
Change Value of Parameter Manufacturer in Part D4 Old=MF New=Manufacturer
Change Value of Parameter Manufacturer Part Number in Part D4 Old=MP New=Manufacturer Part Number
Change Value of Parameter Manufacturer in Part D5 Old=MF New=Manufacturer
Change Value of Parameter Manufacturer Part Number in Part D5 Old=MP New=Manufacturer Part Number
Change Value of Parameter Manufacturer in Part D6 Old=MF New=Manufacturer
Change Value of Parameter Manufacturer Part Number in Part D6 Old=MP New=Manufacturer Part Number
Change Value of Parameter Manufacturer in Part D7 Old=MF New=Manufacturer
Change Value of Parameter Manufacturer Part Number in Part D7 Old=MP New=Manufacturer Part Number
Change Value of Parameter Manufacturer in Part D8 Old=MF New=Manufacturer
Change Value of Parameter Manufacturer Part Number in Part D8 Old=MP New=Manufacturer Part Number
Change Value of Parameter Manufacturer in Part D9 Old=MF New=Manufacturer
Change Value of Parameter Manufacturer Part Number in Part D9 Old=MP New=Manufacturer Part Number
Change Value of Parameter Manufacturer in Part D10 Old=MF New=Manufacturer
Change Value of Parameter Manufacturer Part Number in Part D10 Old=MP New=Manufacturer Part Number
Change Value of Parameter Manufacturer in Part R1 Old=MF New=Manufacturer
Change Value of Parameter Manufacturer Part Number in Part R1 Old=MP New=Manufacturer Part Number
Change Value of Parameter Manufacturer in Part R2 Old=MF New=Manufacturer
Change Value of Parameter Manufacturer Part Number in Part R2 Old=MP New=Manufacturer Part Number
Change Value of Parameter Manufacturer in Part R4 Old=MF New=Manufacturer
Change Value of Parameter Manufacturer Part Number in Part R4 Old=MP New=Manufacturer Part Number
Change Value of Parameter Manufacturer in Part R5 Old=MF New=Manufacturer
Change Value of Parameter Manufacturer Part Number in Part R5 Old=MP New=Manufacturer Part Number
Change Value of Parameter Manufacturer in Part R6 Old=MF New=Manufacturer
Change Value of Parameter Manufacturer Part Number in Part R6 Old=MP New=Manufacturer Part Number
Change Value of Parameter Manufacturer in Part R7 Old=MF New=Manufacturer
Change Value of Parameter Manufacturer Part Number in Part R7 Old=MP New=Manufacturer Part Number
Change Value of Parameter Manufacturer in Part R8 Old=MF New=Manufacturer
Change Value of Parameter Manufacturer Part Number in Part R8 Old=MP New=Manufacturer Part Number
Change Value of Parameter Manufacturer in Part R9 Old=MF New=Manufacturer
Change Value of Parameter Manufacturer Part Number in Part R9 Old=MP New=Manufacturer Part Number
Change Value of Parameter Manufacturer in Part R10 Old=MF New=Manufacturer
Change Value of Parameter Manufacturer Part Number in Part R10 Old=MP New=Manufacturer Part Number
Change Value of Parameter Manufacturer in Part R11 Old=MF New=Manufacturer
Change Value of Parameter Manufacturer Part Number in Part R11 Old=MP New=Manufacturer Part Number
Change Value of Parameter Manufacturer in Part R12 Old=MF New=Manufacturer
Change Value of Parameter Manufacturer Part Number in Part R12 Old=MP New=Manufacturer Part Number
Change Value of Parameter Manufacturer in Part R13 Old=MF New=Manufacturer
Change Value of Parameter Manufacturer Part Number in Part R13 Old=MP New=Manufacturer Part Number
Change Value of Parameter Manufacturer in Part R14 Old=MF New=Manufacturer
Change Value of Parameter Manufacturer Part Number in Part R14 Old=MP New=Manufacturer Part Number
Change Value of Parameter Manufacturer in Part R15 Old=MF New=Manufacturer
Change Value of Parameter Manufacturer Part Number in Part R15 Old=MP New=Manufacturer Part Number
Change Value of Parameter Manufacturer in Part U2 Old=MF New=Manufacturer
Change Value of Parameter Manufacturer Part Number in Part U2 Old=MP New=Manufacturer Part Number
Added Parameter Manufacturer Part Number=TL1105BF160Q to Part SW1
Added Parameter Manufacturer Part Number=TL1105BF160Q to Part SW2
Added Parameter Manufacturer Part Number=TL1105BF160Q to Part SW3
Added Parameter Manufacturer=E-Switch to Part SW1
Added Parameter Manufacturer=E-Switch to Part SW2
Added Parameter Manufacturer=E-Switch to Part SW3
