Importer Log Report
Document: C:\Users\hp\Desktop\Barfas_Projects\Barfas_Projects\myProjects\4_KNX\Hardware\KNX-RELAY-8CH_V2\other.kicad_sch
    Section : Loading Schematic - C:\Users\hp\Desktop\Barfas_Projects\Barfas_Projects\myProjects\4_KNX\Hardware\KNX-RELAY-8CH_V2\other.kicad_sch
        Warning: Unknown child generator_version of kicad_sch.
        Warning: Unknown child exclude_from_sim of symbol.
        Warning: Unknown child embedded_fonts of symbol.
        Warning: Unknown child exclude_from_sim of symbol.
        Warning: Unknown child embedded_fonts of symbol.
        Warning: Unknown child exclude_from_sim of symbol.
        Warning: Unknown child embedded_fonts of symbol.
        Warning: Unknown child exclude_from_sim of symbol.
        Warning: Unknown child embedded_fonts of symbol.
        Warning: Unknown child exclude_from_sim of symbol.
        Warning: Unknown child embedded_fonts of symbol.
        Warning: Unknown child exclude_from_sim of symbol.
        Warning: Unknown child embedded_fonts of symbol.
        Warning: Unknown child exclude_from_sim of symbol.
        Warning: Unknown child embedded_fonts of symbol.
        Warning: Unknown child exclude_from_sim of symbol.
        Warning: Unknown child embedded_fonts of symbol.
        Warning: Unknown child exclude_from_sim of symbol.
        Warning: Unknown child embedded_fonts of symbol.
        Warning: Unknown child exclude_from_sim of symbol.
        Warning: Unknown child embedded_fonts of symbol.
        Warning: Unknown child exclude_from_sim of symbol.
        Warning: Unknown child embedded_fonts of symbol.
        Warning: Unknown child exclude_from_sim of symbol.
        Warning: Unknown child embedded_fonts of symbol.
        Warning: Unknown child exclude_from_sim of text.
        Warning: Unknown child text_box of kicad_sch.
        Warning: Unknown child text_box of kicad_sch.
        Warning: Unknown child exclude_from_sim of symbol.
        Warning: Unknown child exclude_from_sim of symbol.
        Warning: Unknown child exclude_from_sim of symbol.
        Warning: Unknown child exclude_from_sim of symbol.
        Warning: Unknown child exclude_from_sim of symbol.
        Warning: Unknown child exclude_from_sim of symbol.
        Warning: Unknown child exclude_from_sim of symbol.
        Warning: Unknown child exclude_from_sim of symbol.
        Warning: Unknown child exclude_from_sim of symbol.
        Warning: Unknown child exclude_from_sim of symbol.
        Warning: Unknown child exclude_from_sim of symbol.
        Warning: Unknown child exclude_from_sim of symbol.
        Warning: Unknown child exclude_from_sim of symbol.
        Warning: Unknown child exclude_from_sim of symbol.
        Warning: Unknown child exclude_from_sim of symbol.
        Warning: Unknown child exclude_from_sim of symbol.
        Warning: Unknown child exclude_from_sim of symbol.
        Warning: Unknown child exclude_from_sim of symbol.
        Warning: Unknown child exclude_from_sim of symbol.
        Warning: Unknown child exclude_from_sim of symbol.
        Warning: Unknown child exclude_from_sim of symbol.
        Warning: Unknown child exclude_from_sim of symbol.
        Warning: Unknown child exclude_from_sim of symbol.
        Warning: Unknown child exclude_from_sim of symbol.
        Warning: Unknown child exclude_from_sim of symbol.
        Warning: Unknown child exclude_from_sim of symbol.
        Warning: Unknown child exclude_from_sim of symbol.
        Warning: Unknown child exclude_from_sim of symbol.
        Warning: Unknown child exclude_from_sim of symbol.
        Warning: Unknown child exclude_from_sim of symbol.
        Warning: Unknown child exclude_from_sim of symbol.
        Warning: Unknown child exclude_from_sim of symbol.
        Warning: Unknown child exclude_from_sim of symbol.
        Warning: Unknown child exclude_from_sim of symbol.
        Warning: Unknown child exclude_from_sim of symbol.
        Warning: Unknown child exclude_from_sim of symbol.
        Warning: Unknown child exclude_from_sim of symbol.
        Warning: Unknown child exclude_from_sim of symbol.
        Warning: Unknown child exclude_from_sim of symbol.
        Warning: Unknown child exclude_from_sim of symbol.
        Warning: Unknown child exclude_from_sim of symbol.
        Warning: Unknown child exclude_from_sim of symbol.
        Warning: Unknown child exclude_from_sim of symbol.
        Warning: Unknown child exclude_from_sim of symbol.
        Warning: Unknown child exclude_from_sim of symbol.
        Warning: Unknown child exclude_from_sim of symbol.
        Warning: Unknown child exclude_from_sim of symbol.
        Warning: Unknown child exclude_from_sim of symbol.
        Warning: Unknown child exclude_from_sim of symbol.
        Warning: Unknown child exclude_from_sim of symbol.
        Warning: Unknown child exclude_from_sim of symbol.
        Warning: Unknown child exclude_from_sim of symbol.
        Warning: Unknown child exclude_from_sim of symbol.
        Warning: Unknown child exclude_from_sim of symbol.
        Warning: Unknown child exclude_from_sim of symbol.
        Warning: Unknown child exclude_from_sim of symbol.
        Warning: Unknown child exclude_from_sim of symbol.
        Warning: Unknown child exclude_from_sim of symbol.
        Warning: Unknown child exclude_from_sim of symbol.
        Warning: Unknown child exclude_from_sim of symbol.
        Warning: Unknown child exclude_from_sim of symbol.
        Warning: Unknown child exclude_from_sim of symbol.
        Warning: Unknown child exclude_from_sim of symbol.
        Warning: Unknown child exclude_from_sim of symbol.
        Warning: Unknown child exclude_from_sim of symbol.
        Warning: Unknown child exclude_from_sim of symbol.
        Warning: Unknown child exclude_from_sim of symbol.
        Warning: Unknown child exclude_from_sim of symbol.
        Warning: Unknown child exclude_from_sim of symbol.
        Warning: Unknown child exclude_from_sim of symbol.
        Warning: Unknown child exclude_from_sim of symbol.
        Warning: Unknown child exclude_from_sim of symbol.
        Warning: Unknown child exclude_from_sim of symbol.
    EndSection
    Section : Loading Schematic - C:\Users\hp\Desktop\Barfas_Projects\Barfas_Projects\myProjects\4_KNX\Hardware\KNX-RELAY-8CH_V2\other.kicad_sch
        Warning: Unknown child generator_version of kicad_sch.
        Warning: Unknown child exclude_from_sim of symbol.
        Warning: Unknown child embedded_fonts of symbol.
        Warning: Unknown child exclude_from_sim of symbol.
        Warning: Unknown child embedded_fonts of symbol.
        Warning: Unknown child exclude_from_sim of symbol.
        Warning: Unknown child embedded_fonts of symbol.
        Warning: Unknown child exclude_from_sim of symbol.
        Warning: Unknown child embedded_fonts of symbol.
        Warning: Unknown child exclude_from_sim of symbol.
        Warning: Unknown child embedded_fonts of symbol.
        Warning: Unknown child exclude_from_sim of symbol.
        Warning: Unknown child embedded_fonts of symbol.
        Warning: Unknown child exclude_from_sim of symbol.
        Warning: Unknown child embedded_fonts of symbol.
        Warning: Unknown child exclude_from_sim of symbol.
        Warning: Unknown child embedded_fonts of symbol.
        Warning: Unknown child exclude_from_sim of symbol.
        Warning: Unknown child embedded_fonts of symbol.
        Warning: Unknown child exclude_from_sim of symbol.
        Warning: Unknown child embedded_fonts of symbol.
        Warning: Unknown child exclude_from_sim of symbol.
        Warning: Unknown child embedded_fonts of symbol.
        Warning: Unknown child exclude_from_sim of symbol.
        Warning: Unknown child embedded_fonts of symbol.
        Warning: Unknown child exclude_from_sim of text.
        Warning: Unknown child text_box of kicad_sch.
        Warning: Unknown child text_box of kicad_sch.
        Warning: Unknown child exclude_from_sim of symbol.
        Warning: Unknown child exclude_from_sim of symbol.
        Warning: Unknown child exclude_from_sim of symbol.
        Warning: Unknown child exclude_from_sim of symbol.
        Warning: Unknown child exclude_from_sim of symbol.
        Warning: Unknown child exclude_from_sim of symbol.
        Warning: Unknown child exclude_from_sim of symbol.
        Warning: Unknown child exclude_from_sim of symbol.
        Warning: Unknown child exclude_from_sim of symbol.
        Warning: Unknown child exclude_from_sim of symbol.
        Warning: Unknown child exclude_from_sim of symbol.
        Warning: Unknown child exclude_from_sim of symbol.
        Warning: Unknown child exclude_from_sim of symbol.
        Warning: Unknown child exclude_from_sim of symbol.
        Warning: Unknown child exclude_from_sim of symbol.
        Warning: Unknown child exclude_from_sim of symbol.
        Warning: Unknown child exclude_from_sim of symbol.
        Warning: Unknown child exclude_from_sim of symbol.
        Warning: Unknown child exclude_from_sim of symbol.
        Warning: Unknown child exclude_from_sim of symbol.
        Warning: Unknown child exclude_from_sim of symbol.
        Warning: Unknown child exclude_from_sim of symbol.
        Warning: Unknown child exclude_from_sim of symbol.
        Warning: Unknown child exclude_from_sim of symbol.
        Warning: Unknown child exclude_from_sim of symbol.
        Warning: Unknown child exclude_from_sim of symbol.
        Warning: Unknown child exclude_from_sim of symbol.
        Warning: Unknown child exclude_from_sim of symbol.
        Warning: Unknown child exclude_from_sim of symbol.
        Warning: Unknown child exclude_from_sim of symbol.
        Warning: Unknown child exclude_from_sim of symbol.
        Warning: Unknown child exclude_from_sim of symbol.
        Warning: Unknown child exclude_from_sim of symbol.
        Warning: Unknown child exclude_from_sim of symbol.
        Warning: Unknown child exclude_from_sim of symbol.
        Warning: Unknown child exclude_from_sim of symbol.
        Warning: Unknown child exclude_from_sim of symbol.
        Warning: Unknown child exclude_from_sim of symbol.
        Warning: Unknown child exclude_from_sim of symbol.
        Warning: Unknown child exclude_from_sim of symbol.
        Warning: Unknown child exclude_from_sim of symbol.
        Warning: Unknown child exclude_from_sim of symbol.
        Warning: Unknown child exclude_from_sim of symbol.
        Warning: Unknown child exclude_from_sim of symbol.
        Warning: Unknown child exclude_from_sim of symbol.
        Warning: Unknown child exclude_from_sim of symbol.
        Warning: Unknown child exclude_from_sim of symbol.
        Warning: Unknown child exclude_from_sim of symbol.
        Warning: Unknown child exclude_from_sim of symbol.
        Warning: Unknown child exclude_from_sim of symbol.
        Warning: Unknown child exclude_from_sim of symbol.
        Warning: Unknown child exclude_from_sim of symbol.
        Warning: Unknown child exclude_from_sim of symbol.
        Warning: Unknown child exclude_from_sim of symbol.
        Warning: Unknown child exclude_from_sim of symbol.
        Warning: Unknown child exclude_from_sim of symbol.
        Warning: Unknown child exclude_from_sim of symbol.
        Warning: Unknown child exclude_from_sim of symbol.
        Warning: Unknown child exclude_from_sim of symbol.
        Warning: Unknown child exclude_from_sim of symbol.
        Warning: Unknown child exclude_from_sim of symbol.
        Warning: Unknown child exclude_from_sim of symbol.
        Warning: Unknown child exclude_from_sim of symbol.
        Warning: Unknown child exclude_from_sim of symbol.
        Warning: Unknown child exclude_from_sim of symbol.
        Warning: Unknown child exclude_from_sim of symbol.
        Warning: Unknown child exclude_from_sim of symbol.
        Warning: Unknown child exclude_from_sim of symbol.
        Warning: Unknown child exclude_from_sim of symbol.
        Warning: Unknown child exclude_from_sim of symbol.
        Warning: Unknown child exclude_from_sim of symbol.
        Warning: Unknown child exclude_from_sim of symbol.
        Warning: Unknown child exclude_from_sim of symbol.
    EndSection
