Removed Parameter OZD:0603SAF330JT5E from Part R95
Removed Parameter OZD:0603SAF330JT5E from Part R96
Removed Parameter OZD:0603SAF330JT5E from Part R97
Removed Parameter OZD:0603SAF330JT5E from Part R98
Removed Parameter OZD:FYL-5014UBC1C-1MA-TR13 from Part D11
Removed Parameter OZD:L-KLS8-2170-13 from Part J1
Change Value of Parameter Manufacturer in Part C23 Old=MF New=Manufacturer
Change Value of Parameter Manufacturer Part Number in Part C23 Old=MP New=Manufacturer Part Number
Change Value of Parameter Manufacturer in Part C24 Old=MF New=Manufacturer
Change Value of Parameter Manufacturer Part Number in Part C24 Old=MP New=Manufacturer Part Number
Change Value of Parameter Manufacturer in Part C25 Old=MF New=Manufacturer
Change Value of Parameter Manufacturer Part Number in Part C25 Old=MP New=Manufacturer Part Number
Change Value of Parameter Manufacturer in Part D11 Old=MF New=Manufacturer
Change Value of Parameter Manufacturer Part Number in Part D11 Old=MP New=Manufacturer Part Number
Change Value of Parameter Manufacturer in Part J1 Old=MF New=Manufacturer
Change Value of Parameter Manufacturer Part Number in Part J1 Old=MP New=Manufacturer Part Number
Change Value of Parameter Manufacturer in Part R3 Old=MF New=Manufacturer
Change Value of Parameter Manufacturer Part Number in Part R3 Old=MP New=Manufacturer Part Number
Change Value of Parameter Manufacturer in Part R26 Old=MF New=Manufacturer
Change Value of Parameter Manufacturer Part Number in Part R26 Old=MP New=Manufacturer Part Number
Change Value of Parameter Manufacturer in Part R41 Old=MF New=Manufacturer
Change Value of Parameter Manufacturer Part Number in Part R41 Old=MP New=Manufacturer Part Number
Change Value of Parameter Manufacturer in Part R42 Old=MF New=Manufacturer
Change Value of Parameter Manufacturer Part Number in Part R42 Old=MP New=Manufacturer Part Number
Change Value of Parameter Manufacturer in Part R43 Old=MF New=Manufacturer
Change Value of Parameter Manufacturer Part Number in Part R43 Old=MP New=Manufacturer Part Number
Change Value of Parameter Manufacturer in Part R44 Old=MF New=Manufacturer
Change Value of Parameter Manufacturer Part Number in Part R44 Old=MP New=Manufacturer Part Number
Change Value of Parameter Manufacturer in Part R95 Old=MF New=Manufacturer
Change Value of Parameter Manufacturer Part Number in Part R95 Old=MP New=Manufacturer Part Number
Change Value of Parameter Manufacturer in Part R96 Old=MF New=Manufacturer
Change Value of Parameter Manufacturer Part Number in Part R96 Old=MP New=Manufacturer Part Number
Change Value of Parameter Manufacturer in Part R97 Old=MF New=Manufacturer
Change Value of Parameter Manufacturer Part Number in Part R97 Old=MP New=Manufacturer Part Number
Change Value of Parameter Manufacturer in Part R98 Old=MF New=Manufacturer
Change Value of Parameter Manufacturer Part Number in Part R98 Old=MP New=Manufacturer Part Number
Change Value of Parameter Manufacturer in Part R99 Old=MF New=Manufacturer
Change Value of Parameter Manufacturer Part Number in Part R99 Old=MP New=Manufacturer Part Number
Change Value of Parameter Manufacturer in Part SW5 Old=MF New=Manufacturer
Change Value of Parameter Manufacturer Part Number in Part SW5 Old=MP New=Manufacturer Part Number
