Removed Pin From Net: NetName=ShiftReg_{\O\E\}\ Pin=IC1-20
Removed Pin From Net: NetName=ShiftReg_Latch Pin=IC1-21
Removed Pin From Net: NetName=ShiftRegCLK Pin=IC1-22
Removed Pin From Net: NetName=ShiftRegCLK Pin=U2-11
Removed Pin From Net: NetName=ShiftReg_Latch Pin=U2-12
Removed Pin From Net: NetName=ShiftReg_{\O\E\}\ Pin=U2-13
Removed Pin From Net: NetName=+3V3 Pin=U3-16
Added Component: Designator=C32(C_0603_1608Metric)
Add component (AddParameter): Name = "MF"; Value = "YAGEO"; VariantName = "[No Variations]"
Add component (AddParameter): Name = "MP"; Value = "CC0603KRX7R9BB104"; VariantName = "[No Variations]"
Add component (AddParameter): Name = "Package"; Value = "C_0603"; VariantName = "[No Variations]"
Add component (AddParameter): Name = "Value"; Value = "100nF"; VariantName = "[No Variations]"
Added Component: Designator=D20(LED_0603_1608Metric)
Add component (AddParameter): Name = "MF"; Value = "LITEON"; VariantName = "[No Variations]"
Add component (AddParameter): Name = "MP"; Value = "LTST-C190KFKT-5A"; VariantName = "[No Variations]"
Add component (AddParameter): Name = "Package"; Value = "L_0603"; VariantName = "[No Variations]"
Add component (AddParameter): Name = "Sim.Pins"; Value = "1=K 2=A"; VariantName = "[No Variations]"
Add component (AddParameter): Name = "Value"; Value = "LED"; VariantName = "[No Variations]"
Added Component: Designator=D21(LED_0603_1608Metric)
Add component (AddParameter): Name = "MF"; Value = "LITEON"; VariantName = "[No Variations]"
Add component (AddParameter): Name = "MP"; Value = "LTST-C190KFKT-5A"; VariantName = "[No Variations]"
Add component (AddParameter): Name = "Package"; Value = "L_0603"; VariantName = "[No Variations]"
Add component (AddParameter): Name = "Sim.Pins"; Value = "1=K 2=A"; VariantName = "[No Variations]"
Add component (AddParameter): Name = "Value"; Value = "LED"; VariantName = "[No Variations]"
Added Component: Designator=D22(LED_0603_1608Metric)
Add component (AddParameter): Name = "MF"; Value = "LITEON"; VariantName = "[No Variations]"
Add component (AddParameter): Name = "MP"; Value = "LTST-C190KFKT-5A"; VariantName = "[No Variations]"
Add component (AddParameter): Name = "Package"; Value = "L_0603"; VariantName = "[No Variations]"
Add component (AddParameter): Name = "Sim.Pins"; Value = "1=K 2=A"; VariantName = "[No Variations]"
Add component (AddParameter): Name = "Value"; Value = "LED"; VariantName = "[No Variations]"
Added Component: Designator=D23(LED_0603_1608Metric)
Add component (AddParameter): Name = "MF"; Value = "LITEON"; VariantName = "[No Variations]"
Add component (AddParameter): Name = "MP"; Value = "LTST-C190KFKT-5A"; VariantName = "[No Variations]"
Add component (AddParameter): Name = "Package"; Value = "L_0603"; VariantName = "[No Variations]"
Add component (AddParameter): Name = "Sim.Pins"; Value = "1=K 2=A"; VariantName = "[No Variations]"
Add component (AddParameter): Name = "Value"; Value = "LED"; VariantName = "[No Variations]"
Added Component: Designator=D24(LED_0603_1608Metric)
Add component (AddParameter): Name = "MF"; Value = "LITEON"; VariantName = "[No Variations]"
Add component (AddParameter): Name = "MP"; Value = "LTST-C190KFKT-5A"; VariantName = "[No Variations]"
Add component (AddParameter): Name = "Package"; Value = "L_0603"; VariantName = "[No Variations]"
Add component (AddParameter): Name = "Sim.Pins"; Value = "1=K 2=A"; VariantName = "[No Variations]"
Add component (AddParameter): Name = "Value"; Value = "LED"; VariantName = "[No Variations]"
Added Component: Designator=D25(LED_0603_1608Metric)
Add component (AddParameter): Name = "MF"; Value = "LITEON"; VariantName = "[No Variations]"
Add component (AddParameter): Name = "MP"; Value = "LTST-C190KFKT-5A"; VariantName = "[No Variations]"
Add component (AddParameter): Name = "Package"; Value = "L_0603"; VariantName = "[No Variations]"
Add component (AddParameter): Name = "Sim.Pins"; Value = "1=K 2=A"; VariantName = "[No Variations]"
Add component (AddParameter): Name = "Value"; Value = "LED"; VariantName = "[No Variations]"
Added Component: Designator=D26(LED_0603_1608Metric)
Add component (AddParameter): Name = "MF"; Value = "LITEON"; VariantName = "[No Variations]"
Add component (AddParameter): Name = "MP"; Value = "LTST-C190KFKT-5A"; VariantName = "[No Variations]"
Add component (AddParameter): Name = "Package"; Value = "L_0603"; VariantName = "[No Variations]"
Add component (AddParameter): Name = "Sim.Pins"; Value = "1=K 2=A"; VariantName = "[No Variations]"
Add component (AddParameter): Name = "Value"; Value = "LED"; VariantName = "[No Variations]"
Added Component: Designator=D27(LED_0603_1608Metric)
Add component (AddParameter): Name = "MF"; Value = "LITEON"; VariantName = "[No Variations]"
Add component (AddParameter): Name = "MP"; Value = "LTST-C190KFKT-5A"; VariantName = "[No Variations]"
Add component (AddParameter): Name = "Package"; Value = "L_0603"; VariantName = "[No Variations]"
Add component (AddParameter): Name = "Sim.Pins"; Value = "1=K 2=A"; VariantName = "[No Variations]"
Add component (AddParameter): Name = "Value"; Value = "LED"; VariantName = "[No Variations]"
Added Component: Designator=R24(R_0603_1608Metric)
Add component (AddParameter): Name = "MF"; Value = "YAGEO"; VariantName = "[No Variations]"
Add component (AddParameter): Name = "MP"; Value = "RC0603JR-071KL"; VariantName = "[No Variations]"
Add component (AddParameter): Name = "Package"; Value = "R_0603"; VariantName = "[No Variations]"
Add component (AddParameter): Name = "Value"; Value = "1k"; VariantName = "[No Variations]"
Added Component: Designator=R25(R_0603_1608Metric)
Add component (AddParameter): Name = "MF"; Value = "YAGEO"; VariantName = "[No Variations]"
Add component (AddParameter): Name = "MP"; Value = "RC0603JR-071KL"; VariantName = "[No Variations]"
Add component (AddParameter): Name = "Package"; Value = "R_0603"; VariantName = "[No Variations]"
Add component (AddParameter): Name = "Value"; Value = "1k"; VariantName = "[No Variations]"
Added Component: Designator=R27(R_0603_1608Metric)
Add component (AddParameter): Name = "MF"; Value = "YAGEO"; VariantName = "[No Variations]"
Add component (AddParameter): Name = "MP"; Value = "RC0603JR-071KL"; VariantName = "[No Variations]"
Add component (AddParameter): Name = "Package"; Value = "R_0603"; VariantName = "[No Variations]"
Add component (AddParameter): Name = "Value"; Value = "1k"; VariantName = "[No Variations]"
Added Component: Designator=R28(R_0603_1608Metric)
Add component (AddParameter): Name = "MF"; Value = "YAGEO"; VariantName = "[No Variations]"
Add component (AddParameter): Name = "MP"; Value = "RC0603JR-071KL"; VariantName = "[No Variations]"
Add component (AddParameter): Name = "Package"; Value = "R_0603"; VariantName = "[No Variations]"
Add component (AddParameter): Name = "Value"; Value = "1k"; VariantName = "[No Variations]"
Added Component: Designator=R29(R_0603_1608Metric)
Add component (AddParameter): Name = "MF"; Value = "YAGEO"; VariantName = "[No Variations]"
Add component (AddParameter): Name = "MP"; Value = "RC0603JR-071KL"; VariantName = "[No Variations]"
Add component (AddParameter): Name = "Package"; Value = "R_0603"; VariantName = "[No Variations]"
Add component (AddParameter): Name = "Value"; Value = "1k"; VariantName = "[No Variations]"
Added Component: Designator=R30(R_0603_1608Metric)
Add component (AddParameter): Name = "MF"; Value = "YAGEO"; VariantName = "[No Variations]"
Add component (AddParameter): Name = "MP"; Value = "RC0603JR-071KL"; VariantName = "[No Variations]"
Add component (AddParameter): Name = "Package"; Value = "R_0603"; VariantName = "[No Variations]"
Add component (AddParameter): Name = "Value"; Value = "1k"; VariantName = "[No Variations]"
Added Component: Designator=R31(R_0603_1608Metric)
Add component (AddParameter): Name = "MF"; Value = "YAGEO"; VariantName = "[No Variations]"
Add component (AddParameter): Name = "MP"; Value = "RC0603JR-071KL"; VariantName = "[No Variations]"
Add component (AddParameter): Name = "Package"; Value = "R_0603"; VariantName = "[No Variations]"
Add component (AddParameter): Name = "Value"; Value = "1k"; VariantName = "[No Variations]"
Added Component: Designator=R37(R_0603_1608Metric)
Add component (AddParameter): Name = "MF"; Value = "YAGEO"; VariantName = "[No Variations]"
Add component (AddParameter): Name = "MP"; Value = "RC0603JR-071KL"; VariantName = "[No Variations]"
Add component (AddParameter): Name = "Package"; Value = "R_0603"; VariantName = "[No Variations]"
Add component (AddParameter): Name = "Value"; Value = "1k"; VariantName = "[No Variations]"
Added Component: Designator=U4(TSSOP-16_4.4x5mm_P0.65mm)
Add component (AddParameter): Name = "MF"; Value = "Nexperia"; VariantName = "[No Variations]"
Add component (AddParameter): Name = "MP"; Value = "74HC595PW,118"; VariantName = "[No Variations]"
Add component (AddParameter): Name = "Package"; Value = "TSSOP-16"; VariantName = "[No Variations]"
Add component (AddParameter): Name = "Value"; Value = "74HC595PW,118"; VariantName = "[No Variations]"
Added Pin To Net: NetName=+3V3 Pin=C32-1
Added Pin To Net: NetName=GND Pin=C32-2
Added Pin To Net: NetName=GND Pin=D20-1
Added Pin To Net: NetName=GND Pin=D21-1
Added Pin To Net: NetName=GND Pin=D22-1
Added Pin To Net: NetName=GND Pin=D23-1
Added Pin To Net: NetName=GND Pin=D24-1
Added Pin To Net: NetName=GND Pin=D25-1
Added Pin To Net: NetName=GND Pin=D26-1
Added Pin To Net: NetName=GND Pin=D27-1
Added Pin To Net: NetName=GND Pin=U4-8
Added Pin To Net: NetName=+3V3 Pin=U4-10
Added Pin To Net: NetName=ShiftRegCLK Pin=U4-11
Added Pin To Net: NetName=ShiftReg_Latch Pin=U4-12
Added Pin To Net: NetName=ShiftReg_{\O\E\}\ Pin=U4-13
Added Pin To Net: NetName=+3V3 Pin=U4-16
Added Pin To Net: NetName=Led_Shift_O\E\ Pin=U2-13
Added Pin To Net: NetName=Led_Shift_O\E\ Pin=IC1-20
Added Net: Name=Led_Shift_O\E\
Added Pin To Net: NetName=Led_ShiftReg_Latch Pin=U2-12
Added Pin To Net: NetName=Led_ShiftReg_Latch Pin=IC1-21
Added Net: Name=Led_ShiftReg_Latch
Added Pin To Net: NetName=Led_ShiftRegCLK Pin=U2-11
Added Pin To Net: NetName=Led_ShiftRegCLK Pin=IC1-22
Added Net: Name=Led_ShiftRegCLK
Added Pin To Net: NetName=NetD20_2 Pin=D20-2
Added Pin To Net: NetName=NetD20_2 Pin=R24-2
Added Net: Name=NetD20_2
Added Pin To Net: NetName=NetD21_2 Pin=D21-2
Added Pin To Net: NetName=NetD21_2 Pin=R25-2
Added Net: Name=NetD21_2
Added Pin To Net: NetName=NetD22_2 Pin=D22-2
Added Pin To Net: NetName=NetD22_2 Pin=R27-2
Added Net: Name=NetD22_2
Added Pin To Net: NetName=NetD23_2 Pin=D23-2
Added Pin To Net: NetName=NetD23_2 Pin=R28-2
Added Net: Name=NetD23_2
Added Pin To Net: NetName=NetD24_2 Pin=D24-2
Added Pin To Net: NetName=NetD24_2 Pin=R29-2
Added Net: Name=NetD24_2
Added Pin To Net: NetName=NetD25_2 Pin=D25-2
Added Pin To Net: NetName=NetD25_2 Pin=R30-2
Added Net: Name=NetD25_2
Added Pin To Net: NetName=NetD26_2 Pin=D26-2
Added Pin To Net: NetName=NetD26_2 Pin=R31-2
Added Net: Name=NetD26_2
Added Pin To Net: NetName=NetD27_2 Pin=D27-2
Added Pin To Net: NetName=NetD27_2 Pin=R37-2
Added Net: Name=NetD27_2
Added Pin To Net: NetName=NetR24_1 Pin=R24-1
Added Pin To Net: NetName=NetR24_1 Pin=U4-15
Added Net: Name=NetR24_1
Added Pin To Net: NetName=NetR25_1 Pin=R25-1
Added Pin To Net: NetName=NetR25_1 Pin=U4-1
Added Net: Name=NetR25_1
Added Pin To Net: NetName=NetR27_1 Pin=R27-1
Added Pin To Net: NetName=NetR27_1 Pin=U4-2
Added Net: Name=NetR27_1
Added Pin To Net: NetName=NetR28_1 Pin=R28-1
Added Pin To Net: NetName=NetR28_1 Pin=U4-3
Added Net: Name=NetR28_1
Added Pin To Net: NetName=NetR29_1 Pin=R29-1
Added Pin To Net: NetName=NetR29_1 Pin=U4-4
Added Net: Name=NetR29_1
Added Pin To Net: NetName=NetR30_1 Pin=R30-1
Added Pin To Net: NetName=NetR30_1 Pin=U4-5
Added Net: Name=NetR30_1
Added Pin To Net: NetName=NetR31_1 Pin=R31-1
Added Pin To Net: NetName=NetR31_1 Pin=U4-6
Added Net: Name=NetR31_1
Added Pin To Net: NetName=NetR37_1 Pin=R37-1
Added Pin To Net: NetName=NetR37_1 Pin=U4-7
Added Net: Name=NetR37_1
Added Pin To Net: NetName=NetU3_9 Pin=U3-9
Added Pin To Net: NetName=NetU3_9 Pin=U4-14
Added Net: Name=NetU3_9
Added Member To Class: ClassName=UI_BUTTON_LED Member=Component C32 100nF
Added Member To Class: ClassName=UI_BUTTON_LED Member=Component D20 LED
Added Member To Class: ClassName=UI_BUTTON_LED Member=Component D21 LED
Added Member To Class: ClassName=UI_BUTTON_LED Member=Component D22 LED
Added Member To Class: ClassName=UI_BUTTON_LED Member=Component D23 LED
Added Member To Class: ClassName=UI_BUTTON_LED Member=Component D24 LED
Added Member To Class: ClassName=UI_BUTTON_LED Member=Component D25 LED
Added Member To Class: ClassName=UI_BUTTON_LED Member=Component D26 LED
Added Member To Class: ClassName=UI_BUTTON_LED Member=Component D27 LED
Added Member To Class: ClassName=UI_BUTTON_LED Member=Component R24 1k
Added Member To Class: ClassName=UI_BUTTON_LED Member=Component R25 1k
Added Member To Class: ClassName=UI_BUTTON_LED Member=Component R27 1k
Added Member To Class: ClassName=UI_BUTTON_LED Member=Component R28 1k
Added Member To Class: ClassName=UI_BUTTON_LED Member=Component R29 1k
Added Member To Class: ClassName=UI_BUTTON_LED Member=Component R30 1k
Added Member To Class: ClassName=UI_BUTTON_LED Member=Component R31 1k
Added Member To Class: ClassName=UI_BUTTON_LED Member=Component R37 1k
Added Member To Class: ClassName=UI_BUTTON_LED Member=Component U4 74HC595PW,118
