Removed Parameter OZD:2N7002ET1G from Part Q3
Removed Parameter OZD:2N7002ET1G from Part Q4
Removed Parameter OZD:2N7002ET1G from Part Q18
Removed Parameter OZD:2N7002ET1G from Part Q19
Removed Parameter OZD:2N7002ET1G from Part Q20
Removed Parameter OZD:2N7002ET1G from Part Q21
Removed Parameter OZD:2N7002ET1G from Part Q22
Removed Parameter OZD:2N7002ET1G from Part Q23
Removed Parameter OZD:2N7002ET1G from Part Q24
Removed Parameter OZD:2N7002ET1G from Part Q25
Removed Parameter OZD:2N7002ET1G from Part Q26
Removed Parameter OZD:2N7002ET1G from Part Q27
Removed Parameter OZD:2N7002ET1G from Part Q28
Removed Parameter OZD:2N7002ET1G from Part Q29
Removed Parameter OZD:2N7002ET1G from Part Q30
Removed Parameter OZD:2N7002ET1G from Part Q31
Removed Parameter OZD:RC0603JR-071KL from Part R33
Removed Parameter OZD:RC0603JR-071KL from Part R34
Removed Parameter OZD:RC0603JR-071KL from Part R56
Removed Parameter OZD:RC0603JR-071KL from Part R57
Removed Parameter OZD:RC0603JR-071KL from Part R60
Removed Parameter OZD:RC0603JR-071KL from Part R61
Removed Parameter OZD:RC0603JR-071KL from Part R64
Removed Parameter OZD:RC0603JR-071KL from Part R65
Removed Parameter OZD:RC0603JR-071KL from Part R68
Removed Parameter OZD:RC0603JR-071KL from Part R69
Removed Parameter OZD:RC0603JR-071KL from Part R72
Removed Parameter OZD:RC0603JR-071KL from Part R73
Removed Parameter OZD:RC0603JR-071KL from Part R76
Removed Parameter OZD:RC0603JR-071KL from Part R77
Removed Parameter OZD:RC0603JR-071KL from Part R80
Removed Parameter OZD:RC0603JR-071KL from Part R81
Removed Parameter OZD:RT314F12 from Part R1
Removed Parameter OZD:RT314F12 from Part R2
Removed Parameter OZD:RT314F12 from Part R3
Removed Parameter OZD:RT314F12 from Part R4
Removed Parameter OZD:RT314F12 from Part R5
Removed Parameter OZD:RT314F12 from Part R6
Removed Parameter OZD:RT314F12 from Part R7
Removed Parameter OZD:RT314F12 from Part R8
Change Value of Parameter Manufacturer in Part C6 Old=MF New=Manufacturer
Change Value of Parameter Manufacturer Part Number in Part C6 Old=MP New=Manufacturer Part Number
Change Value of Parameter Manufacturer in Part C7 Old=MF New=Manufacturer
Change Value of Parameter Manufacturer Part Number in Part C7 Old=MP New=Manufacturer Part Number
Change Value of Parameter Manufacturer in Part C12 Old=MF New=Manufacturer
Change Value of Parameter Manufacturer Part Number in Part C12 Old=MP New=Manufacturer Part Number
Change Value of Parameter Manufacturer in Part C13 Old=MF New=Manufacturer
Change Value of Parameter Manufacturer Part Number in Part C13 Old=MP New=Manufacturer Part Number
Change Value of Parameter Manufacturer in Part C14 Old=MF New=Manufacturer
Change Value of Parameter Manufacturer Part Number in Part C14 Old=MP New=Manufacturer Part Number
Change Value of Parameter Manufacturer in Part C15 Old=MF New=Manufacturer
Change Value of Parameter Manufacturer Part Number in Part C15 Old=MP New=Manufacturer Part Number
Change Value of Parameter Manufacturer in Part C16 Old=MF New=Manufacturer
Change Value of Parameter Manufacturer Part Number in Part C16 Old=MP New=Manufacturer Part Number
Change Value of Parameter Manufacturer in Part C17 Old=MF New=Manufacturer
Change Value of Parameter Manufacturer Part Number in Part C17 Old=MP New=Manufacturer Part Number
Change Value of Parameter Manufacturer in Part C18 Old=MF New=Manufacturer
Change Value of Parameter Manufacturer Part Number in Part C18 Old=MP New=Manufacturer Part Number
Change Value of Parameter Manufacturer in Part C19 Old=MF New=Manufacturer
Change Value of Parameter Manufacturer Part Number in Part C19 Old=MP New=Manufacturer Part Number
Change Value of Parameter Manufacturer in Part C20 Old=MF New=Manufacturer
Change Value of Parameter Manufacturer Part Number in Part C20 Old=MP New=Manufacturer Part Number
Change Value of Parameter Manufacturer in Part C21 Old=MF New=Manufacturer
Change Value of Parameter Manufacturer Part Number in Part C21 Old=MP New=Manufacturer Part Number
Change Value of Parameter Manufacturer in Part C22 Old=MF New=Manufacturer
Change Value of Parameter Manufacturer Part Number in Part C22 Old=MP New=Manufacturer Part Number
Change Value of Parameter Manufacturer in Part C23 Old=MF New=Manufacturer
Change Value of Parameter Manufacturer Part Number in Part C23 Old=MP New=Manufacturer Part Number
Change Value of Parameter Manufacturer in Part C24 Old=MF New=Manufacturer
Change Value of Parameter Manufacturer Part Number in Part C24 Old=MP New=Manufacturer Part Number
Change Value of Parameter Manufacturer in Part C25 Old=MF New=Manufacturer
Change Value of Parameter Manufacturer Part Number in Part C25 Old=MP New=Manufacturer Part Number
Change Value of Parameter Manufacturer in Part Q3 Old=MF New=Manufacturer
Change Value of Parameter Manufacturer Part Number in Part Q3 Old=MP New=Manufacturer Part Number
Change Value of Parameter Manufacturer in Part Q4 Old=MF New=Manufacturer
Change Value of Parameter Manufacturer Part Number in Part Q4 Old=MP New=Manufacturer Part Number
Change Value of Parameter Manufacturer in Part Q18 Old=MF New=Manufacturer
Change Value of Parameter Manufacturer Part Number in Part Q18 Old=MP New=Manufacturer Part Number
Change Value of Parameter Manufacturer in Part Q19 Old=MF New=Manufacturer
Change Value of Parameter Manufacturer Part Number in Part Q19 Old=MP New=Manufacturer Part Number
Change Value of Parameter Manufacturer in Part Q20 Old=MF New=Manufacturer
Change Value of Parameter Manufacturer Part Number in Part Q20 Old=MP New=Manufacturer Part Number
Change Value of Parameter Manufacturer in Part Q21 Old=MF New=Manufacturer
Change Value of Parameter Manufacturer Part Number in Part Q21 Old=MP New=Manufacturer Part Number
Change Value of Parameter Manufacturer in Part Q22 Old=MF New=Manufacturer
Change Value of Parameter Manufacturer Part Number in Part Q22 Old=MP New=Manufacturer Part Number
Change Value of Parameter Manufacturer in Part Q23 Old=MF New=Manufacturer
Change Value of Parameter Manufacturer Part Number in Part Q23 Old=MP New=Manufacturer Part Number
Change Value of Parameter Manufacturer in Part Q24 Old=MF New=Manufacturer
Change Value of Parameter Manufacturer Part Number in Part Q24 Old=MP New=Manufacturer Part Number
Change Value of Parameter Manufacturer in Part Q25 Old=MF New=Manufacturer
Change Value of Parameter Manufacturer Part Number in Part Q25 Old=MP New=Manufacturer Part Number
Change Value of Parameter Manufacturer in Part Q26 Old=MF New=Manufacturer
Change Value of Parameter Manufacturer Part Number in Part Q26 Old=MP New=Manufacturer Part Number
Change Value of Parameter Manufacturer in Part Q27 Old=MF New=Manufacturer
Change Value of Parameter Manufacturer Part Number in Part Q27 Old=MP New=Manufacturer Part Number
Change Value of Parameter Manufacturer in Part Q28 Old=MF New=Manufacturer
Change Value of Parameter Manufacturer Part Number in Part Q28 Old=MP New=Manufacturer Part Number
Change Value of Parameter Manufacturer in Part Q29 Old=MF New=Manufacturer
Change Value of Parameter Manufacturer Part Number in Part Q29 Old=MP New=Manufacturer Part Number
Change Value of Parameter Manufacturer in Part Q30 Old=MF New=Manufacturer
Change Value of Parameter Manufacturer Part Number in Part Q30 Old=MP New=Manufacturer Part Number
Change Value of Parameter Manufacturer in Part Q31 Old=MF New=Manufacturer
Change Value of Parameter Manufacturer Part Number in Part Q31 Old=MP New=Manufacturer Part Number
Change Value of Parameter Manufacturer in Part R1 Old=MF New=Manufacturer
Change Value of Parameter Manufacturer Part Number in Part R1 Old=MP New=Manufacturer Part Number
Change Value of Parameter Manufacturer in Part R2 Old=MF New=Manufacturer
Change Value of Parameter Manufacturer Part Number in Part R2 Old=MP New=Manufacturer Part Number
Change Value of Parameter Manufacturer in Part R3 Old=MF New=Manufacturer
Change Value of Parameter Manufacturer Part Number in Part R3 Old=MP New=Manufacturer Part Number
Change Value of Parameter Manufacturer in Part R4 Old=MF New=Manufacturer
Change Value of Parameter Manufacturer Part Number in Part R4 Old=MP New=Manufacturer Part Number
Change Value of Parameter Manufacturer in Part R5 Old=MF New=Manufacturer
Change Value of Parameter Manufacturer Part Number in Part R5 Old=MP New=Manufacturer Part Number
Change Value of Parameter Manufacturer in Part R6 Old=MF New=Manufacturer
Change Value of Parameter Manufacturer Part Number in Part R6 Old=MP New=Manufacturer Part Number
Change Value of Parameter Manufacturer in Part R7 Old=MF New=Manufacturer
Change Value of Parameter Manufacturer Part Number in Part R7 Old=MP New=Manufacturer Part Number
Change Value of Parameter Manufacturer in Part R8 Old=MF New=Manufacturer
Change Value of Parameter Manufacturer Part Number in Part R8 Old=MP New=Manufacturer Part Number
Change Value of Parameter Manufacturer in Part R32 Old=MF New=Manufacturer
Change Value of Parameter Manufacturer Part Number in Part R32 Old=MP New=Manufacturer Part Number
Change Value of Parameter Manufacturer in Part R33 Old=MF New=Manufacturer
Change Value of Parameter Manufacturer Part Number in Part R33 Old=MP New=Manufacturer Part Number
Change Value of Parameter Manufacturer in Part R34 Old=MF New=Manufacturer
Change Value of Parameter Manufacturer Part Number in Part R34 Old=MP New=Manufacturer Part Number
Change Value of Parameter Manufacturer in Part R35 Old=MF New=Manufacturer
Change Value of Parameter Manufacturer Part Number in Part R35 Old=MP New=Manufacturer Part Number
Change Value of Parameter Manufacturer in Part R56 Old=MF New=Manufacturer
Change Value of Parameter Manufacturer Part Number in Part R56 Old=MP New=Manufacturer Part Number
Change Value of Parameter Manufacturer in Part R57 Old=MF New=Manufacturer
Change Value of Parameter Manufacturer Part Number in Part R57 Old=MP New=Manufacturer Part Number
Change Value of Parameter Manufacturer in Part R58 Old=MF New=Manufacturer
Change Value of Parameter Manufacturer Part Number in Part R58 Old=MP New=Manufacturer Part Number
Change Value of Parameter Manufacturer in Part R59 Old=MF New=Manufacturer
Change Value of Parameter Manufacturer Part Number in Part R59 Old=MP New=Manufacturer Part Number
Change Value of Parameter Manufacturer in Part R60 Old=MF New=Manufacturer
Change Value of Parameter Manufacturer Part Number in Part R60 Old=MP New=Manufacturer Part Number
Change Value of Parameter Manufacturer in Part R61 Old=MF New=Manufacturer
Change Value of Parameter Manufacturer Part Number in Part R61 Old=MP New=Manufacturer Part Number
Change Value of Parameter Manufacturer in Part R62 Old=MF New=Manufacturer
Change Value of Parameter Manufacturer Part Number in Part R62 Old=MP New=Manufacturer Part Number
Change Value of Parameter Manufacturer in Part R63 Old=MF New=Manufacturer
Change Value of Parameter Manufacturer Part Number in Part R63 Old=MP New=Manufacturer Part Number
Change Value of Parameter Manufacturer in Part R64 Old=MF New=Manufacturer
Change Value of Parameter Manufacturer Part Number in Part R64 Old=MP New=Manufacturer Part Number
Change Value of Parameter Manufacturer in Part R65 Old=MF New=Manufacturer
Change Value of Parameter Manufacturer Part Number in Part R65 Old=MP New=Manufacturer Part Number
Change Value of Parameter Manufacturer in Part R66 Old=MF New=Manufacturer
Change Value of Parameter Manufacturer Part Number in Part R66 Old=MP New=Manufacturer Part Number
Change Value of Parameter Manufacturer in Part R67 Old=MF New=Manufacturer
Change Value of Parameter Manufacturer Part Number in Part R67 Old=MP New=Manufacturer Part Number
Change Value of Parameter Manufacturer in Part R68 Old=MF New=Manufacturer
Change Value of Parameter Manufacturer Part Number in Part R68 Old=MP New=Manufacturer Part Number
Change Value of Parameter Manufacturer in Part R69 Old=MF New=Manufacturer
Change Value of Parameter Manufacturer Part Number in Part R69 Old=MP New=Manufacturer Part Number
Change Value of Parameter Manufacturer in Part R70 Old=MF New=Manufacturer
Change Value of Parameter Manufacturer Part Number in Part R70 Old=MP New=Manufacturer Part Number
Change Value of Parameter Manufacturer in Part R71 Old=MF New=Manufacturer
Change Value of Parameter Manufacturer Part Number in Part R71 Old=MP New=Manufacturer Part Number
Change Value of Parameter Manufacturer in Part R72 Old=MF New=Manufacturer
Change Value of Parameter Manufacturer Part Number in Part R72 Old=MP New=Manufacturer Part Number
Change Value of Parameter Manufacturer in Part R73 Old=MF New=Manufacturer
Change Value of Parameter Manufacturer Part Number in Part R73 Old=MP New=Manufacturer Part Number
Change Value of Parameter Manufacturer in Part R74 Old=MF New=Manufacturer
Change Value of Parameter Manufacturer Part Number in Part R74 Old=MP New=Manufacturer Part Number
Change Value of Parameter Manufacturer in Part R75 Old=MF New=Manufacturer
Change Value of Parameter Manufacturer Part Number in Part R75 Old=MP New=Manufacturer Part Number
Change Value of Parameter Manufacturer in Part R76 Old=MF New=Manufacturer
Change Value of Parameter Manufacturer Part Number in Part R76 Old=MP New=Manufacturer Part Number
Change Value of Parameter Manufacturer in Part R77 Old=MF New=Manufacturer
Change Value of Parameter Manufacturer Part Number in Part R77 Old=MP New=Manufacturer Part Number
Change Value of Parameter Manufacturer in Part R78 Old=MF New=Manufacturer
Change Value of Parameter Manufacturer Part Number in Part R78 Old=MP New=Manufacturer Part Number
Change Value of Parameter Manufacturer in Part R79 Old=MF New=Manufacturer
Change Value of Parameter Manufacturer Part Number in Part R79 Old=MP New=Manufacturer Part Number
Change Value of Parameter Manufacturer in Part R80 Old=MF New=Manufacturer
Change Value of Parameter Manufacturer Part Number in Part R80 Old=MP New=Manufacturer Part Number
Change Value of Parameter Manufacturer in Part R81 Old=MF New=Manufacturer
Change Value of Parameter Manufacturer Part Number in Part R81 Old=MP New=Manufacturer Part Number
Change Value of Parameter Manufacturer in Part R82 Old=MF New=Manufacturer
Change Value of Parameter Manufacturer Part Number in Part R82 Old=MP New=Manufacturer Part Number
Change Value of Parameter Manufacturer in Part R83 Old=MF New=Manufacturer
Change Value of Parameter Manufacturer Part Number in Part R83 Old=MP New=Manufacturer Part Number
