Change Component Designator: Old Designator=5V2 New Designator=1
Change Component Designator: Old Designator=C11 New Designator=C38
Change Component Designator: Old Designator=C12 New Designator=C39
Change Component Designator: Old Designator=C13 New Designator=C40
Change Component Designator: Old Designator=C14 New Designator=C41
Change Component Designator: Old Designator=C15 New Designator=C42
Change Component Designator: Old Designator=C16 New Designator=C43
Change Component Designator: Old Designator=C17 New Designator=C44
Change Component Designator: Old Designator=C18 New Designator=C45
Change Component Designator: Old Designator=C19 New Designator=C47
Change Component Designator: Old Designator=C20 New Designator=C48
Change Component Designator: Old Designator=C21 New Designator=C49
Change Component Designator: Old Designator=C22 New Designator=C50
Change Component Designator: Old Designator=C23 New Designator=C51
Change Component Designator: Old Designator=C41 New Designator=C46
Change Component Designator: Old Designator=D7 New Designator=D19
Change Component Designator: Old Designator=D8 New Designator=D20
Change Component Designator: Old Designator=D9 New Designator=D22
Change Component Designator: Old Designator=D10 New Designator=D21
Change Component Designator: Old Designator=D12 New Designator=D23
Change Component Designator: Old Designator=D13 New Designator=D24
Change Component Designator: Old Designator=D14 New Designator=D25
Change Component Designator: Old Designator=R31 New Designator=R87
Change Component Designator: Old Designator=R33 New Designator=R88
Change Component Designator: Old Designator=R34 New Designator=R89
Change Component Designator: Old Designator=R35 New Designator=R90
Change Component Designator: Old Designator=R36 New Designator=R91
Change Component Designator: Old Designator=R37 New Designator=R92
Change Component Designator: Old Designator=R38 New Designator=R93
Change Component Designator: Old Designator=R39 New Designator=R94
Change Component Designator: Old Designator=R40 New Designator=R95
Change Component Designator: Old Designator=R41 New Designator=R96
Change Component Designator: Old Designator=R42 New Designator=R97
Change Component Designator: Old Designator=R43 New Designator=R98
Change Component Designator: Old Designator=U5 New Designator=U10
Change Component Designator: Old Designator=U9 New Designator=U11
Change Component Designator: Old Designator=U10 New Designator=U12
Change Component Designator: Old Designator=VREF New Designator=VREF1
