Change Component Designator: Old Designator=3V3 New Designator=3
Change Component Designator: Old Designator=5V New Designator=2
Change Component Designator: Old Designator=BAT1 New Designator=BAT2
Change Component Designator: Old Designator=C26 New Designator=C57
Change Component Designator: Old Designator=C27 New Designator=C58
Change Component Designator: Old Designator=C28 New Designator=C59
Change Component Designator: Old Designator=C29 New Designator=C60
Change Component Designator: Old Designator=C30 New Designator=C61
Change Component Designator: Old Designator=C42 New Designator=C52
Change Component Designator: Old Designator=C43 New Designator=C53
Change Component Designator: Old Designator=C44 New Designator=C54
Change Component Designator: Old Designator=C45 New Designator=C56
Change Component Designator: Old Designator=C51 New Designator=C55
Change Component Designator: Old Designator=D5 New Designator=D26
Change Component Designator: Old Designator=D6 New Designator=D27
Change Component Designator: Old Designator=D15 New Designator=D28
Change Component Designator: Old Designator=D16 New Designator=D29
Change Component Designator: Old Designator=J2 New Designator=J8
Change Component Designator: Old Designator=R3 New Designator=R101
Change Component Designator: Old Designator=R11 New Designator=R99
Change Component Designator: Old Designator=R15 New Designator=R100
Change Component Designator: Old Designator=R16 New Designator=R102
Change Component Designator: Old Designator=R17 New Designator=R103
Change Component Designator: Old Designator=R44 New Designator=R104
Change Component Designator: Old Designator=R45 New Designator=R105
Change Component Designator: Old Designator=R46 New Designator=R106
Change Component Designator: Old Designator=R47 New Designator=R107
Change Component Designator: Old Designator=R48 New Designator=R108
Change Component Designator: Old Designator=R49 New Designator=R109
Change Component Designator: Old Designator=R50 New Designator=R110
Change Component Designator: Old Designator=S.CAP New Designator=S.CAP1
Change Component Designator: Old Designator=SW2 New Designator=SW3
Change Component Designator: Old Designator=U3 New Designator=U15
Change Component Designator: Old Designator=U11 New Designator=U16
Change Component Designator: Old Designator=U12 New Designator=U17
