Change Component Designator: Old Designator=5V1 New Designator=4
Change Component Designator: Old Designator=C47 New Designator=C62
Change Component Designator: Old Designator=C49 New Designator=C63
Change Component Designator: Old Designator=C50 New Designator=C64
Change Component Designator: Old Designator=C52 New Designator=C65
Change Component Designator: Old Designator=C53 New Designator=C66
Change Component Designator: Old Designator=C54 New Designator=C67
Change Component Designator: Old Designator=C55 New Designator=C68
Change Component Designator: Old Designator=C56 New Designator=C69
Change Component Designator: Old Designator=C57 New Designator=C70
Change Component Designator: Old Designator=C58 New Designator=C71
Change Component Designator: Old Designator=C61 New Designator=C72
Change Component Designator: Old Designator=C62 New Designator=C73
Change Component Designator: Old Designator=C63 New Designator=C74
Change Component Designator: Old Designator=C64 New Designator=C75
Change Component Designator: Old Designator=C65 New Designator=C76
Change Component Designator: Old Designator=C66 New Designator=C77
Change Component Designator: Old Designator=C67 New Designator=C78
Change Component Designator: Old Designator=C68 New Designator=C79
Change Component Designator: Old Designator=C69 New Designator=C80
Change Component Designator: Old Designator=D33 New Designator=D31
Change Component Designator: Old Designator=R22 New Designator=R112
Change Component Designator: Old Designator=R23 New Designator=R113
Change Component Designator: Old Designator=R26 New Designator=R114
Change Component Designator: Old Designator=R27 New Designator=R115
Change Component Designator: Old Designator=R32 New Designator=R116
Change Component Designator: Old Designator=R71 New Designator=R121
Change Component Designator: Old Designator=R72 New Designator=R122
Change Component Designator: Old Designator=R73 New Designator=R117
Change Component Designator: Old Designator=R74 New Designator=R118
Change Component Designator: Old Designator=R76 New Designator=R119
Change Component Designator: Old Designator=R77 New Designator=R120
Change Component Designator: Old Designator=R123 New Designator=R111
Change Component Designator: Old Designator=SW1 New Designator=SW4
Change Component Designator: Old Designator=U15 New Designator=U18
Change Component Designator: Old Designator=U16 New Designator=U19
