Change Component Designator: Old Designator=AC_POWER New Designator=AC_POWER1
Change Component Designator: Old Designator=BAT2 New Designator=BAT1
Change Component Designator: Old Designator=BATT New Designator=BATT1
Change Component Designator: Old Designator=C3 New Designator=C10
Change Component Designator: Old Designator=C4 New Designator=C11
Change Component Designator: Old Designator=C5 New Designator=C12
Change Component Designator: Old Designator=C6 New Designator=C13
Change Component Designator: Old Designator=C7 New Designator=C18
Change Component Designator: Old Designator=C8 New Designator=C19
Change Component Designator: Old Designator=C9 New Designator=C20
Change Component Designator: Old Designator=C10 New Designator=C21
Change Component Designator: Old Designator=C24 New Designator=C15
Change Component Designator: Old Designator=C25 New Designator=C16
Change Component Designator: Old Designator=C39 New Designator=C9
Change Component Designator: Old Designator=C40 New Designator=C14
Change Component Designator: Old Designator=C48 New Designator=C17
Change Component Designator: Old Designator=DC_POWER New Designator=DC_POWER1
Change Component Designator: Old Designator=J5 New Designator=J6
Change Component Designator: Old Designator=J10 New Designator=J7
Change Component Designator: Old Designator=Q2 New Designator=Q1
Change Component Designator: Old Designator=R5 New Designator=R26
Change Component Designator: Old Designator=R6 New Designator=R27
Change Component Designator: Old Designator=R7 New Designator=R20
Change Component Designator: Old Designator=R8 New Designator=R21
Change Component Designator: Old Designator=R13 New Designator=R25
Change Component Designator: Old Designator=R14 New Designator=R28
Change Component Designator: Old Designator=R18 New Designator=R30
Change Component Designator: Old Designator=R19 New Designator=R33
Change Component Designator: Old Designator=R20 New Designator=R23
Change Component Designator: Old Designator=R21 New Designator=R22
Change Component Designator: Old Designator=R25 New Designator=R31
Change Component Designator: Old Designator=R28 New Designator=R40
Change Component Designator: Old Designator=R29 New Designator=R41
Change Component Designator: Old Designator=R30 New Designator=R42
Change Component Designator: Old Designator=R75 New Designator=R29
Change Component Designator: Old Designator=R78 New Designator=R32
Change Component Designator: Old Designator=R92 New Designator=R34
Change Component Designator: Old Designator=R100 New Designator=R38
Change Component Designator: Old Designator=R101 New Designator=R39
Change Component Designator: Old Designator=R124 New Designator=R36
Change Component Designator: Old Designator=R125 New Designator=R35
Change Component Designator: Old Designator=R126 New Designator=R37
Change Component Designator: Old Designator=SW3 New Designator=SW1
Change Component Designator: Old Designator=SW7 New Designator=SW2
Change Component Designator: Old Designator=TAMPER_SW New Designator=TAMPER_SW1
Change Component Designator: Old Designator=U21 New Designator=U5
