Change Component Designator: Old Designator=C31 New Designator=C22
Change Component Designator: Old Designator=C32 New Designator=C24
Change Component Designator: Old Designator=C33 New Designator=C26
Change Component Designator: Old Designator=C34 New Designator=C28
Change Component Designator: Old Designator=C35 New Designator=C30
Change Component Designator: Old Designator=C36 New Designator=C32
Change Component Designator: Old Designator=C37 New Designator=C34
Change Component Designator: Old Designator=C38 New Designator=C36
Change Component Designator: Old Designator=C97 New Designator=C23
Change Component Designator: Old Designator=C98 New Designator=C25
Change Component Designator: Old Designator=C99 New Designator=C27
Change Component Designator: Old Designator=C100 New Designator=C29
Change Component Designator: Old Designator=C101 New Designator=C31
Change Component Designator: Old Designator=C102 New Designator=C33
Change Component Designator: Old Designator=C103 New Designator=C35
Change Component Designator: Old Designator=C104 New Designator=C37
Change Component Designator: Old Designator=D17 New Designator=D9
Change Component Designator: Old Designator=D18 New Designator=D11
Change Component Designator: Old Designator=D19 New Designator=D13
Change Component Designator: Old Designator=D20 New Designator=D15
Change Component Designator: Old Designator=D21 New Designator=D17
Change Component Designator: Old Designator=D22 New Designator=D18
Change Component Designator: Old Designator=D27 New Designator=D10
Change Component Designator: Old Designator=D28 New Designator=D12
Change Component Designator: Old Designator=D31 New Designator=D14
Change Component Designator: Old Designator=D32 New Designator=D16
Change Component Designator: Old Designator=Q5 New Designator=Q2
Change Component Designator: Old Designator=Q6 New Designator=Q3
Change Component Designator: Old Designator=R51 New Designator=R43
Change Component Designator: Old Designator=R52 New Designator=R44
Change Component Designator: Old Designator=R53 New Designator=R49
Change Component Designator: Old Designator=R54 New Designator=R51
Change Component Designator: Old Designator=R55 New Designator=R53
Change Component Designator: Old Designator=R56 New Designator=R54
Change Component Designator: Old Designator=R57 New Designator=R59
Change Component Designator: Old Designator=R58 New Designator=R61
Change Component Designator: Old Designator=R59 New Designator=R63
Change Component Designator: Old Designator=R60 New Designator=R64
Change Component Designator: Old Designator=R61 New Designator=R69
Change Component Designator: Old Designator=R62 New Designator=R71
Change Component Designator: Old Designator=R63 New Designator=R74
Change Component Designator: Old Designator=R64 New Designator=R73
Change Component Designator: Old Designator=R65 New Designator=R79
Change Component Designator: Old Designator=R66 New Designator=R81
Change Component Designator: Old Designator=R67 New Designator=R83
Change Component Designator: Old Designator=R68 New Designator=R84
Change Component Designator: Old Designator=R69 New Designator=R85
Change Component Designator: Old Designator=R70 New Designator=R86
Change Component Designator: Old Designator=R93 New Designator=R45
Change Component Designator: Old Designator=R94 New Designator=R46
Change Component Designator: Old Designator=R95 New Designator=R47
Change Component Designator: Old Designator=R96 New Designator=R48
Change Component Designator: Old Designator=R97 New Designator=R50
Change Component Designator: Old Designator=R102 New Designator=R52
Change Component Designator: Old Designator=R103 New Designator=R55
Change Component Designator: Old Designator=R106 New Designator=R56
Change Component Designator: Old Designator=R107 New Designator=R57
Change Component Designator: Old Designator=R108 New Designator=R58
Change Component Designator: Old Designator=R109 New Designator=R60
Change Component Designator: Old Designator=R110 New Designator=R62
Change Component Designator: Old Designator=R111 New Designator=R65
Change Component Designator: Old Designator=R112 New Designator=R66
Change Component Designator: Old Designator=R113 New Designator=R67
Change Component Designator: Old Designator=R114 New Designator=R68
Change Component Designator: Old Designator=R115 New Designator=R70
Change Component Designator: Old Designator=R116 New Designator=R72
Change Component Designator: Old Designator=R117 New Designator=R75
Change Component Designator: Old Designator=R118 New Designator=R76
Change Component Designator: Old Designator=R119 New Designator=R77
Change Component Designator: Old Designator=R120 New Designator=R78
Change Component Designator: Old Designator=R121 New Designator=R80
Change Component Designator: Old Designator=R122 New Designator=R82
Change Component Designator: Old Designator=U8 New Designator=U9
Change Component Designator: Old Designator=U8 New Designator=U9
Change Component Designator: Old Designator=U22 New Designator=U8
Change Component Designator: Old Designator=U22 New Designator=U8
Change Component Designator: Old Designator=U22 New Designator=U9
Change Component Designator: Old Designator=U22 New Designator=U9
