Change Component Designator: Old Designator=CN1 New Designator=CN3
Change Component Designator: Old Designator=CN2 New Designator=CN4
Change Component Designator: Old Designator=CN3 New Designator=CN5
Change Component Designator: Old Designator=CN4 New Designator=CN1
Change Component Designator: Old Designator=CN5 New Designator=CN2
Change Component Designator: Old Designator=D2 New Designator=D6
Change Component Designator: Old Designator=D3 New Designator=D5
Change Component Designator: Old Designator=D11 New Designator=D3
Change Component Designator: Old Designator=D25 New Designator=D4
Change Component Designator: Old Designator=D26 New Designator=D8
Change Component Designator: Old Designator=D29 New Designator=D7
Change Component Designator: Old Designator=J1 New Designator=J2
Change Component Designator: Old Designator=J6 New Designator=J5
Change Component Designator: Old Designator=J8 New Designator=J1
Change Component Designator: Old Designator=P1 New Designator=P2
Change Component Designator: Old Designator=P2 New Designator=P3
Change Component Designator: Old Designator=P8 New Designator=P1
Change Component Designator: Old Designator=R86 New Designator=R14
Change Component Designator: Old Designator=R87 New Designator=R15
Change Component Designator: Old Designator=R88 New Designator=R16
Change Component Designator: Old Designator=R89 New Designator=R17
Change Component Designator: Old Designator=R90 New Designator=R18
Change Component Designator: Old Designator=R91 New Designator=R19
