Change Component Designator: Old Designator=C98 New Designator=C1
Change Component Designator: Old Designator=C99 New Designator=C2
Change Component Designator: Old Designator=C100 New Designator=C3
Change Component Designator: Old Designator=C101 New Designator=C4
Change Component Designator: Old Designator=C102 New Designator=C5
Change Component Designator: Old Designator=C103 New Designator=C6
Change Component Designator: Old Designator=C104 New Designator=C7
Change Component Designator: Old Designator=C105 New Designator=C8
Change Component Designator: Old Designator=D32 New Designator=D1
Change Component Designator: Old Designator=D33 New Designator=D2
Change Component Designator: Old Designator=D34 New Designator=D3
Change Component Designator: Old Designator=D35 New Designator=D4
Change Component Designator: Old Designator=D36 New Designator=D5
Change Component Designator: Old Designator=D37 New Designator=D6
Change Component Designator: Old Designator=D38 New Designator=D7
Change Component Designator: Old Designator=D39 New Designator=D8
Change Component Designator: Old Designator=D40 New Designator=D9
Change Component Designator: Old Designator=D41 New Designator=D10
Change Component Designator: Old Designator=J9 New Designator=J1
Change Component Designator: Old Designator=J10 New Designator=J2
Change Component Designator: Old Designator=J11 New Designator=J3
Change Component Designator: Old Designator=Q4 New Designator=Q1
Change Component Designator: Old Designator=Q5 New Designator=Q2
Change Component Designator: Old Designator=R126 New Designator=R1
Change Component Designator: Old Designator=R127 New Designator=R2
Change Component Designator: Old Designator=R128 New Designator=R3
Change Component Designator: Old Designator=R129 New Designator=R4
Change Component Designator: Old Designator=R130 New Designator=R5
Change Component Designator: Old Designator=R131 New Designator=R6
Change Component Designator: Old Designator=R132 New Designator=R7
Change Component Designator: Old Designator=R133 New Designator=R8
Change Component Designator: Old Designator=R134 New Designator=R9
Change Component Designator: Old Designator=R135 New Designator=R10
Change Component Designator: Old Designator=R136 New Designator=R11
Change Component Designator: Old Designator=R137 New Designator=R12
Change Component Designator: Old Designator=R138 New Designator=R13
Change Component Designator: Old Designator=R139 New Designator=R14
Change Component Designator: Old Designator=SW5 New Designator=SW1
Change Component Designator: Old Designator=U23 New Designator=U1
Change Component Designator: Old Designator=U24 New Designator=U2
Change Component Designator: Old Designator=U25 New Designator=U3
