Change Component Designator: Old Designator=C80 New Designator=C104
Change Component Designator: Old Designator=C80 New Designator=C105
Change Component Designator: Old Designator=C92 New Designator=C98
Change Component Designator: Old Designator=C92 New Designator=C102
Change Component Designator: Old Designator=C93 New Designator=C99
Change Component Designator: Old Designator=C93 New Designator=C100
Change Component Designator: Old Designator=C93 New Designator=C101
Change Component Designator: Old Designator=C93 New Designator=C103
Change Component Designator: Old Designator=D11 New Designator=D36
Change Component Designator: Old Designator=D11 New Designator=D37
Change Component Designator: Old Designator=D30 New Designator=D32
Change Component Designator: Old Designator=D30 New Designator=D33
Change Component Designator: Old Designator=D30 New Designator=D34
Change Component Designator: Old Designator=D30 New Designator=D38
Change Component Designator: Old Designator=D30 New Designator=D39
Change Component Designator: Old Designator=D30 New Designator=D40
Change Component Designator: Old Designator=D? New Designator=D35
Change Component Designator: Old Designator=D? New Designator=D41
Change Component Designator: Old Designator=J? New Designator=J9
Change Component Designator: Old Designator=J? New Designator=J10
Change Component Designator: Old Designator=J? New Designator=J11
Change Component Designator: Old Designator=Q? New Designator=Q4
Change Component Designator: Old Designator=Q? New Designator=Q5
Change Component Designator: Old Designator=R35 New Designator=R129
Change Component Designator: Old Designator=R35 New Designator=R130
Change Component Designator: Old Designator=R68 New Designator=R139
Change Component Designator: Old Designator=R77 New Designator=R137
Change Component Designator: Old Designator=R90 New Designator=R138
Change Component Designator: Old Designator=R100 New Designator=R127
Change Component Designator: Old Designator=R100 New Designator=R128
Change Component Designator: Old Designator=R100 New Designator=R133
Change Component Designator: Old Designator=R100 New Designator=R134
Change Component Designator: Old Designator=R101 New Designator=R126
Change Component Designator: Old Designator=R101 New Designator=R131
Change Component Designator: Old Designator=R101 New Designator=R135
Change Component Designator: Old Designator=R101 New Designator=R136
Change Component Designator: Old Designator=R107 New Designator=R132
Change Component Designator: Old Designator=SW7 New Designator=SW5
Change Component Designator: Old Designator=U? New Designator=U23
Change Component Designator: Old Designator=U? New Designator=U24
Change Component Designator: Old Designator=U? New Designator=U25
