Removed Parameter Arrow Part Number:12401598E4#2A from Part J2
Removed Parameter Arrow Part Number:12401598E4#2A from Part J3
Removed Parameter Arrow Part Number: from Part D1
Removed Parameter Arrow Part Number: from Part D2
Removed Parameter Arrow Part Number: from Part D3
Removed Parameter Arrow Part Number: from Part D7
Removed Parameter Arrow Part Number: from Part D8
Removed Parameter Arrow Part Number: from Part D9
Removed Parameter Arrow Part Number: from Part J1
Removed Parameter Arrow Part Number: from Part SW1
Removed Parameter Arrow Part Number: from Part U1
Removed Parameter Arrow Part Number: from Part U2
Removed Parameter Arrow Part Number:CP2102N-A01-GQFN28 from Part U3
Removed Parameter Arrow Price/Stock: from Part D1
Removed Parameter Arrow Price/Stock: from Part D2
Removed Parameter Arrow Price/Stock: from Part D3
Removed Parameter Arrow Price/Stock: from Part D7
Removed Parameter Arrow Price/Stock: from Part D8
Removed Parameter Arrow Price/Stock: from Part D9
Removed Parameter Arrow Price/Stock: from Part J1
Removed Parameter Arrow Price/Stock: from Part SW1
Removed Parameter Arrow Price/Stock: from Part U1
Removed Parameter Arrow Price/Stock: from Part U2
Removed Parameter Arrow Price/Stock:https://www.arrow.com/en/products/12401598e42a/amphenol-fci?utm_currency=USD&region=nac from Part J2
Removed Parameter Arrow Price/Stock:https://www.arrow.com/en/products/12401598e42a/amphenol-fci?utm_currency=USD&region=nac from Part J3
Removed Parameter Arrow Price/Stock:https://www.arrow.com/en/products/cp2102n-a01-gqfn28/silicon-labs from Part U3
Removed Parameter Datasheet Link:http://www.farnell.com/datasheets/2245279.pdf from Part U3
Removed Parameter Datasheet Link:https://content.harwin.com/m/0df15f6e0f9f48e2/original/DRG-00479-Technical-Drawing-Datasheet-M20-999-pdf.pdf from Part J1
Removed Parameter Datasheet Link:https://datasheet.datasheetarchive.com/originals/distributors/Datasheets-28/DSA-550594.pdf from Part U1
Removed Parameter Datasheet Link:https://www.espressif.com/sites/default/files/documentation/esp32-c6-wroom-1_wroom-1u_datasheet_en.pdf from Part U2
Removed Parameter Datasheet Link:https://www.mouser.com/datasheet/2/80/ATV02W-HF_series_RevC-1480797.pdf from Part D1
Removed Parameter Datasheet Link:https://www.mouser.com/datasheet/2/80/ATV02W-HF_series_RevC-1480797.pdf from Part D2
Removed Parameter Datasheet Link:https://www.mouser.com/datasheet/2/80/ATV02W-HF_series_RevC-1480797.pdf from Part D3
Removed Parameter Datasheet Link:https://www.mouser.com/datasheet/2/80/ATV02W-HF_series_RevC-1480797.pdf from Part D7
Removed Parameter Datasheet Link:https://www.mouser.com/datasheet/2/80/ATV02W-HF_series_RevC-1480797.pdf from Part D8
Removed Parameter Datasheet Link:https://www.mouser.com/datasheet/2/80/ATV02W-HF_series_RevC-1480797.pdf from Part D9
Removed Parameter Datasheet Link:https://www.sameskydevices.com/product/resource/ts32.pdf from Part SW1
Removed Parameter Datasheet Link:www.bf-regelungstechnik.de from Part J2
Removed Parameter Datasheet Link:www.bf-regelungstechnik.de from Part J3
Removed Parameter Height:0.8mm from Part U3
Removed Parameter Height:1.3mm from Part D1
Removed Parameter Height:1.3mm from Part D2
Removed Parameter Height:1.3mm from Part D3
Removed Parameter Height:1.3mm from Part D7
Removed Parameter Height:1.3mm from Part D8
Removed Parameter Height:1.3mm from Part D9
Removed Parameter Height:1.8mm from Part U1
Removed Parameter Height:3.7mm from Part SW1
Removed Parameter Height:3.25mm from Part U2
Removed Parameter Height:3.43mm from Part J2
Removed Parameter Height:3.43mm from Part J3
Removed Parameter Height:8.64mm from Part J1
Removed Parameter Manufacturer_Name:Advanced from Part U1
Removed Parameter Manufacturer_Name:Amphenol from Part J2
Removed Parameter Manufacturer_Name:Amphenol from Part J3
Removed Parameter Manufacturer_Name:Comchip Technology from Part D1
Removed Parameter Manufacturer_Name:Comchip Technology from Part D2
Removed Parameter Manufacturer_Name:Comchip Technology from Part D3
Removed Parameter Manufacturer_Name:Comchip Technology from Part D7
Removed Parameter Manufacturer_Name:Comchip Technology from Part D8
Removed Parameter Manufacturer_Name:Comchip Technology from Part D9
Removed Parameter Manufacturer_Name:Espressif Systems from Part U2
Removed Parameter Manufacturer_Name:Harwin from Part J1
Removed Parameter Manufacturer_Name:Same Sky from Part SW1
Removed Parameter Manufacturer_Name:Silicon Labs from Part U3
Removed Parameter Manufacturer_Part_Number:12401598E4#2A from Part J2
Removed Parameter Manufacturer_Part_Number:12401598E4#2A from Part J3
Removed Parameter Manufacturer_Part_Number:AMS1117-3.3 from Part U1
Removed Parameter Manufacturer_Part_Number:ATV02W5V0B-HF from Part D1
Removed Parameter Manufacturer_Part_Number:ATV02W5V0B-HF from Part D2
Removed Parameter Manufacturer_Part_Number:ATV02W5V0B-HF from Part D3
Removed Parameter Manufacturer_Part_Number:ATV02W5V0B-HF from Part D7
Removed Parameter Manufacturer_Part_Number:ATV02W5V0B-HF from Part D8
Removed Parameter Manufacturer_Part_Number:ATV02W5V0B-HF from Part D9
Removed Parameter Manufacturer_Part_Number:CP2102N-A01-GQFN28 from Part U3
Removed Parameter Manufacturer_Part_Number:ESP32-C6-WROOM-1-N4 from Part U2
Removed Parameter Manufacturer_Part_Number:M20-9990546 from Part J1
Removed Parameter Manufacturer_Part_Number:TS32-7-35-BK-B-260-RA-SMT-TR from Part SW1
Removed Parameter Mouser Part Number:179-TS32735B260RASMT from Part SW1
Removed Parameter Mouser Part Number:356-ESP32C6WROOM1N4 from Part U2
Removed Parameter Mouser Part Number:523-12401598E4#2A from Part J2
Removed Parameter Mouser Part Number:523-12401598E4#2A from Part J3
Removed Parameter Mouser Part Number:634-CP2102NA01GQFN28 from Part U3
Removed Parameter Mouser Part Number:750-ATV02W5V0B-HF from Part D1
Removed Parameter Mouser Part Number:750-ATV02W5V0B-HF from Part D2
Removed Parameter Mouser Part Number:750-ATV02W5V0B-HF from Part D3
Removed Parameter Mouser Part Number:750-ATV02W5V0B-HF from Part D7
Removed Parameter Mouser Part Number:750-ATV02W5V0B-HF from Part D8
Removed Parameter Mouser Part Number:750-ATV02W5V0B-HF from Part D9
Removed Parameter Mouser Part Number:855-M20-9990546 from Part J1
Removed Parameter Mouser Part Number: from Part U1
Removed Parameter Mouser Price/Stock: from Part U1
Removed Parameter Mouser Price/Stock:https://www.mouser.co.uk/ProductDetail/Amphenol-Commercial-Products/12401598E42A?qs=367PjNmvCmllVMBVyIyS3w%3D%3D from Part J2
Removed Parameter Mouser Price/Stock:https://www.mouser.co.uk/ProductDetail/Amphenol-Commercial-Products/12401598E42A?qs=367PjNmvCmllVMBVyIyS3w%3D%3D from Part J3
Removed Parameter Mouser Price/Stock:https://www.mouser.co.uk/ProductDetail/Comchip-Technology/ATV02W5V0B-HF?qs=vdiGlTBG6JtbR3aZU%2F7xAQ%3D%3D from Part D1
Removed Parameter Mouser Price/Stock:https://www.mouser.co.uk/ProductDetail/Comchip-Technology/ATV02W5V0B-HF?qs=vdiGlTBG6JtbR3aZU%2F7xAQ%3D%3D from Part D2
Removed Parameter Mouser Price/Stock:https://www.mouser.co.uk/ProductDetail/Comchip-Technology/ATV02W5V0B-HF?qs=vdiGlTBG6JtbR3aZU%2F7xAQ%3D%3D from Part D3
Removed Parameter Mouser Price/Stock:https://www.mouser.co.uk/ProductDetail/Comchip-Technology/ATV02W5V0B-HF?qs=vdiGlTBG6JtbR3aZU%2F7xAQ%3D%3D from Part D7
Removed Parameter Mouser Price/Stock:https://www.mouser.co.uk/ProductDetail/Comchip-Technology/ATV02W5V0B-HF?qs=vdiGlTBG6JtbR3aZU%2F7xAQ%3D%3D from Part D8
Removed Parameter Mouser Price/Stock:https://www.mouser.co.uk/ProductDetail/Comchip-Technology/ATV02W5V0B-HF?qs=vdiGlTBG6JtbR3aZU%2F7xAQ%3D%3D from Part D9
Removed Parameter Mouser Price/Stock:https://www.mouser.co.uk/ProductDetail/Espressif-Systems/ESP32-C6-WROOM-1-N4?qs=8Wlm6%252BaMh8R1JRAtXlt87w%3D%3D from Part U2
Removed Parameter Mouser Price/Stock:https://www.mouser.co.uk/ProductDetail/Harwin/M20-9990546?qs=ulE8k0yEMYY8EKyDN9ic6A%3D%3D from Part J1
Removed Parameter Mouser Price/Stock:https://www.mouser.co.uk/ProductDetail/Same-Sky/TS32-7-35-BK-B-260-RA-SMT-TR?qs=efUn273yAhd1rev%2FGN0tPg%3D%3D from Part SW1
Removed Parameter Mouser Price/Stock:https://www.mouser.co.uk/ProductDetail/Silicon-Labs/CP2102N-A01-GQFN28?qs=%252BaFUgn%2FzHmxGRIXZFn%252Btdg%3D%3D from Part U3
Removed Parameter Package:0603 (1608 Metric) from Part R4
Removed Parameter Package:0603 (1608 Metric) from Part R5
Removed Parameter Package:0603 (1608 Metric) from Part R17
Removed Parameter Package:0603(1608 Metric) from Part D5
Removed Parameter Package:0603(1608 Metric) from Part D6
Removed Parameter Package:0603(1608 Metric) from Part D11
Removed Parameter Package:SOD123 from Part D4
Removed Parameter Package:SOD123 from Part D10
Removed Parameter Package:SOT23 from Part Q1
Removed Parameter Package:SOT23 from Part Q2
Removed Parameter Supplier 1:DIGIKEY from Part D4
Removed Parameter Supplier 1:DIGIKEY from Part D10
Removed Parameter Supplier 1:DIGIKEY from Part Q1
Removed Parameter Supplier 1:DIGIKEY from Part Q2
Removed Parameter Supplier 2:MOUSER from Part D4
Removed Parameter Supplier 2:MOUSER from Part D10
Removed Parameter Supplier 2:MOUSER from Part Q1
Removed Parameter Supplier 2:MOUSER from Part Q2
Removed Parameter Supplier 3:OZDISAN from Part D4
Removed Parameter Supplier 3:OZDISAN from Part D10
Removed Parameter Supplier 3:OZDISAN from Part Q1
Removed Parameter Supplier 3:OZDISAN from Part Q2
Removed Parameter Supplier Part Number 1:1727-7336-2-ND from Part D4
Removed Parameter Supplier Part Number 1:1727-7336-2-ND from Part D10
Removed Parameter Supplier Part Number 1:MMBT3904-FDITR-ND from Part Q1
Removed Parameter Supplier Part Number 1:MMBT3904-FDITR-ND from Part Q2
Removed Parameter Supplier Part Number 2:621-MMBT3904-F from Part Q1
Removed Parameter Supplier Part Number 2:621-MMBT3904-F from Part Q2
Removed Parameter Supplier Part Number 2:841-PMEG4010EGWJ from Part D4
Removed Parameter Supplier Part Number 2:841-PMEG4010EGWJ from Part D10
Removed Parameter Supplier Part Number 3:1N5819HW-7-F from Part D4
Removed Parameter Supplier Part Number 3:1N5819HW-7-F from Part D10
Removed Parameter Supplier Part Number 3:MMBT3904LT1G from Part Q1
Removed Parameter Supplier Part Number 3:MMBT3904LT1G from Part Q2
Added Parameter Manufacturer Part Number=12401598E4#2A to Part J2
Added Parameter Manufacturer Part Number=12401598E4#2A to Part J3
Added Parameter Manufacturer Part Number=AMS1117-3.3 to Part U1
Added Parameter Manufacturer Part Number=ATV02W5V0B-HF to Part D1
Added Parameter Manufacturer Part Number=ATV02W5V0B-HF to Part D2
Added Parameter Manufacturer Part Number=ATV02W5V0B-HF to Part D3
Added Parameter Manufacturer Part Number=ATV02W5V0B-HF to Part D7
Added Parameter Manufacturer Part Number=ATV02W5V0B-HF to Part D8
Added Parameter Manufacturer Part Number=ATV02W5V0B-HF to Part D9
Added Parameter Manufacturer Part Number=CP2102N-A01-GQFN28 to Part U3
Added Parameter Manufacturer Part Number=ESP32-C6-WROOM-1-N4 to Part U2
Added Parameter Manufacturer Part Number=M20-9990546 to Part J1
Added Parameter Manufacturer Part Number=TS32-7-35-BK-B-260-RA-SMT-TR to Part SW1
Added Parameter Manufacturer=Advanced to Part U1
Added Parameter Manufacturer=Amphenol to Part J2
Added Parameter Manufacturer=Amphenol to Part J3
Added Parameter Manufacturer=Comchip Technology to Part D1
Added Parameter Manufacturer=Comchip Technology to Part D2
Added Parameter Manufacturer=Comchip Technology to Part D3
Added Parameter Manufacturer=Comchip Technology to Part D7
Added Parameter Manufacturer=Comchip Technology to Part D8
Added Parameter Manufacturer=Comchip Technology to Part D9
Added Parameter Manufacturer=Espressif Systems to Part U2
Added Parameter Manufacturer=Harwin to Part J1
Added Parameter Manufacturer=Same Sky to Part SW1
Added Parameter Manufacturer=Silicon Labs to Part U3
