Removed Pin From Net: NetName=+12V Pin=C4-1
Removed Pin From Net: NetName=+12V Pin=C5-1
Removed Pin From Net: NetName=+12V Pin=J10-1
Removed Pin From Net: NetName=+12V Pin=K1-A3
Removed Pin From Net: NetName=+12V Pin=K4-A3
Removed Pin From Net: NetName=+12V Pin=K5-A3
Removed Pin From Net: NetName=+12V Pin=K6-A3
Removed Pin From Net: NetName=+12V Pin=K7-A3
Removed Pin From Net: NetName=+12V Pin=K8-A3
Removed Pin From Net: NetName=+12V Pin=K9-A3
Removed Pin From Net: NetName=+12V Pin=K10-A2
Removed Pin From Net: NetName=+12V Pin=K10-A3
Removed Pin From Net: NetName=+12V Pin=K11-A3
Removed Pin From Net: NetName=+12V Pin=K12-A3
Removed Pin From Net: NetName=+12V Pin=K13-A3
Removed Pin From Net: NetName=+12V Pin=K14-A3
Removed Pin From Net: NetName=+12V Pin=K15-A3
Removed Pin From Net: NetName=+12V Pin=K16-A3
Removed Pin From Net: NetName=+12V Pin=K17-A3
Removed Pin From Net: NetName=+12V Pin=K18-A1
Removed Pin From Net: NetName=+12V Pin=K18-A3
Removed Pin From Net: NetName=+12V Pin=R86-1
Removed Pin From Net: NetName=+12V Pin=R120-2
Removed Pin From Net: NetName=+12V Pin=U15-11
Removed Pin From Net: NetName=+12V Pin=U16-11
Removed Pin From Net: NetName=+12V Pin=U17-7
Removed Pin From Net: NetName=+12V Pin=U17-11
Removed Pin From Net: NetName=+12V Pin=U18-11
Removed Pin From Net: NetName=+12V Pin=Z2-1
Added Pin To Net: NetName=+12V Pin=C18-1
Added Pin To Net: NetName=+12V Pin=C19-1
Added Pin To Net: NetName=+12V Pin=C20-1
Added Pin To Net: NetName=+12V Pin=C29-1
Added Pin To Net: NetName=NetK10_A2 Pin=K10-A2
Added Pin To Net: NetName=NetK18_A1 Pin=K18-A1
Added Pin To Net: NetName=+12V Pin=R96-1
Added Pin To Net: NetName=R16_A1 Pin=R120-2
Added Pin To Net: NetName=ShiftRegCLK Pin=U15-11
Added Pin To Net: NetName=ShiftRegCLK Pin=U16-11
Added Pin To Net: NetName=R16_A1 Pin=U17-7
Added Pin To Net: NetName=ShiftRegCLK Pin=U17-11
Added Pin To Net: NetName=ShiftRegCLK Pin=U18-11
Change Net Name : Old Net Name=+12V New Net Name=GND
Added Pin To Net: NetName=+12V Pin=C4-1
Added Pin To Net: NetName=+12V Pin=C5-1
Added Pin To Net: NetName=+12V Pin=J10-1
Added Pin To Net: NetName=+12V Pin=K1-A3
Added Pin To Net: NetName=+12V Pin=K4-A3
Added Pin To Net: NetName=+12V Pin=K5-A3
Added Pin To Net: NetName=+12V Pin=K6-A3
Added Pin To Net: NetName=+12V Pin=K7-A3
Added Pin To Net: NetName=+12V Pin=K8-A3
Added Pin To Net: NetName=+12V Pin=K9-A3
Added Pin To Net: NetName=+12V Pin=K10-A3
Added Pin To Net: NetName=+12V Pin=K11-A3
Added Pin To Net: NetName=+12V Pin=K12-A3
Added Pin To Net: NetName=+12V Pin=K13-A3
Added Pin To Net: NetName=+12V Pin=K14-A3
Added Pin To Net: NetName=+12V Pin=K15-A3
Added Pin To Net: NetName=+12V Pin=K16-A3
Added Pin To Net: NetName=+12V Pin=K17-A3
Added Pin To Net: NetName=+12V Pin=K18-A3
Added Pin To Net: NetName=+12V Pin=R86-1
Added Pin To Net: NetName=+12V Pin=Z2-1
Added Net: Name=+12V
