Change Component Comment : Designator=R86 Old Comment=Comment New Comment=0R
Change Component Comment : Designator=R33 Old Comment=Comment New Comment=1K
Change Component Comment : Designator=R34 Old Comment=Comment New Comment=1K
Change Component Comment : Designator=R56 Old Comment=Comment New Comment=1K
Change Component Comment : Designator=R57 Old Comment=Comment New Comment=1K
Change Component Comment : Designator=R60 Old Comment=Comment New Comment=1K
Change Component Comment : Designator=R61 Old Comment=Comment New Comment=1K
Change Component Comment : Designator=R64 Old Comment=Comment New Comment=1K
Change Component Comment : Designator=R65 Old Comment=Comment New Comment=1K
Change Component Comment : Designator=R68 Old Comment=Comment New Comment=1K
Change Component Comment : Designator=R69 Old Comment=Comment New Comment=1K
Change Component Comment : Designator=R72 Old Comment=Comment New Comment=1K
Change Component Comment : Designator=R73 Old Comment=Comment New Comment=1K
Change Component Comment : Designator=R76 Old Comment=Comment New Comment=1K
Change Component Comment : Designator=R77 Old Comment=Comment New Comment=1K
Change Component Comment : Designator=R80 Old Comment=Comment New Comment=1K
Change Component Comment : Designator=R81 Old Comment=Comment New Comment=1K
Change Component Comment : Designator=Q3 Old Comment=Comment New Comment=2N7002ET1G
Change Component Comment : Designator=Q4 Old Comment=Comment New Comment=2N7002ET1G
Change Component Comment : Designator=Q18 Old Comment=Comment New Comment=2N7002ET1G
Change Component Comment : Designator=Q19 Old Comment=Comment New Comment=2N7002ET1G
Change Component Comment : Designator=Q20 Old Comment=Comment New Comment=2N7002ET1G
Change Component Comment : Designator=Q21 Old Comment=Comment New Comment=2N7002ET1G
Change Component Comment : Designator=Q22 Old Comment=Comment New Comment=2N7002ET1G
Change Component Comment : Designator=Q23 Old Comment=Comment New Comment=2N7002ET1G
Change Component Comment : Designator=Q24 Old Comment=Comment New Comment=2N7002ET1G
Change Component Comment : Designator=Q25 Old Comment=Comment New Comment=2N7002ET1G
Change Component Comment : Designator=Q26 Old Comment=Comment New Comment=2N7002ET1G
Change Component Comment : Designator=Q27 Old Comment=Comment New Comment=2N7002ET1G
Change Component Comment : Designator=Q28 Old Comment=Comment New Comment=2N7002ET1G
Change Component Comment : Designator=Q29 Old Comment=Comment New Comment=2N7002ET1G
Change Component Comment : Designator=Q30 Old Comment=Comment New Comment=2N7002ET1G
Change Component Comment : Designator=Q31 Old Comment=Comment New Comment=2N7002ET1G
Change Component Comment : Designator=Q32 Old Comment=Comment New Comment=2N7002ET1G
Change Component Comment : Designator=Z2 Old Comment=Comment New Comment=6.8V
Change Component Comment : Designator=R32 Old Comment=Comment New Comment=10K
Change Component Comment : Designator=R35 Old Comment=Comment New Comment=10K
Change Component Comment : Designator=R58 Old Comment=Comment New Comment=10K
Change Component Comment : Designator=R59 Old Comment=Comment New Comment=10K
Change Component Comment : Designator=R62 Old Comment=Comment New Comment=10K
Change Component Comment : Designator=R63 Old Comment=Comment New Comment=10K
Change Component Comment : Designator=R66 Old Comment=Comment New Comment=10K
Change Component Comment : Designator=R67 Old Comment=Comment New Comment=10K
Change Component Comment : Designator=R70 Old Comment=Comment New Comment=10K
Change Component Comment : Designator=R71 Old Comment=Comment New Comment=10K
Change Component Comment : Designator=R74 Old Comment=Comment New Comment=10K
Change Component Comment : Designator=R75 Old Comment=Comment New Comment=10K
Change Component Comment : Designator=R78 Old Comment=Comment New Comment=10K
Change Component Comment : Designator=R79 Old Comment=Comment New Comment=10K
Change Component Comment : Designator=R82 Old Comment=Comment New Comment=10K
Change Component Comment : Designator=R83 Old Comment=Comment New Comment=10K
Change Component Comment : Designator=R84 Old Comment=Comment New Comment=10K
Change Component Comment : Designator=R85 Old Comment=Comment New Comment=10K
Change Component Comment : Designator=R87 Old Comment=Comment New Comment=33R
Change Component Comment : Designator=R88 Old Comment=Comment New Comment=33R
Change Component Comment : Designator=R89 Old Comment=Comment New Comment=33R
Change Component Comment : Designator=R90 Old Comment=Comment New Comment=33R
Change Component Comment : Designator=U15 Old Comment=Comment New Comment=74HC595PW,118
Change Component Comment : Designator=U17 Old Comment=Comment New Comment=74HC595PW,118
Change Component Comment : Designator=C33 Old Comment=Comment New Comment=100nF/50V
Change Component Comment : Designator=C34 Old Comment=Comment New Comment=100nF/50V
Change Component Comment : Designator=C6 Old Comment=Comment New Comment=100nF
Change Component Comment : Designator=C7 Old Comment=Comment New Comment=100nF
Change Component Comment : Designator=C12 Old Comment=Comment New Comment=100nF
Change Component Comment : Designator=C13 Old Comment=Comment New Comment=100nF
Change Component Comment : Designator=C14 Old Comment=Comment New Comment=100nF
Change Component Comment : Designator=C15 Old Comment=Comment New Comment=100nF
Change Component Comment : Designator=C16 Old Comment=Comment New Comment=100nF
Change Component Comment : Designator=C17 Old Comment=Comment New Comment=100nF
Change Component Comment : Designator=C18 Old Comment=Comment New Comment=100nF
Change Component Comment : Designator=C19 Old Comment=Comment New Comment=100nF
Change Component Comment : Designator=C20 Old Comment=Comment New Comment=100nF
Change Component Comment : Designator=C21 Old Comment=Comment New Comment=100nF
Change Component Comment : Designator=C22 Old Comment=Comment New Comment=100nF
Change Component Comment : Designator=C23 Old Comment=Comment New Comment=100nF
Change Component Comment : Designator=C24 Old Comment=Comment New Comment=100nF
Change Component Comment : Designator=C25 Old Comment=Comment New Comment=100nF
Change Component Comment : Designator=C4 Old Comment=Comment New Comment=1000uf/16V
Change Component Comment : Designator=C5 Old Comment=Comment New Comment=1000uf/16V
Change Component Comment : Designator=J10 Old Comment=Comment New Comment=Conn_01x04
Change Component Comment : Designator=J12 Old Comment=Comment New Comment=Conn_01x04
Change Component Comment : Designator=J1 Old Comment=Comment New Comment=DG129-5.08-02P-14-00AH
Change Component Comment : Designator=J2 Old Comment=Comment New Comment=DG129-5.08-02P-14-00AH
Change Component Comment : Designator=J3 Old Comment=Comment New Comment=DG129-5.08-02P-14-00AH
Change Component Comment : Designator=J4 Old Comment=Comment New Comment=DG129-5.08-02P-14-00AH
Change Component Comment : Designator=J5 Old Comment=Comment New Comment=DG129-5.08-02P-14-00AH
Change Component Comment : Designator=J6 Old Comment=Comment New Comment=DG129-5.08-02P-14-00AH
Change Component Comment : Designator=J7 Old Comment=Comment New Comment=DG129-5.08-02P-14-00AH
Change Component Comment : Designator=J8 Old Comment=Comment New Comment=DG129-5.08-02P-14-00AH
Change Component Comment : Designator=H5 Old Comment=Comment New Comment=MountingHole
Change Component Comment : Designator=H6 Old Comment=Comment New Comment=MountingHole
Change Component Comment : Designator=H7 Old Comment=Comment New Comment=MountingHole
Change Component Comment : Designator=H8 Old Comment=Comment New Comment=MountingHole
Change Component Comment : Designator=R1 Old Comment=Comment New Comment=RT314F12
Change Component Comment : Designator=R2 Old Comment=Comment New Comment=RT314F12
Change Component Comment : Designator=R3 Old Comment=Comment New Comment=RT314F12
Change Component Comment : Designator=R4 Old Comment=Comment New Comment=RT314F12
Change Component Comment : Designator=R5 Old Comment=Comment New Comment=RT314F12
Change Component Comment : Designator=R6 Old Comment=Comment New Comment=RT314F12
Change Component Comment : Designator=R7 Old Comment=Comment New Comment=RT314F12
Change Component Comment : Designator=R8 Old Comment=Comment New Comment=RT314F12
Change component parameters: Designator = "Q3" ("Q3"); Footprint = "SOT-23"; UniqueID = "\XYSSNEKB\BIPEZYXT" ("\XYSSNEKB\BIPEZYXT")
Change component parameters (AddParameter): Name = "MF"; Value = "onsemi"; VariantName = "[No Variations]"
Change component parameters (AddParameter): Name = "MP"; Value = "2N7002ET1G"; VariantName = "[No Variations]"
Change component parameters (AddParameter): Name = "OZD"; Value = "2N7002ET1G"; VariantName = "[No Variations]"
Change component parameters (AddParameter): Name = "Package"; Value = "SOT-23"; VariantName = "[No Variations]"
Change component parameters (AddParameter): Name = "Value"; Value = "2N7002ET1G"; VariantName = "[No Variations]"
Change component parameters: Designator = "Q4" ("Q4"); Footprint = "SOT-23"; UniqueID = "\XYSSNEKB\GMAZFLVP" ("\XYSSNEKB\GMAZFLVP")
Change component parameters (AddParameter): Name = "MF"; Value = "onsemi"; VariantName = "[No Variations]"
Change component parameters (AddParameter): Name = "MP"; Value = "2N7002ET1G"; VariantName = "[No Variations]"
Change component parameters (AddParameter): Name = "OZD"; Value = "2N7002ET1G"; VariantName = "[No Variations]"
Change component parameters (AddParameter): Name = "Package"; Value = "SOT-23"; VariantName = "[No Variations]"
Change component parameters (AddParameter): Name = "Value"; Value = "2N7002ET1G"; VariantName = "[No Variations]"
Change component parameters: Designator = "Q18" ("Q18"); Footprint = "SOT-23"; UniqueID = "\XYSSNEKB\UIVPLJSE" ("\XYSSNEKB\UIVPLJSE")
Change component parameters (AddParameter): Name = "MF"; Value = "onsemi"; VariantName = "[No Variations]"
Change component parameters (AddParameter): Name = "MP"; Value = "2N7002ET1G"; VariantName = "[No Variations]"
Change component parameters (AddParameter): Name = "OZD"; Value = "2N7002ET1G"; VariantName = "[No Variations]"
Change component parameters (AddParameter): Name = "Package"; Value = "SOT-23"; VariantName = "[No Variations]"
Change component parameters (AddParameter): Name = "Value"; Value = "2N7002ET1G"; VariantName = "[No Variations]"
Change component parameters: Designator = "Q19" ("Q19"); Footprint = "SOT-23"; UniqueID = "\XYSSNEKB\QHUHCZLL" ("\XYSSNEKB\QHUHCZLL")
Change component parameters (AddParameter): Name = "MF"; Value = "onsemi"; VariantName = "[No Variations]"
Change component parameters (AddParameter): Name = "MP"; Value = "2N7002ET1G"; VariantName = "[No Variations]"
Change component parameters (AddParameter): Name = "OZD"; Value = "2N7002ET1G"; VariantName = "[No Variations]"
Change component parameters (AddParameter): Name = "Package"; Value = "SOT-23"; VariantName = "[No Variations]"
Change component parameters (AddParameter): Name = "Value"; Value = "2N7002ET1G"; VariantName = "[No Variations]"
Change component parameters: Designator = "Q20" ("Q20"); Footprint = "SOT-23"; UniqueID = "\XYSSNEKB\LFGDPIED" ("\XYSSNEKB\LFGDPIED")
Change component parameters (AddParameter): Name = "MF"; Value = "onsemi"; VariantName = "[No Variations]"
Change component parameters (AddParameter): Name = "MP"; Value = "2N7002ET1G"; VariantName = "[No Variations]"
Change component parameters (AddParameter): Name = "OZD"; Value = "2N7002ET1G"; VariantName = "[No Variations]"
Change component parameters (AddParameter): Name = "Package"; Value = "SOT-23"; VariantName = "[No Variations]"
Change component parameters (AddParameter): Name = "Value"; Value = "2N7002ET1G"; VariantName = "[No Variations]"
Change component parameters: Designator = "Q21" ("Q21"); Footprint = "SOT-23"; UniqueID = "\XYSSNEKB\KECIPLSZ" ("\XYSSNEKB\KECIPLSZ")
Change component parameters (AddParameter): Name = "MF"; Value = "onsemi"; VariantName = "[No Variations]"
Change component parameters (AddParameter): Name = "MP"; Value = "2N7002ET1G"; VariantName = "[No Variations]"
Change component parameters (AddParameter): Name = "OZD"; Value = "2N7002ET1G"; VariantName = "[No Variations]"
Change component parameters (AddParameter): Name = "Package"; Value = "SOT-23"; VariantName = "[No Variations]"
Change component parameters (AddParameter): Name = "Value"; Value = "2N7002ET1G"; VariantName = "[No Variations]"
Change component parameters: Designator = "Q22" ("Q22"); Footprint = "SOT-23"; UniqueID = "\XYSSNEKB\JAYOUBJQ" ("\XYSSNEKB\JAYOUBJQ")
Change component parameters (AddParameter): Name = "MF"; Value = "onsemi"; VariantName = "[No Variations]"
Change component parameters (AddParameter): Name = "MP"; Value = "2N7002ET1G"; VariantName = "[No Variations]"
Change component parameters (AddParameter): Name = "OZD"; Value = "2N7002ET1G"; VariantName = "[No Variations]"
Change component parameters (AddParameter): Name = "Package"; Value = "SOT-23"; VariantName = "[No Variations]"
Change component parameters (AddParameter): Name = "Value"; Value = "2N7002ET1G"; VariantName = "[No Variations]"
Change component parameters: Designator = "Q23" ("Q23"); Footprint = "SOT-23"; UniqueID = "\XYSSNEKB\ZBFNABMC" ("\XYSSNEKB\ZBFNABMC")
Change component parameters (AddParameter): Name = "MF"; Value = "onsemi"; VariantName = "[No Variations]"
Change component parameters (AddParameter): Name = "MP"; Value = "2N7002ET1G"; VariantName = "[No Variations]"
Change component parameters (AddParameter): Name = "OZD"; Value = "2N7002ET1G"; VariantName = "[No Variations]"
Change component parameters (AddParameter): Name = "Package"; Value = "SOT-23"; VariantName = "[No Variations]"
Change component parameters (AddParameter): Name = "Value"; Value = "2N7002ET1G"; VariantName = "[No Variations]"
Change component parameters: Designator = "Q24" ("Q24"); Footprint = "SOT-23"; UniqueID = "\XYSSNEKB\KWVZQCYB" ("\XYSSNEKB\KWVZQCYB")
Change component parameters (AddParameter): Name = "MF"; Value = "onsemi"; VariantName = "[No Variations]"
Change component parameters (AddParameter): Name = "MP"; Value = "2N7002ET1G"; VariantName = "[No Variations]"
Change component parameters (AddParameter): Name = "OZD"; Value = "2N7002ET1G"; VariantName = "[No Variations]"
Change component parameters (AddParameter): Name = "Package"; Value = "SOT-23"; VariantName = "[No Variations]"
Change component parameters (AddParameter): Name = "Value"; Value = "2N7002ET1G"; VariantName = "[No Variations]"
Change component parameters: Designator = "Q25" ("Q25"); Footprint = "SOT-23"; UniqueID = "\XYSSNEKB\SIPCXLKL" ("\XYSSNEKB\SIPCXLKL")
Change component parameters (AddParameter): Name = "MF"; Value = "onsemi"; VariantName = "[No Variations]"
Change component parameters (AddParameter): Name = "MP"; Value = "2N7002ET1G"; VariantName = "[No Variations]"
Change component parameters (AddParameter): Name = "OZD"; Value = "2N7002ET1G"; VariantName = "[No Variations]"
Change component parameters (AddParameter): Name = "Package"; Value = "SOT-23"; VariantName = "[No Variations]"
Change component parameters (AddParameter): Name = "Value"; Value = "2N7002ET1G"; VariantName = "[No Variations]"
Change component parameters: Designator = "Q26" ("Q26"); Footprint = "SOT-23"; UniqueID = "\XYSSNEKB\CLXPYUWI" ("\XYSSNEKB\CLXPYUWI")
Change component parameters (AddParameter): Name = "MF"; Value = "onsemi"; VariantName = "[No Variations]"
Change component parameters (AddParameter): Name = "MP"; Value = "2N7002ET1G"; VariantName = "[No Variations]"
Change component parameters (AddParameter): Name = "OZD"; Value = "2N7002ET1G"; VariantName = "[No Variations]"
Change component parameters (AddParameter): Name = "Package"; Value = "SOT-23"; VariantName = "[No Variations]"
Change component parameters (AddParameter): Name = "Value"; Value = "2N7002ET1G"; VariantName = "[No Variations]"
Change component parameters: Designator = "Q27" ("Q27"); Footprint = "SOT-23"; UniqueID = "\XYSSNEKB\GHMSINGN" ("\XYSSNEKB\GHMSINGN")
Change component parameters (AddParameter): Name = "MF"; Value = "onsemi"; VariantName = "[No Variations]"
Change component parameters (AddParameter): Name = "MP"; Value = "2N7002ET1G"; VariantName = "[No Variations]"
Change component parameters (AddParameter): Name = "OZD"; Value = "2N7002ET1G"; VariantName = "[No Variations]"
Change component parameters (AddParameter): Name = "Package"; Value = "SOT-23"; VariantName = "[No Variations]"
Change component parameters (AddParameter): Name = "Value"; Value = "2N7002ET1G"; VariantName = "[No Variations]"
Change component parameters: Designator = "Q28" ("Q28"); Footprint = "SOT-23"; UniqueID = "\XYSSNEKB\SUVRQRMT" ("\XYSSNEKB\SUVRQRMT")
Change component parameters (AddParameter): Name = "MF"; Value = "onsemi"; VariantName = "[No Variations]"
Change component parameters (AddParameter): Name = "MP"; Value = "2N7002ET1G"; VariantName = "[No Variations]"
Change component parameters (AddParameter): Name = "OZD"; Value = "2N7002ET1G"; VariantName = "[No Variations]"
Change component parameters (AddParameter): Name = "Package"; Value = "SOT-23"; VariantName = "[No Variations]"
Change component parameters (AddParameter): Name = "Value"; Value = "2N7002ET1G"; VariantName = "[No Variations]"
Change component parameters: Designator = "Q29" ("Q29"); Footprint = "SOT-23"; UniqueID = "\XYSSNEKB\YFMLRRYU" ("\XYSSNEKB\YFMLRRYU")
Change component parameters (AddParameter): Name = "MF"; Value = "onsemi"; VariantName = "[No Variations]"
Change component parameters (AddParameter): Name = "MP"; Value = "2N7002ET1G"; VariantName = "[No Variations]"
Change component parameters (AddParameter): Name = "OZD"; Value = "2N7002ET1G"; VariantName = "[No Variations]"
Change component parameters (AddParameter): Name = "Package"; Value = "SOT-23"; VariantName = "[No Variations]"
Change component parameters (AddParameter): Name = "Value"; Value = "2N7002ET1G"; VariantName = "[No Variations]"
Change component parameters: Designator = "Q30" ("Q30"); Footprint = "SOT-23"; UniqueID = "\XYSSNEKB\NAWQWPHF" ("\XYSSNEKB\NAWQWPHF")
Change component parameters (AddParameter): Name = "MF"; Value = "onsemi"; VariantName = "[No Variations]"
Change component parameters (AddParameter): Name = "MP"; Value = "2N7002ET1G"; VariantName = "[No Variations]"
Change component parameters (AddParameter): Name = "OZD"; Value = "2N7002ET1G"; VariantName = "[No Variations]"
Change component parameters (AddParameter): Name = "Package"; Value = "SOT-23"; VariantName = "[No Variations]"
Change component parameters (AddParameter): Name = "Value"; Value = "2N7002ET1G"; VariantName = "[No Variations]"
Change component parameters: Designator = "Q31" ("Q31"); Footprint = "SOT-23"; UniqueID = "\XYSSNEKB\RXJJYYAC" ("\XYSSNEKB\RXJJYYAC")
Change component parameters (AddParameter): Name = "MF"; Value = "onsemi"; VariantName = "[No Variations]"
Change component parameters (AddParameter): Name = "MP"; Value = "2N7002ET1G"; VariantName = "[No Variations]"
Change component parameters (AddParameter): Name = "OZD"; Value = "2N7002ET1G"; VariantName = "[No Variations]"
Change component parameters (AddParameter): Name = "Package"; Value = "SOT-23"; VariantName = "[No Variations]"
Change component parameters (AddParameter): Name = "Value"; Value = "2N7002ET1G"; VariantName = "[No Variations]"
Change component parameters: Designator = "Q32" ("Q32"); Footprint = "SOT-23"; UniqueID = "\NIOENWBH" ("\NIOENWBH")
Change component parameters (AddParameter): Name = "MF"; Value = "onsemi"; VariantName = "[No Variations]"
Change component parameters (AddParameter): Name = "MP"; Value = "2N7002ET1G"; VariantName = "[No Variations]"
Change component parameters (AddParameter): Name = "OZD"; Value = "2N7002ET1G"; VariantName = "[No Variations]"
Change component parameters (AddParameter): Name = "Package"; Value = "SOT-23"; VariantName = "[No Variations]"
Change component parameters (AddParameter): Name = "Value"; Value = "2N7002ET1G"; VariantName = "[No Variations]"
Change component parameters: Designator = "R86" ("R86"); Footprint = "R_0603_1608Metric"; UniqueID = "\JNGRRUOR" ("\JNGRRUOR")
Change component parameters (AddParameter): Name = "MF"; Value = ""; VariantName = "[No Variations]"
Change component parameters (AddParameter): Name = "MP"; Value = ""; VariantName = "[No Variations]"
Change component parameters (AddParameter): Name = "Package"; Value = "R_0603"; VariantName = "[No Variations]"
Change component parameters (AddParameter): Name = "Value"; Value = "0R"; VariantName = "[No Variations]"
Change component parameters: Designator = "C4" ("C4"); Footprint = "CP_Elec_10x10"; UniqueID = "\UTEVIDGC" ("\UTEVIDGC")
Change component parameters (AddParameter): Name = "MF"; Value = "SUSCON"; VariantName = "[No Variations]"
Change component parameters (AddParameter): Name = "MP"; Value = "CDL016M102G10PKKKV00R"; VariantName = "[No Variations]"
Change component parameters (AddParameter): Name = "OZD"; Value = "CDL016M102G10PKKKV00R"; VariantName = "[No Variations]"
Change component parameters (AddParameter): Name = "Package"; Value = "CP_Elec_10x10"; VariantName = "[No Variations]"
Change component parameters (AddParameter): Name = "Value"; Value = "1000uf/16V"; VariantName = "[No Variations]"
Change component parameters: Designator = "C5" ("C5"); Footprint = "CP_Elec_10x10"; UniqueID = "\RSPGCZJJ" ("\RSPGCZJJ")
Change component parameters (AddParameter): Name = "MF"; Value = "SUSCON"; VariantName = "[No Variations]"
Change component parameters (AddParameter): Name = "MP"; Value = "CDL016M102G10PKKKV00R"; VariantName = "[No Variations]"
Change component parameters (AddParameter): Name = "OZD"; Value = "CDL016M102G10PKKKV00R"; VariantName = "[No Variations]"
Change component parameters (AddParameter): Name = "Package"; Value = "CP_Elec_10x10"; VariantName = "[No Variations]"
Change component parameters (AddParameter): Name = "Value"; Value = "1000uf/16V"; VariantName = "[No Variations]"
Change component parameters: Designator = "C6" ("C6"); Footprint = "C_0603_1608Metric"; UniqueID = "\XYSSNEKB\ZWSGRJBQ" ("\XYSSNEKB\ZWSGRJBQ")
Change component parameters (AddParameter): Name = "MF"; Value = "YAGEO"; VariantName = "[No Variations]"
Change component parameters (AddParameter): Name = "MP"; Value = "CC0603KRX7R9BB104"; VariantName = "[No Variations]"
Change component parameters (AddParameter): Name = "Package"; Value = "C_0603"; VariantName = "[No Variations]"
Change component parameters (AddParameter): Name = "Value"; Value = "100nF"; VariantName = "[No Variations]"
Change component parameters: Designator = "C7" ("C7"); Footprint = "C_0603_1608Metric"; UniqueID = "\XYSSNEKB\GEALXMIO" ("\XYSSNEKB\GEALXMIO")
Change component parameters (AddParameter): Name = "MF"; Value = "YAGEO"; VariantName = "[No Variations]"
Change component parameters (AddParameter): Name = "MP"; Value = "CC0603KRX7R9BB104"; VariantName = "[No Variations]"
Change component parameters (AddParameter): Name = "Package"; Value = "C_0603"; VariantName = "[No Variations]"
Change component parameters (AddParameter): Name = "Value"; Value = "100nF"; VariantName = "[No Variations]"
Change component parameters: Designator = "C12" ("C12"); Footprint = "C_0603_1608Metric"; UniqueID = "\XYSSNEKB\XTNJDYIZ" ("\XYSSNEKB\XTNJDYIZ")
Change component parameters (AddParameter): Name = "MF"; Value = "YAGEO"; VariantName = "[No Variations]"
Change component parameters (AddParameter): Name = "MP"; Value = "CC0603KRX7R9BB104"; VariantName = "[No Variations]"
Change component parameters (AddParameter): Name = "Package"; Value = "C_0603"; VariantName = "[No Variations]"
Change component parameters (AddParameter): Name = "Value"; Value = "100nF"; VariantName = "[No Variations]"
Change component parameters: Designator = "C13" ("C13"); Footprint = "C_0603_1608Metric"; UniqueID = "\XYSSNEKB\AILMMRMU" ("\XYSSNEKB\AILMMRMU")
Change component parameters (AddParameter): Name = "MF"; Value = "YAGEO"; VariantName = "[No Variations]"
Change component parameters (AddParameter): Name = "MP"; Value = "CC0603KRX7R9BB104"; VariantName = "[No Variations]"
Change component parameters (AddParameter): Name = "Package"; Value = "C_0603"; VariantName = "[No Variations]"
Change component parameters (AddParameter): Name = "Value"; Value = "100nF"; VariantName = "[No Variations]"
Change component parameters: Designator = "C14" ("C14"); Footprint = "C_0603_1608Metric"; UniqueID = "\XYSSNEKB\DGMCMZOA" ("\XYSSNEKB\DGMCMZOA")
Change component parameters (AddParameter): Name = "MF"; Value = "YAGEO"; VariantName = "[No Variations]"
Change component parameters (AddParameter): Name = "MP"; Value = "CC0603KRX7R9BB104"; VariantName = "[No Variations]"
Change component parameters (AddParameter): Name = "Package"; Value = "C_0603"; VariantName = "[No Variations]"
Change component parameters (AddParameter): Name = "Value"; Value = "100nF"; VariantName = "[No Variations]"
Change component parameters: Designator = "C15" ("C15"); Footprint = "C_0603_1608Metric"; UniqueID = "\XYSSNEKB\HQLBCJQQ" ("\XYSSNEKB\HQLBCJQQ")
Change component parameters (AddParameter): Name = "MF"; Value = "YAGEO"; VariantName = "[No Variations]"
Change component parameters (AddParameter): Name = "MP"; Value = "CC0603KRX7R9BB104"; VariantName = "[No Variations]"
Change component parameters (AddParameter): Name = "Package"; Value = "C_0603"; VariantName = "[No Variations]"
Change component parameters (AddParameter): Name = "Value"; Value = "100nF"; VariantName = "[No Variations]"
Change component parameters: Designator = "C16" ("C16"); Footprint = "C_0603_1608Metric"; UniqueID = "\XYSSNEKB\KYAFOEXH" ("\XYSSNEKB\KYAFOEXH")
Change component parameters (AddParameter): Name = "MF"; Value = "YAGEO"; VariantName = "[No Variations]"
Change component parameters (AddParameter): Name = "MP"; Value = "CC0603KRX7R9BB104"; VariantName = "[No Variations]"
Change component parameters (AddParameter): Name = "Package"; Value = "C_0603"; VariantName = "[No Variations]"
Change component parameters (AddParameter): Name = "Value"; Value = "100nF"; VariantName = "[No Variations]"
Change component parameters: Designator = "C17" ("C17"); Footprint = "C_0603_1608Metric"; UniqueID = "\XYSSNEKB\WLFYTJAC" ("\XYSSNEKB\WLFYTJAC")
Change component parameters (AddParameter): Name = "MF"; Value = "YAGEO"; VariantName = "[No Variations]"
Change component parameters (AddParameter): Name = "MP"; Value = "CC0603KRX7R9BB104"; VariantName = "[No Variations]"
Change component parameters (AddParameter): Name = "Package"; Value = "C_0603"; VariantName = "[No Variations]"
Change component parameters (AddParameter): Name = "Value"; Value = "100nF"; VariantName = "[No Variations]"
Change component parameters: Designator = "C18" ("C18"); Footprint = "C_0603_1608Metric"; UniqueID = "\XYSSNEKB\PJQLQYOH" ("\XYSSNEKB\PJQLQYOH")
Change component parameters (AddParameter): Name = "MF"; Value = "YAGEO"; VariantName = "[No Variations]"
Change component parameters (AddParameter): Name = "MP"; Value = "CC0603KRX7R9BB104"; VariantName = "[No Variations]"
Change component parameters (AddParameter): Name = "Package"; Value = "C_0603"; VariantName = "[No Variations]"
Change component parameters (AddParameter): Name = "Value"; Value = "100nF"; VariantName = "[No Variations]"
Change component parameters: Designator = "C19" ("C19"); Footprint = "C_0603_1608Metric"; UniqueID = "\XYSSNEKB\WOLYLITT" ("\XYSSNEKB\WOLYLITT")
Change component parameters (AddParameter): Name = "MF"; Value = "YAGEO"; VariantName = "[No Variations]"
Change component parameters (AddParameter): Name = "MP"; Value = "CC0603KRX7R9BB104"; VariantName = "[No Variations]"
Change component parameters (AddParameter): Name = "Package"; Value = "C_0603"; VariantName = "[No Variations]"
Change component parameters (AddParameter): Name = "Value"; Value = "100nF"; VariantName = "[No Variations]"
Change component parameters: Designator = "C20" ("C20"); Footprint = "C_0603_1608Metric"; UniqueID = "\XYSSNEKB\XHHDEWAF" ("\XYSSNEKB\XHHDEWAF")
Change component parameters (AddParameter): Name = "MF"; Value = "YAGEO"; VariantName = "[No Variations]"
Change component parameters (AddParameter): Name = "MP"; Value = "CC0603KRX7R9BB104"; VariantName = "[No Variations]"
Change component parameters (AddParameter): Name = "Package"; Value = "C_0603"; VariantName = "[No Variations]"
Change component parameters (AddParameter): Name = "Value"; Value = "100nF"; VariantName = "[No Variations]"
Change component parameters: Designator = "C21" ("C21"); Footprint = "C_0603_1608Metric"; UniqueID = "\XYSSNEKB\CVGPEGKQ" ("\XYSSNEKB\CVGPEGKQ")
Change component parameters (AddParameter): Name = "MF"; Value = "YAGEO"; VariantName = "[No Variations]"
Change component parameters (AddParameter): Name = "MP"; Value = "CC0603KRX7R9BB104"; VariantName = "[No Variations]"
Change component parameters (AddParameter): Name = "Package"; Value = "C_0603"; VariantName = "[No Variations]"
Change component parameters (AddParameter): Name = "Value"; Value = "100nF"; VariantName = "[No Variations]"
Change component parameters: Designator = "C22" ("C22"); Footprint = "C_0603_1608Metric"; UniqueID = "\XYSSNEKB\HLGUCIGU" ("\XYSSNEKB\HLGUCIGU")
Change component parameters (AddParameter): Name = "MF"; Value = "YAGEO"; VariantName = "[No Variations]"
Change component parameters (AddParameter): Name = "MP"; Value = "CC0603KRX7R9BB104"; VariantName = "[No Variations]"
Change component parameters (AddParameter): Name = "Package"; Value = "C_0603"; VariantName = "[No Variations]"
Change component parameters (AddParameter): Name = "Value"; Value = "100nF"; VariantName = "[No Variations]"
Change component parameters: Designator = "C23" ("C23"); Footprint = "C_0603_1608Metric"; UniqueID = "\XYSSNEKB\LWXRZIJS" ("\XYSSNEKB\LWXRZIJS")
Change component parameters (AddParameter): Name = "MF"; Value = "YAGEO"; VariantName = "[No Variations]"
Change component parameters (AddParameter): Name = "MP"; Value = "CC0603KRX7R9BB104"; VariantName = "[No Variations]"
Change component parameters (AddParameter): Name = "Package"; Value = "C_0603"; VariantName = "[No Variations]"
Change component parameters (AddParameter): Name = "Value"; Value = "100nF"; VariantName = "[No Variations]"
Change component parameters: Designator = "C24" ("C24"); Footprint = "C_0603_1608Metric"; UniqueID = "\XYSSNEKB\TUNGLCGS" ("\XYSSNEKB\TUNGLCGS")
Change component parameters (AddParameter): Name = "MF"; Value = "YAGEO"; VariantName = "[No Variations]"
Change component parameters (AddParameter): Name = "MP"; Value = "CC0603KRX7R9BB104"; VariantName = "[No Variations]"
Change component parameters (AddParameter): Name = "Package"; Value = "C_0603"; VariantName = "[No Variations]"
Change component parameters (AddParameter): Name = "Value"; Value = "100nF"; VariantName = "[No Variations]"
Change component parameters: Designator = "C25" ("C25"); Footprint = "C_0603_1608Metric"; UniqueID = "\XYSSNEKB\NHUFACFI" ("\XYSSNEKB\NHUFACFI")
Change component parameters (AddParameter): Name = "MF"; Value = "YAGEO"; VariantName = "[No Variations]"
Change component parameters (AddParameter): Name = "MP"; Value = "CC0603KRX7R9BB104"; VariantName = "[No Variations]"
Change component parameters (AddParameter): Name = "Package"; Value = "C_0603"; VariantName = "[No Variations]"
Change component parameters (AddParameter): Name = "Value"; Value = "100nF"; VariantName = "[No Variations]"
Change component parameters: Designator = "C33" ("C33"); Footprint = "C_0603_1608Metric"; UniqueID = "\ZKOBEZGT\OYHKZYIP" ("\ZKOBEZGT\OYHKZYIP")
Change component parameters (AddParameter): Name = "MF"; Value = "YAGEO"; VariantName = "[No Variations]"
Change component parameters (AddParameter): Name = "MP"; Value = "CC0603KRX7R9BB104"; VariantName = "[No Variations]"
Change component parameters (AddParameter): Name = "Package"; Value = "C_0603"; VariantName = "[No Variations]"
Change component parameters (AddParameter): Name = "Value"; Value = "100nF/50V"; VariantName = "[No Variations]"
Change component parameters: Designator = "C34" ("C34"); Footprint = "C_0603_1608Metric"; UniqueID = "\ZKOBEZGT\XFSIZOJD" ("\ZKOBEZGT\XFSIZOJD")
Change component parameters (AddParameter): Name = "MF"; Value = "YAGEO"; VariantName = "[No Variations]"
Change component parameters (AddParameter): Name = "MP"; Value = "CC0603KRX7R9BB104"; VariantName = "[No Variations]"
Change component parameters (AddParameter): Name = "Package"; Value = "C_0603"; VariantName = "[No Variations]"
Change component parameters (AddParameter): Name = "Value"; Value = "100nF/50V"; VariantName = "[No Variations]"
Change component parameters: Designator = "H5" ("H5"); Footprint = "MountingHole_3mm"; UniqueID = "\QKXULCKB" ("\QKXULCKB")
Change component parameters (AddParameter): Name = "Value"; Value = "MountingHole"; VariantName = "[No Variations]"
Change component parameters: Designator = "H6" ("H6"); Footprint = "MountingHole_3mm"; UniqueID = "\SQKFPFRU" ("\SQKFPFRU")
Change component parameters (AddParameter): Name = "Value"; Value = "MountingHole"; VariantName = "[No Variations]"
Change component parameters: Designator = "H7" ("H7"); Footprint = "MountingHole_3mm"; UniqueID = "\BMRJBEOA" ("\BMRJBEOA")
Change component parameters (AddParameter): Name = "Value"; Value = "MountingHole"; VariantName = "[No Variations]"
Change component parameters: Designator = "H8" ("H8"); Footprint = "MountingHole_3mm"; UniqueID = "\ERQSNWPD" ("\ERQSNWPD")
Change component parameters (AddParameter): Name = "Value"; Value = "MountingHole"; VariantName = "[No Variations]"
Change component parameters: Designator = "J1" ("J1"); Footprint = "DG129-5.08-02P"; UniqueID = "\NWWUHZQB" ("\NWWUHZQB")
Change component parameters (AddParameter): Name = "MF"; Value = "DEGSON"; VariantName = "[No Variations]"
Change component parameters (AddParameter): Name = "MP"; Value = "DG129-5.08-02P-14-00AH"; VariantName = "[No Variations]"
Change component parameters (AddParameter): Name = "OZD"; Value = "DG129-5.08-02P-14-00AH"; VariantName = "[No Variations]"
Change component parameters (AddParameter): Name = "Package"; Value = "THT V/T  5.08mm"; VariantName = "[No Variations]"
Change component parameters (AddParameter): Name = "Value"; Value = "DG129-5.08-02P-14-00AH"; VariantName = "[No Variations]"
Change component parameters: Designator = "J2" ("J2"); Footprint = "DG129-5.08-02P"; UniqueID = "\WEEAFOKV" ("\WEEAFOKV")
Change component parameters (AddParameter): Name = "MF"; Value = "DEGSON"; VariantName = "[No Variations]"
Change component parameters (AddParameter): Name = "MP"; Value = "DG129-5.08-02P-14-00AH"; VariantName = "[No Variations]"
Change component parameters (AddParameter): Name = "OZD"; Value = "DG129-5.08-02P-14-00AH"; VariantName = "[No Variations]"
Change component parameters (AddParameter): Name = "Package"; Value = "THT V/T  5.08mm"; VariantName = "[No Variations]"
Change component parameters (AddParameter): Name = "Value"; Value = "DG129-5.08-02P-14-00AH"; VariantName = "[No Variations]"
Change component parameters: Designator = "J3" ("J3"); Footprint = "DG129-5.08-02P"; UniqueID = "\KUKOSVKI" ("\KUKOSVKI")
Change component parameters (AddParameter): Name = "MF"; Value = "DEGSON"; VariantName = "[No Variations]"
Change component parameters (AddParameter): Name = "MP"; Value = "DG129-5.08-02P-14-00AH"; VariantName = "[No Variations]"
Change component parameters (AddParameter): Name = "OZD"; Value = "DG129-5.08-02P-14-00AH"; VariantName = "[No Variations]"
Change component parameters (AddParameter): Name = "Package"; Value = "THT V/T  5.08mm"; VariantName = "[No Variations]"
Change component parameters (AddParameter): Name = "Value"; Value = "DG129-5.08-02P-14-00AH"; VariantName = "[No Variations]"
Change component parameters: Designator = "J4" ("J4"); Footprint = "DG129-5.08-02P"; UniqueID = "\YSXHUQCZ" ("\YSXHUQCZ")
Change component parameters (AddParameter): Name = "MF"; Value = "DEGSON"; VariantName = "[No Variations]"
Change component parameters (AddParameter): Name = "MP"; Value = "DG129-5.08-02P-14-00AH"; VariantName = "[No Variations]"
Change component parameters (AddParameter): Name = "OZD"; Value = "DG129-5.08-02P-14-00AH"; VariantName = "[No Variations]"
Change component parameters (AddParameter): Name = "Package"; Value = "THT V/T  5.08mm"; VariantName = "[No Variations]"
Change component parameters (AddParameter): Name = "Value"; Value = "DG129-5.08-02P-14-00AH"; VariantName = "[No Variations]"
Change component parameters: Designator = "J5" ("J5"); Footprint = "DG129-5.08-02P"; UniqueID = "\QSHMBFZL" ("\QSHMBFZL")
Change component parameters (AddParameter): Name = "MF"; Value = "DEGSON"; VariantName = "[No Variations]"
Change component parameters (AddParameter): Name = "MP"; Value = "DG129-5.08-02P-14-00AH"; VariantName = "[No Variations]"
Change component parameters (AddParameter): Name = "OZD"; Value = "DG129-5.08-02P-14-00AH"; VariantName = "[No Variations]"
Change component parameters (AddParameter): Name = "Package"; Value = "THT V/T  5.08mm"; VariantName = "[No Variations]"
Change component parameters (AddParameter): Name = "Value"; Value = "DG129-5.08-02P-14-00AH"; VariantName = "[No Variations]"
Change component parameters: Designator = "J6" ("J6"); Footprint = "DG129-5.08-02P"; UniqueID = "\PJCLCLSN" ("\PJCLCLSN")
Change component parameters (AddParameter): Name = "MF"; Value = "DEGSON"; VariantName = "[No Variations]"
Change component parameters (AddParameter): Name = "MP"; Value = "DG129-5.08-02P-14-00AH"; VariantName = "[No Variations]"
Change component parameters (AddParameter): Name = "OZD"; Value = "DG129-5.08-02P-14-00AH"; VariantName = "[No Variations]"
Change component parameters (AddParameter): Name = "Package"; Value = "THT V/T  5.08mm"; VariantName = "[No Variations]"
Change component parameters (AddParameter): Name = "Value"; Value = "DG129-5.08-02P-14-00AH"; VariantName = "[No Variations]"
Change component parameters: Designator = "J7" ("J7"); Footprint = "DG129-5.08-02P"; UniqueID = "\ZTLXBMCJ" ("\ZTLXBMCJ")
Change component parameters (AddParameter): Name = "MF"; Value = "DEGSON"; VariantName = "[No Variations]"
Change component parameters (AddParameter): Name = "MP"; Value = "DG129-5.08-02P-14-00AH"; VariantName = "[No Variations]"
Change component parameters (AddParameter): Name = "OZD"; Value = "DG129-5.08-02P-14-00AH"; VariantName = "[No Variations]"
Change component parameters (AddParameter): Name = "Package"; Value = "THT V/T  5.08mm"; VariantName = "[No Variations]"
Change component parameters (AddParameter): Name = "Value"; Value = "DG129-5.08-02P-14-00AH"; VariantName = "[No Variations]"
Change component parameters: Designator = "J8" ("J8"); Footprint = "DG129-5.08-02P"; UniqueID = "\IDZEHIPQ" ("\IDZEHIPQ")
Change component parameters (AddParameter): Name = "MF"; Value = "DEGSON"; VariantName = "[No Variations]"
Change component parameters (AddParameter): Name = "MP"; Value = "DG129-5.08-02P-14-00AH"; VariantName = "[No Variations]"
Change component parameters (AddParameter): Name = "OZD"; Value = "DG129-5.08-02P-14-00AH"; VariantName = "[No Variations]"
Change component parameters (AddParameter): Name = "Package"; Value = "THT V/T  5.08mm"; VariantName = "[No Variations]"
Change component parameters (AddParameter): Name = "Value"; Value = "DG129-5.08-02P-14-00AH"; VariantName = "[No Variations]"
Change component parameters: Designator = "J10" ("J10"); Footprint = "PinHeader_1x04_P2.54mm_Vertical"; UniqueID = "\HTNBXCAM" ("\HTNBXCAM")
Change component parameters (AddParameter): Name = "Value"; Value = "Conn_01x04"; VariantName = "[No Variations]"
Change component parameters: Designator = "J12" ("J12"); Footprint = "PinHeader_1x04_P2.54mm_Vertical"; UniqueID = "\NUUANYCP" ("\NUUANYCP")
Change component parameters (AddParameter): Name = "Value"; Value = "Conn_01x04"; VariantName = "[No Variations]"
Change component parameters: Designator = "R1" ("R1"); Footprint = "RELAY9-500X1142_618"; UniqueID = "\XYSSNEKB\QDTBEJHQ" ("\XYSSNEKB\QDTBEJHQ")
Change component parameters (AddParameter): Name = "MF"; Value = "TE Connectivity"; VariantName = "[No Variations]"
Change component parameters (AddParameter): Name = "MP"; Value = "RT314F12"; VariantName = "[No Variations]"
Change component parameters (AddParameter): Name = "OZD"; Value = "RT314F12"; VariantName = "[No Variations]"
Change component parameters (AddParameter): Name = "Package"; Value = "DIP,29x12.7mm"; VariantName = "[No Variations]"
Change component parameters (AddParameter): Name = "Value"; Value = "RT314F12"; VariantName = "[No Variations]"
Change component parameters: Designator = "R2" ("R2"); Footprint = "RELAY9-500X1142_618"; UniqueID = "\XYSSNEKB\CJAZKBNV" ("\XYSSNEKB\CJAZKBNV")
Change component parameters (AddParameter): Name = "MF"; Value = "TE Connectivity"; VariantName = "[No Variations]"
Change component parameters (AddParameter): Name = "MP"; Value = "RT314F12"; VariantName = "[No Variations]"
Change component parameters (AddParameter): Name = "OZD"; Value = "RT314F12"; VariantName = "[No Variations]"
Change component parameters (AddParameter): Name = "Package"; Value = "DIP,29x12.7mm"; VariantName = "[No Variations]"
Change component parameters (AddParameter): Name = "Value"; Value = "RT314F12"; VariantName = "[No Variations]"
Change component parameters: Designator = "R3" ("R3"); Footprint = "RELAY9-500X1142_618"; UniqueID = "\XYSSNEKB\TALANYPU" ("\XYSSNEKB\TALANYPU")
Change component parameters (AddParameter): Name = "MF"; Value = "TE Connectivity"; VariantName = "[No Variations]"
Change component parameters (AddParameter): Name = "MP"; Value = "RT314F12"; VariantName = "[No Variations]"
Change component parameters (AddParameter): Name = "OZD"; Value = "RT314F12"; VariantName = "[No Variations]"
Change component parameters (AddParameter): Name = "Package"; Value = "DIP,29x12.7mm"; VariantName = "[No Variations]"
Change component parameters (AddParameter): Name = "Value"; Value = "RT314F12"; VariantName = "[No Variations]"
Change component parameters: Designator = "R4" ("R4"); Footprint = "RELAY9-500X1142_618"; UniqueID = "\XYSSNEKB\BLYONLRX" ("\XYSSNEKB\BLYONLRX")
Change component parameters (AddParameter): Name = "MF"; Value = "TE Connectivity"; VariantName = "[No Variations]"
Change component parameters (AddParameter): Name = "MP"; Value = "RT314F12"; VariantName = "[No Variations]"
Change component parameters (AddParameter): Name = "OZD"; Value = "RT314F12"; VariantName = "[No Variations]"
Change component parameters (AddParameter): Name = "Package"; Value = "DIP,29x12.7mm"; VariantName = "[No Variations]"
Change component parameters (AddParameter): Name = "Value"; Value = "RT314F12"; VariantName = "[No Variations]"
Change component parameters: Designator = "R5" ("R5"); Footprint = "RELAY9-500X1142_618"; UniqueID = "\XYSSNEKB\NBBUNNMV" ("\XYSSNEKB\NBBUNNMV")
Change component parameters (AddParameter): Name = "MF"; Value = "TE Connectivity"; VariantName = "[No Variations]"
Change component parameters (AddParameter): Name = "MP"; Value = "RT314F12"; VariantName = "[No Variations]"
Change component parameters (AddParameter): Name = "OZD"; Value = "RT314F12"; VariantName = "[No Variations]"
Change component parameters (AddParameter): Name = "Package"; Value = "DIP,29x12.7mm"; VariantName = "[No Variations]"
Change component parameters (AddParameter): Name = "Value"; Value = "RT314F12"; VariantName = "[No Variations]"
Change component parameters: Designator = "R6" ("R6"); Footprint = "RELAY9-500X1142_618"; UniqueID = "\XYSSNEKB\JQVFQZQC" ("\XYSSNEKB\JQVFQZQC")
Change component parameters (AddParameter): Name = "MF"; Value = "TE Connectivity"; VariantName = "[No Variations]"
Change component parameters (AddParameter): Name = "MP"; Value = "RT314F12"; VariantName = "[No Variations]"
Change component parameters (AddParameter): Name = "OZD"; Value = "RT314F12"; VariantName = "[No Variations]"
Change component parameters (AddParameter): Name = "Package"; Value = "DIP,29x12.7mm"; VariantName = "[No Variations]"
Change component parameters (AddParameter): Name = "Value"; Value = "RT314F12"; VariantName = "[No Variations]"
Change component parameters: Designator = "R7" ("R7"); Footprint = "RELAY9-500X1142_618"; UniqueID = "\XYSSNEKB\LIQSAXZJ" ("\XYSSNEKB\LIQSAXZJ")
Change component parameters (AddParameter): Name = "MF"; Value = "TE Connectivity"; VariantName = "[No Variations]"
Change component parameters (AddParameter): Name = "MP"; Value = "RT314F12"; VariantName = "[No Variations]"
Change component parameters (AddParameter): Name = "OZD"; Value = "RT314F12"; VariantName = "[No Variations]"
Change component parameters (AddParameter): Name = "Package"; Value = "DIP,29x12.7mm"; VariantName = "[No Variations]"
Change component parameters (AddParameter): Name = "Value"; Value = "RT314F12"; VariantName = "[No Variations]"
Change component parameters: Designator = "R8" ("R8"); Footprint = "RELAY9-500X1142_618"; UniqueID = "\XYSSNEKB\VPWYWAKX" ("\XYSSNEKB\VPWYWAKX")
Change component parameters (AddParameter): Name = "MF"; Value = "TE Connectivity"; VariantName = "[No Variations]"
Change component parameters (AddParameter): Name = "MP"; Value = "RT314F12"; VariantName = "[No Variations]"
Change component parameters (AddParameter): Name = "OZD"; Value = "RT314F12"; VariantName = "[No Variations]"
Change component parameters (AddParameter): Name = "Package"; Value = "DIP,29x12.7mm"; VariantName = "[No Variations]"
Change component parameters (AddParameter): Name = "Value"; Value = "RT314F12"; VariantName = "[No Variations]"
Change component parameters: Designator = "R32" ("R32"); Footprint = "R_0603_1608Metric"; UniqueID = "\XYSSNEKB\PJHCRQOT" ("\XYSSNEKB\PJHCRQOT")
Change component parameters (AddParameter): Name = "MF"; Value = "FOJAN"; VariantName = "[No Variations]"
Change component parameters (AddParameter): Name = "MP"; Value = "FRC0603J103TS"; VariantName = "[No Variations]"
Change component parameters (AddParameter): Name = "Package"; Value = "R_0603"; VariantName = "[No Variations]"
Change component parameters (AddParameter): Name = "Value"; Value = "10K"; VariantName = "[No Variations]"
Change component parameters: Designator = "R33" ("R33"); Footprint = "R_0603_1608Metric"; UniqueID = "\XYSSNEKB\FUMKDCNN" ("\XYSSNEKB\FUMKDCNN")
Change component parameters (AddParameter): Name = "MF"; Value = "YAGEO"; VariantName = "[No Variations]"
Change component parameters (AddParameter): Name = "MP"; Value = "RC0603JR-071KL"; VariantName = "[No Variations]"
Change component parameters (AddParameter): Name = "OZD"; Value = "RC0603JR-071KL"; VariantName = "[No Variations]"
Change component parameters (AddParameter): Name = "Package"; Value = "R_0603"; VariantName = "[No Variations]"
Change component parameters (AddParameter): Name = "Value"; Value = "1K"; VariantName = "[No Variations]"
Change component parameters: Designator = "R34" ("R34"); Footprint = "R_0603_1608Metric"; UniqueID = "\XYSSNEKB\MJWNIMAJ" ("\XYSSNEKB\MJWNIMAJ")
Change component parameters (AddParameter): Name = "MF"; Value = "YAGEO"; VariantName = "[No Variations]"
Change component parameters (AddParameter): Name = "MP"; Value = "RC0603JR-071KL"; VariantName = "[No Variations]"
Change component parameters (AddParameter): Name = "OZD"; Value = "RC0603JR-071KL"; VariantName = "[No Variations]"
Change component parameters (AddParameter): Name = "Package"; Value = "R_0603"; VariantName = "[No Variations]"
Change component parameters (AddParameter): Name = "Value"; Value = "1K"; VariantName = "[No Variations]"
Change component parameters: Designator = "R35" ("R35"); Footprint = "R_0603_1608Metric"; UniqueID = "\XYSSNEKB\RCHGGOTX" ("\XYSSNEKB\RCHGGOTX")
Change component parameters (AddParameter): Name = "MF"; Value = "FOJAN"; VariantName = "[No Variations]"
Change component parameters (AddParameter): Name = "MP"; Value = "FRC0603J103TS"; VariantName = "[No Variations]"
Change component parameters (AddParameter): Name = "Package"; Value = "R_0603"; VariantName = "[No Variations]"
Change component parameters (AddParameter): Name = "Value"; Value = "10K"; VariantName = "[No Variations]"
Change component parameters: Designator = "R56" ("R56"); Footprint = "R_0603_1608Metric"; UniqueID = "\XYSSNEKB\CFQNSXSV" ("\XYSSNEKB\CFQNSXSV")
Change component parameters (AddParameter): Name = "MF"; Value = "YAGEO"; VariantName = "[No Variations]"
Change component parameters (AddParameter): Name = "MP"; Value = "RC0603JR-071KL"; VariantName = "[No Variations]"
Change component parameters (AddParameter): Name = "OZD"; Value = "RC0603JR-071KL"; VariantName = "[No Variations]"
Change component parameters (AddParameter): Name = "Package"; Value = "R_0603"; VariantName = "[No Variations]"
Change component parameters (AddParameter): Name = "Value"; Value = "1K"; VariantName = "[No Variations]"
Change component parameters: Designator = "R57" ("R57"); Footprint = "R_0603_1608Metric"; UniqueID = "\XYSSNEKB\YXGRRZTH" ("\XYSSNEKB\YXGRRZTH")
Change component parameters (AddParameter): Name = "MF"; Value = "YAGEO"; VariantName = "[No Variations]"
Change component parameters (AddParameter): Name = "MP"; Value = "RC0603JR-071KL"; VariantName = "[No Variations]"
Change component parameters (AddParameter): Name = "OZD"; Value = "RC0603JR-071KL"; VariantName = "[No Variations]"
Change component parameters (AddParameter): Name = "Package"; Value = "R_0603"; VariantName = "[No Variations]"
Change component parameters (AddParameter): Name = "Value"; Value = "1K"; VariantName = "[No Variations]"
Change component parameters: Designator = "R58" ("R58"); Footprint = "R_0603_1608Metric"; UniqueID = "\XYSSNEKB\RTURKGMI" ("\XYSSNEKB\RTURKGMI")
Change component parameters (AddParameter): Name = "MF"; Value = "FOJAN"; VariantName = "[No Variations]"
Change component parameters (AddParameter): Name = "MP"; Value = "FRC0603J103TS"; VariantName = "[No Variations]"
Change component parameters (AddParameter): Name = "Package"; Value = "R_0603"; VariantName = "[No Variations]"
Change component parameters (AddParameter): Name = "Value"; Value = "10K"; VariantName = "[No Variations]"
Change component parameters: Designator = "R59" ("R59"); Footprint = "R_0603_1608Metric"; UniqueID = "\XYSSNEKB\WYODKKZS" ("\XYSSNEKB\WYODKKZS")
Change component parameters (AddParameter): Name = "MF"; Value = "FOJAN"; VariantName = "[No Variations]"
Change component parameters (AddParameter): Name = "MP"; Value = "FRC0603J103TS"; VariantName = "[No Variations]"
Change component parameters (AddParameter): Name = "Package"; Value = "R_0603"; VariantName = "[No Variations]"
Change component parameters (AddParameter): Name = "Value"; Value = "10K"; VariantName = "[No Variations]"
Change component parameters: Designator = "R60" ("R60"); Footprint = "R_0603_1608Metric"; UniqueID = "\XYSSNEKB\LQZNNIPI" ("\XYSSNEKB\LQZNNIPI")
Change component parameters (AddParameter): Name = "MF"; Value = "YAGEO"; VariantName = "[No Variations]"
Change component parameters (AddParameter): Name = "MP"; Value = "RC0603JR-071KL"; VariantName = "[No Variations]"
Change component parameters (AddParameter): Name = "OZD"; Value = "RC0603JR-071KL"; VariantName = "[No Variations]"
Change component parameters (AddParameter): Name = "Package"; Value = "R_0603"; VariantName = "[No Variations]"
Change component parameters (AddParameter): Name = "Value"; Value = "1K"; VariantName = "[No Variations]"
Change component parameters: Designator = "R61" ("R61"); Footprint = "R_0603_1608Metric"; UniqueID = "\XYSSNEKB\ZTOIVSRW" ("\XYSSNEKB\ZTOIVSRW")
Change component parameters (AddParameter): Name = "MF"; Value = "YAGEO"; VariantName = "[No Variations]"
Change component parameters (AddParameter): Name = "MP"; Value = "RC0603JR-071KL"; VariantName = "[No Variations]"
Change component parameters (AddParameter): Name = "OZD"; Value = "RC0603JR-071KL"; VariantName = "[No Variations]"
Change component parameters (AddParameter): Name = "Package"; Value = "R_0603"; VariantName = "[No Variations]"
Change component parameters (AddParameter): Name = "Value"; Value = "1K"; VariantName = "[No Variations]"
Change component parameters: Designator = "R62" ("R62"); Footprint = "R_0603_1608Metric"; UniqueID = "\XYSSNEKB\EMCYRIPW" ("\XYSSNEKB\EMCYRIPW")
Change component parameters (AddParameter): Name = "MF"; Value = "FOJAN"; VariantName = "[No Variations]"
Change component parameters (AddParameter): Name = "MP"; Value = "FRC0603J103TS"; VariantName = "[No Variations]"
Change component parameters (AddParameter): Name = "Package"; Value = "R_0603"; VariantName = "[No Variations]"
Change component parameters (AddParameter): Name = "Value"; Value = "10K"; VariantName = "[No Variations]"
Change component parameters: Designator = "R63" ("R63"); Footprint = "R_0603_1608Metric"; UniqueID = "\XYSSNEKB\YCWKXBYH" ("\XYSSNEKB\YCWKXBYH")
Change component parameters (AddParameter): Name = "MF"; Value = "FOJAN"; VariantName = "[No Variations]"
Change component parameters (AddParameter): Name = "MP"; Value = "FRC0603J103TS"; VariantName = "[No Variations]"
Change component parameters (AddParameter): Name = "Package"; Value = "R_0603"; VariantName = "[No Variations]"
Change component parameters (AddParameter): Name = "Value"; Value = "10K"; VariantName = "[No Variations]"
Change component parameters: Designator = "R64" ("R64"); Footprint = "R_0603_1608Metric"; UniqueID = "\XYSSNEKB\PPULYPQS" ("\XYSSNEKB\PPULYPQS")
Change component parameters (AddParameter): Name = "MF"; Value = "YAGEO"; VariantName = "[No Variations]"
Change component parameters (AddParameter): Name = "MP"; Value = "RC0603JR-071KL"; VariantName = "[No Variations]"
Change component parameters (AddParameter): Name = "OZD"; Value = "RC0603JR-071KL"; VariantName = "[No Variations]"
Change component parameters (AddParameter): Name = "Package"; Value = "R_0603"; VariantName = "[No Variations]"
Change component parameters (AddParameter): Name = "Value"; Value = "1K"; VariantName = "[No Variations]"
Change component parameters: Designator = "R65" ("R65"); Footprint = "R_0603_1608Metric"; UniqueID = "\XYSSNEKB\BKIQLVNL" ("\XYSSNEKB\BKIQLVNL")
Change component parameters (AddParameter): Name = "MF"; Value = "YAGEO"; VariantName = "[No Variations]"
Change component parameters (AddParameter): Name = "MP"; Value = "RC0603JR-071KL"; VariantName = "[No Variations]"
Change component parameters (AddParameter): Name = "OZD"; Value = "RC0603JR-071KL"; VariantName = "[No Variations]"
Change component parameters (AddParameter): Name = "Package"; Value = "R_0603"; VariantName = "[No Variations]"
Change component parameters (AddParameter): Name = "Value"; Value = "1K"; VariantName = "[No Variations]"
Change component parameters: Designator = "R66" ("R66"); Footprint = "R_0603_1608Metric"; UniqueID = "\XYSSNEKB\BJAVZSJG" ("\XYSSNEKB\BJAVZSJG")
Change component parameters (AddParameter): Name = "MF"; Value = "FOJAN"; VariantName = "[No Variations]"
Change component parameters (AddParameter): Name = "MP"; Value = "FRC0603J103TS"; VariantName = "[No Variations]"
Change component parameters (AddParameter): Name = "Package"; Value = "R_0603"; VariantName = "[No Variations]"
Change component parameters (AddParameter): Name = "Value"; Value = "10K"; VariantName = "[No Variations]"
Change component parameters: Designator = "R67" ("R67"); Footprint = "R_0603_1608Metric"; UniqueID = "\XYSSNEKB\JIXWHBGN" ("\XYSSNEKB\JIXWHBGN")
Change component parameters (AddParameter): Name = "MF"; Value = "FOJAN"; VariantName = "[No Variations]"
Change component parameters (AddParameter): Name = "MP"; Value = "FRC0603J103TS"; VariantName = "[No Variations]"
Change component parameters (AddParameter): Name = "Package"; Value = "R_0603"; VariantName = "[No Variations]"
Change component parameters (AddParameter): Name = "Value"; Value = "10K"; VariantName = "[No Variations]"
Change component parameters: Designator = "R68" ("R68"); Footprint = "R_0603_1608Metric"; UniqueID = "\XYSSNEKB\KRPHFFOO" ("\XYSSNEKB\KRPHFFOO")
Change component parameters (AddParameter): Name = "MF"; Value = "YAGEO"; VariantName = "[No Variations]"
Change component parameters (AddParameter): Name = "MP"; Value = "RC0603JR-071KL"; VariantName = "[No Variations]"
Change component parameters (AddParameter): Name = "OZD"; Value = "RC0603JR-071KL"; VariantName = "[No Variations]"
Change component parameters (AddParameter): Name = "Package"; Value = "R_0603"; VariantName = "[No Variations]"
Change component parameters (AddParameter): Name = "Value"; Value = "1K"; VariantName = "[No Variations]"
Change component parameters: Designator = "R69" ("R69"); Footprint = "R_0603_1608Metric"; UniqueID = "\XYSSNEKB\KNRIYYBK" ("\XYSSNEKB\KNRIYYBK")
Change component parameters (AddParameter): Name = "MF"; Value = "YAGEO"; VariantName = "[No Variations]"
Change component parameters (AddParameter): Name = "MP"; Value = "RC0603JR-071KL"; VariantName = "[No Variations]"
Change component parameters (AddParameter): Name = "OZD"; Value = "RC0603JR-071KL"; VariantName = "[No Variations]"
Change component parameters (AddParameter): Name = "Package"; Value = "R_0603"; VariantName = "[No Variations]"
Change component parameters (AddParameter): Name = "Value"; Value = "1K"; VariantName = "[No Variations]"
Change component parameters: Designator = "R70" ("R70"); Footprint = "R_0603_1608Metric"; UniqueID = "\XYSSNEKB\NDTPCGSU" ("\XYSSNEKB\NDTPCGSU")
Change component parameters (AddParameter): Name = "MF"; Value = "FOJAN"; VariantName = "[No Variations]"
Change component parameters (AddParameter): Name = "MP"; Value = "FRC0603J103TS"; VariantName = "[No Variations]"
Change component parameters (AddParameter): Name = "Package"; Value = "R_0603"; VariantName = "[No Variations]"
Change component parameters (AddParameter): Name = "Value"; Value = "10K"; VariantName = "[No Variations]"
Change component parameters: Designator = "R71" ("R71"); Footprint = "R_0603_1608Metric"; UniqueID = "\XYSSNEKB\RFXZRCGJ" ("\XYSSNEKB\RFXZRCGJ")
Change component parameters (AddParameter): Name = "MF"; Value = "FOJAN"; VariantName = "[No Variations]"
Change component parameters (AddParameter): Name = "MP"; Value = "FRC0603J103TS"; VariantName = "[No Variations]"
Change component parameters (AddParameter): Name = "Package"; Value = "R_0603"; VariantName = "[No Variations]"
Change component parameters (AddParameter): Name = "Value"; Value = "10K"; VariantName = "[No Variations]"
Change component parameters: Designator = "R72" ("R72"); Footprint = "R_0603_1608Metric"; UniqueID = "\XYSSNEKB\YPKNGCYB" ("\XYSSNEKB\YPKNGCYB")
Change component parameters (AddParameter): Name = "MF"; Value = "YAGEO"; VariantName = "[No Variations]"
Change component parameters (AddParameter): Name = "MP"; Value = "RC0603JR-071KL"; VariantName = "[No Variations]"
Change component parameters (AddParameter): Name = "OZD"; Value = "RC0603JR-071KL"; VariantName = "[No Variations]"
Change component parameters (AddParameter): Name = "Package"; Value = "R_0603"; VariantName = "[No Variations]"
Change component parameters (AddParameter): Name = "Value"; Value = "1K"; VariantName = "[No Variations]"
Change component parameters: Designator = "R73" ("R73"); Footprint = "R_0603_1608Metric"; UniqueID = "\XYSSNEKB\ACNZHOEQ" ("\XYSSNEKB\ACNZHOEQ")
Change component parameters (AddParameter): Name = "MF"; Value = "YAGEO"; VariantName = "[No Variations]"
Change component parameters (AddParameter): Name = "MP"; Value = "RC0603JR-071KL"; VariantName = "[No Variations]"
Change component parameters (AddParameter): Name = "OZD"; Value = "RC0603JR-071KL"; VariantName = "[No Variations]"
Change component parameters (AddParameter): Name = "Package"; Value = "R_0603"; VariantName = "[No Variations]"
Change component parameters (AddParameter): Name = "Value"; Value = "1K"; VariantName = "[No Variations]"
Change component parameters: Designator = "R74" ("R74"); Footprint = "R_0603_1608Metric"; UniqueID = "\XYSSNEKB\XCTDXQWZ" ("\XYSSNEKB\XCTDXQWZ")
Change component parameters (AddParameter): Name = "MF"; Value = "FOJAN"; VariantName = "[No Variations]"
Change component parameters (AddParameter): Name = "MP"; Value = "FRC0603J103TS"; VariantName = "[No Variations]"
Change component parameters (AddParameter): Name = "Package"; Value = "R_0603"; VariantName = "[No Variations]"
Change component parameters (AddParameter): Name = "Value"; Value = "10K"; VariantName = "[No Variations]"
Change component parameters: Designator = "R75" ("R75"); Footprint = "R_0603_1608Metric"; UniqueID = "\XYSSNEKB\VWTNQHVR" ("\XYSSNEKB\VWTNQHVR")
Change component parameters (AddParameter): Name = "MF"; Value = "FOJAN"; VariantName = "[No Variations]"
Change component parameters (AddParameter): Name = "MP"; Value = "FRC0603J103TS"; VariantName = "[No Variations]"
Change component parameters (AddParameter): Name = "Package"; Value = "R_0603"; VariantName = "[No Variations]"
Change component parameters (AddParameter): Name = "Value"; Value = "10K"; VariantName = "[No Variations]"
Change component parameters: Designator = "R76" ("R76"); Footprint = "R_0603_1608Metric"; UniqueID = "\XYSSNEKB\RFVWPSJL" ("\XYSSNEKB\RFVWPSJL")
Change component parameters (AddParameter): Name = "MF"; Value = "YAGEO"; VariantName = "[No Variations]"
Change component parameters (AddParameter): Name = "MP"; Value = "RC0603JR-071KL"; VariantName = "[No Variations]"
Change component parameters (AddParameter): Name = "OZD"; Value = "RC0603JR-071KL"; VariantName = "[No Variations]"
Change component parameters (AddParameter): Name = "Package"; Value = "R_0603"; VariantName = "[No Variations]"
Change component parameters (AddParameter): Name = "Value"; Value = "1K"; VariantName = "[No Variations]"
Change component parameters: Designator = "R77" ("R77"); Footprint = "R_0603_1608Metric"; UniqueID = "\XYSSNEKB\ALCOPDSE" ("\XYSSNEKB\ALCOPDSE")
Change component parameters (AddParameter): Name = "MF"; Value = "YAGEO"; VariantName = "[No Variations]"
Change component parameters (AddParameter): Name = "MP"; Value = "RC0603JR-071KL"; VariantName = "[No Variations]"
Change component parameters (AddParameter): Name = "OZD"; Value = "RC0603JR-071KL"; VariantName = "[No Variations]"
Change component parameters (AddParameter): Name = "Package"; Value = "R_0603"; VariantName = "[No Variations]"
Change component parameters (AddParameter): Name = "Value"; Value = "1K"; VariantName = "[No Variations]"
Change component parameters: Designator = "R78" ("R78"); Footprint = "R_0603_1608Metric"; UniqueID = "\XYSSNEKB\DEWEGLRZ" ("\XYSSNEKB\DEWEGLRZ")
Change component parameters (AddParameter): Name = "MF"; Value = "FOJAN"; VariantName = "[No Variations]"
Change component parameters (AddParameter): Name = "MP"; Value = "FRC0603J103TS"; VariantName = "[No Variations]"
Change component parameters (AddParameter): Name = "Package"; Value = "R_0603"; VariantName = "[No Variations]"
Change component parameters (AddParameter): Name = "Value"; Value = "10K"; VariantName = "[No Variations]"
Change component parameters: Designator = "R79" ("R79"); Footprint = "R_0603_1608Metric"; UniqueID = "\XYSSNEKB\GNHFHFTL" ("\XYSSNEKB\GNHFHFTL")
Change component parameters (AddParameter): Name = "MF"; Value = "FOJAN"; VariantName = "[No Variations]"
Change component parameters (AddParameter): Name = "MP"; Value = "FRC0603J103TS"; VariantName = "[No Variations]"
Change component parameters (AddParameter): Name = "Package"; Value = "R_0603"; VariantName = "[No Variations]"
Change component parameters (AddParameter): Name = "Value"; Value = "10K"; VariantName = "[No Variations]"
Change component parameters: Designator = "R80" ("R80"); Footprint = "R_0603_1608Metric"; UniqueID = "\XYSSNEKB\IAKEEGCE" ("\XYSSNEKB\IAKEEGCE")
Change component parameters (AddParameter): Name = "MF"; Value = "YAGEO"; VariantName = "[No Variations]"
Change component parameters (AddParameter): Name = "MP"; Value = "RC0603JR-071KL"; VariantName = "[No Variations]"
Change component parameters (AddParameter): Name = "OZD"; Value = "RC0603JR-071KL"; VariantName = "[No Variations]"
Change component parameters (AddParameter): Name = "Package"; Value = "R_0603"; VariantName = "[No Variations]"
Change component parameters (AddParameter): Name = "Value"; Value = "1K"; VariantName = "[No Variations]"
Change component parameters: Designator = "R81" ("R81"); Footprint = "R_0603_1608Metric"; UniqueID = "\XYSSNEKB\AOSKAQHE" ("\XYSSNEKB\AOSKAQHE")
Change component parameters (AddParameter): Name = "MF"; Value = "YAGEO"; VariantName = "[No Variations]"
Change component parameters (AddParameter): Name = "MP"; Value = "RC0603JR-071KL"; VariantName = "[No Variations]"
Change component parameters (AddParameter): Name = "OZD"; Value = "RC0603JR-071KL"; VariantName = "[No Variations]"
Change component parameters (AddParameter): Name = "Package"; Value = "R_0603"; VariantName = "[No Variations]"
Change component parameters (AddParameter): Name = "Value"; Value = "1K"; VariantName = "[No Variations]"
Change component parameters: Designator = "R82" ("R82"); Footprint = "R_0603_1608Metric"; UniqueID = "\XYSSNEKB\DREQCSVF" ("\XYSSNEKB\DREQCSVF")
Change component parameters (AddParameter): Name = "MF"; Value = "FOJAN"; VariantName = "[No Variations]"
Change component parameters (AddParameter): Name = "MP"; Value = "FRC0603J103TS"; VariantName = "[No Variations]"
Change component parameters (AddParameter): Name = "Package"; Value = "R_0603"; VariantName = "[No Variations]"
Change component parameters (AddParameter): Name = "Value"; Value = "10K"; VariantName = "[No Variations]"
Change component parameters: Designator = "R83" ("R83"); Footprint = "R_0603_1608Metric"; UniqueID = "\XYSSNEKB\BPCFZTAZ" ("\XYSSNEKB\BPCFZTAZ")
Change component parameters (AddParameter): Name = "MF"; Value = "FOJAN"; VariantName = "[No Variations]"
Change component parameters (AddParameter): Name = "MP"; Value = "FRC0603J103TS"; VariantName = "[No Variations]"
Change component parameters (AddParameter): Name = "Package"; Value = "R_0603"; VariantName = "[No Variations]"
Change component parameters (AddParameter): Name = "Value"; Value = "10K"; VariantName = "[No Variations]"
Change component parameters: Designator = "R84" ("R84"); Footprint = "R_0603_1608Metric"; UniqueID = "\GVTRUGMG" ("\GVTRUGMG")
Change component parameters (AddParameter): Name = "MF"; Value = "FOJAN"; VariantName = "[No Variations]"
Change component parameters (AddParameter): Name = "MP"; Value = "FRC0603J103TS"; VariantName = "[No Variations]"
Change component parameters (AddParameter): Name = "Package"; Value = "R_0603"; VariantName = "[No Variations]"
Change component parameters (AddParameter): Name = "Value"; Value = "10K"; VariantName = "[No Variations]"
Change component parameters: Designator = "R85" ("R85"); Footprint = "R_0603_1608Metric"; UniqueID = "\OWENIYGB" ("\OWENIYGB")
Change component parameters (AddParameter): Name = "MF"; Value = "FOJAN"; VariantName = "[No Variations]"
Change component parameters (AddParameter): Name = "MP"; Value = "FRC0603J103TS"; VariantName = "[No Variations]"
Change component parameters (AddParameter): Name = "Package"; Value = "R_0603"; VariantName = "[No Variations]"
Change component parameters (AddParameter): Name = "Value"; Value = "10K"; VariantName = "[No Variations]"
Change component parameters: Designator = "R87" ("R87"); Footprint = "R_0603_1608Metric"; UniqueID = "\WBAKXXTS" ("\WBAKXXTS")
Change component parameters (AddParameter): Name = "MF"; Value = "YAGEO"; VariantName = "[No Variations]"
Change component parameters (AddParameter): Name = "MP"; Value = "RC0603JR-0733RL"; VariantName = "[No Variations]"
Change component parameters (AddParameter): Name = "OZD"; Value = "RC0603JR-0733RL"; VariantName = "[No Variations]"
Change component parameters (AddParameter): Name = "Package"; Value = "R_0603"; VariantName = "[No Variations]"
Change component parameters (AddParameter): Name = "Value"; Value = "33R"; VariantName = "[No Variations]"
Change component parameters: Designator = "R88" ("R88"); Footprint = "R_0603_1608Metric"; UniqueID = "\ENBLUCPN" ("\ENBLUCPN")
Change component parameters (AddParameter): Name = "MF"; Value = "YAGEO"; VariantName = "[No Variations]"
Change component parameters (AddParameter): Name = "MP"; Value = "RC0603JR-0733RL"; VariantName = "[No Variations]"
Change component parameters (AddParameter): Name = "OZD"; Value = "RC0603JR-0733RL"; VariantName = "[No Variations]"
Change component parameters (AddParameter): Name = "Package"; Value = "R_0603"; VariantName = "[No Variations]"
Change component parameters (AddParameter): Name = "Value"; Value = "33R"; VariantName = "[No Variations]"
Change component parameters: Designator = "R89" ("R89"); Footprint = "R_0603_1608Metric"; UniqueID = "\EMQPECKF" ("\EMQPECKF")
Change component parameters (AddParameter): Name = "MF"; Value = "YAGEO"; VariantName = "[No Variations]"
Change component parameters (AddParameter): Name = "MP"; Value = "RC0603JR-0733RL"; VariantName = "[No Variations]"
Change component parameters (AddParameter): Name = "OZD"; Value = "RC0603JR-0733RL"; VariantName = "[No Variations]"
Change component parameters (AddParameter): Name = "Package"; Value = "R_0603"; VariantName = "[No Variations]"
Change component parameters (AddParameter): Name = "Value"; Value = "33R"; VariantName = "[No Variations]"
Change component parameters: Designator = "R90" ("R90"); Footprint = "R_0603_1608Metric"; UniqueID = "\FPCZNRPY" ("\FPCZNRPY")
Change component parameters (AddParameter): Name = "MF"; Value = "YAGEO"; VariantName = "[No Variations]"
Change component parameters (AddParameter): Name = "MP"; Value = "RC0603JR-0733RL"; VariantName = "[No Variations]"
Change component parameters (AddParameter): Name = "OZD"; Value = "RC0603JR-0733RL"; VariantName = "[No Variations]"
Change component parameters (AddParameter): Name = "Package"; Value = "R_0603"; VariantName = "[No Variations]"
Change component parameters (AddParameter): Name = "Value"; Value = "33R"; VariantName = "[No Variations]"
Change component parameters: Designator = "U15" ("U15"); Footprint = "TSSOP-16_4.4x5mm_P0.65mm"; UniqueID = "\ZKOBEZGT\VKBDVEFF" ("\ZKOBEZGT\VKBDVEFF")
Change component parameters (AddParameter): Name = "MF"; Value = "Nexperia"; VariantName = "[No Variations]"
Change component parameters (AddParameter): Name = "MP"; Value = "74HC595PW,118"; VariantName = "[No Variations]"
Change component parameters (AddParameter): Name = "Package"; Value = "TSSOP-16"; VariantName = "[No Variations]"
Change component parameters (AddParameter): Name = "Value"; Value = "74HC595PW,118"; VariantName = "[No Variations]"
Change component parameters: Designator = "U17" ("U17"); Footprint = "TSSOP-16_4.4x5mm_P0.65mm"; UniqueID = "\ZKOBEZGT\DNKCYLRF" ("\ZKOBEZGT\DNKCYLRF")
Change component parameters (AddParameter): Name = "MF"; Value = "Nexperia"; VariantName = "[No Variations]"
Change component parameters (AddParameter): Name = "MP"; Value = "74HC595PW,118"; VariantName = "[No Variations]"
Change component parameters (AddParameter): Name = "Package"; Value = "TSSOP-16"; VariantName = "[No Variations]"
Change component parameters (AddParameter): Name = "Value"; Value = "74HC595PW,118"; VariantName = "[No Variations]"
Change component parameters: Designator = "Z2" ("Z2"); Footprint = "D_MiniMELF"; UniqueID = "\KSSALYDT" ("\KSSALYDT")
Change component parameters (AddParameter): Name = "MF"; Value = "PANJIT"; VariantName = "[No Variations]"
Change component parameters (AddParameter): Name = "MP"; Value = "ZMM55-C6V8_R1_10001"; VariantName = "[No Variations]"
Change component parameters (AddParameter): Name = "OZD"; Value = "ZMM55-C6V8_R1_10001"; VariantName = "[No Variations]"
Change component parameters (AddParameter): Name = "Package"; Value = "D_MiniMELF"; VariantName = "[No Variations]"
Change component parameters (AddParameter): Name = "Value"; Value = "6.8V"; VariantName = "[No Variations]"
Added Pin To Net: NetName=+3V3 Pin=C33-2
Added Pin To Net: NetName=+3V3 Pin=C34-2
Added Pin To Net: NetName=+3V3 Pin=J10-2
Added Pin To Net: NetName=+3V3 Pin=U15-10
Added Pin To Net: NetName=+3V3 Pin=U15-16
Added Pin To Net: NetName=+3V3 Pin=U17-10
Added Pin To Net: NetName=+3V3 Pin=U17-16
Added Net: Name=+3V3
Added Pin To Net: NetName=+12V Pin=C4-1
Added Pin To Net: NetName=+12V Pin=C5-1
Added Pin To Net: NetName=+12V Pin=J10-1
Added Pin To Net: NetName=+12V Pin=R1-A3
Added Pin To Net: NetName=+12V Pin=R2-A3
Added Pin To Net: NetName=+12V Pin=R3-A3
Added Pin To Net: NetName=+12V Pin=R4-A3
Added Pin To Net: NetName=+12V Pin=R5-A3
Added Pin To Net: NetName=+12V Pin=R6-A3
Added Pin To Net: NetName=+12V Pin=R7-A3
Added Pin To Net: NetName=+12V Pin=R8-A3
Added Pin To Net: NetName=+12V Pin=R86-1
Added Pin To Net: NetName=+12V Pin=Z2-1
Added Net: Name=+12V
Added Pin To Net: NetName=GNDD Pin=C5-2
Added Pin To Net: NetName=GNDD Pin=C6-1
Added Pin To Net: NetName=GNDD Pin=C7-1
Added Pin To Net: NetName=GNDD Pin=C12-1
Added Pin To Net: NetName=GNDD Pin=C13-1
Added Pin To Net: NetName=GNDD Pin=C14-1
Added Pin To Net: NetName=GNDD Pin=C15-1
Added Pin To Net: NetName=GNDD Pin=C16-1
Added Pin To Net: NetName=GNDD Pin=C17-1
Added Pin To Net: NetName=GNDD Pin=C18-1
Added Pin To Net: NetName=GNDD Pin=C19-1
Added Pin To Net: NetName=GNDD Pin=C20-1
Added Pin To Net: NetName=GNDD Pin=C21-1
Added Pin To Net: NetName=GNDD Pin=C22-1
Added Pin To Net: NetName=GNDD Pin=C23-1
Added Pin To Net: NetName=GNDD Pin=C24-1
Added Pin To Net: NetName=GNDD Pin=C25-1
Added Pin To Net: NetName=GNDD Pin=C33-1
Added Pin To Net: NetName=GNDD Pin=C34-1
Added Pin To Net: NetName=GNDD Pin=J10-3
Added Pin To Net: NetName=GNDD Pin=Q3-2
Added Pin To Net: NetName=GNDD Pin=Q4-2
Added Pin To Net: NetName=GNDD Pin=Q18-2
Added Pin To Net: NetName=GNDD Pin=Q19-2
Added Pin To Net: NetName=GNDD Pin=Q20-2
Added Pin To Net: NetName=GNDD Pin=Q21-2
Added Pin To Net: NetName=GNDD Pin=Q22-2
Added Pin To Net: NetName=GNDD Pin=Q23-2
Added Pin To Net: NetName=GNDD Pin=Q24-2
Added Pin To Net: NetName=GNDD Pin=Q25-2
Added Pin To Net: NetName=GNDD Pin=Q26-2
Added Pin To Net: NetName=GNDD Pin=Q27-2
Added Pin To Net: NetName=GNDD Pin=Q28-2
Added Pin To Net: NetName=GNDD Pin=Q29-2
Added Pin To Net: NetName=GNDD Pin=Q30-2
Added Pin To Net: NetName=GNDD Pin=Q31-2
Added Pin To Net: NetName=GNDD Pin=Q32-2
Added Pin To Net: NetName=GNDD Pin=R32-1
Added Pin To Net: NetName=GNDD Pin=R35-1
Added Pin To Net: NetName=GNDD Pin=R58-1
Added Pin To Net: NetName=GNDD Pin=R59-1
Added Pin To Net: NetName=GNDD Pin=R62-1
Added Pin To Net: NetName=GNDD Pin=R63-1
Added Pin To Net: NetName=GNDD Pin=R66-1
Added Pin To Net: NetName=GNDD Pin=R67-1
Added Pin To Net: NetName=GNDD Pin=R70-1
Added Pin To Net: NetName=GNDD Pin=R71-1
Added Pin To Net: NetName=GNDD Pin=R74-1
Added Pin To Net: NetName=GNDD Pin=R75-1
Added Pin To Net: NetName=GNDD Pin=R78-1
Added Pin To Net: NetName=GNDD Pin=R79-1
Added Pin To Net: NetName=GNDD Pin=R82-1
Added Pin To Net: NetName=GNDD Pin=R83-1
Added Pin To Net: NetName=GNDD Pin=R84-1
Added Pin To Net: NetName=GNDD Pin=U15-8
Added Pin To Net: NetName=GNDD Pin=U17-8
Added Net: Name=GNDD
Added Pin To Net: NetName=NetC4_2 Pin=C4-2
Added Pin To Net: NetName=NetC4_2 Pin=Q32-3
Added Net: Name=NetC4_2
Added Pin To Net: NetName=NetC6_2 Pin=C6-2
Added Pin To Net: NetName=NetC6_2 Pin=Q3-1
Added Pin To Net: NetName=NetC6_2 Pin=R32-2
Added Pin To Net: NetName=NetC6_2 Pin=R33-1
Added Net: Name=NetC6_2
Added Pin To Net: NetName=NetC7_2 Pin=C7-2
Added Pin To Net: NetName=NetC7_2 Pin=Q4-1
Added Pin To Net: NetName=NetC7_2 Pin=R34-1
Added Pin To Net: NetName=NetC7_2 Pin=R35-2
Added Net: Name=NetC7_2
Added Pin To Net: NetName=NetC12_2 Pin=C12-2
Added Pin To Net: NetName=NetC12_2 Pin=Q18-1
Added Pin To Net: NetName=NetC12_2 Pin=R57-1
Added Pin To Net: NetName=NetC12_2 Pin=R58-2
Added Net: Name=NetC12_2
Added Pin To Net: NetName=NetC13_2 Pin=C13-2
Added Pin To Net: NetName=NetC13_2 Pin=Q19-1
Added Pin To Net: NetName=NetC13_2 Pin=R56-1
Added Pin To Net: NetName=NetC13_2 Pin=R59-2
Added Net: Name=NetC13_2
Added Pin To Net: NetName=NetC14_2 Pin=C14-2
Added Pin To Net: NetName=NetC14_2 Pin=Q20-1
Added Pin To Net: NetName=NetC14_2 Pin=R61-1
Added Pin To Net: NetName=NetC14_2 Pin=R62-2
Added Net: Name=NetC14_2
Added Pin To Net: NetName=NetC15_2 Pin=C15-2
Added Pin To Net: NetName=NetC15_2 Pin=Q21-1
Added Pin To Net: NetName=NetC15_2 Pin=R60-1
Added Pin To Net: NetName=NetC15_2 Pin=R63-2
Added Net: Name=NetC15_2
Added Pin To Net: NetName=NetC16_2 Pin=C16-2
Added Pin To Net: NetName=NetC16_2 Pin=Q22-1
Added Pin To Net: NetName=NetC16_2 Pin=R65-1
Added Pin To Net: NetName=NetC16_2 Pin=R66-2
Added Net: Name=NetC16_2
Added Pin To Net: NetName=NetC17_2 Pin=C17-2
Added Pin To Net: NetName=NetC17_2 Pin=Q23-1
Added Pin To Net: NetName=NetC17_2 Pin=R64-1
Added Pin To Net: NetName=NetC17_2 Pin=R67-2
Added Net: Name=NetC17_2
Added Pin To Net: NetName=NetC18_2 Pin=C18-2
Added Pin To Net: NetName=NetC18_2 Pin=Q24-1
Added Pin To Net: NetName=NetC18_2 Pin=R69-1
Added Pin To Net: NetName=NetC18_2 Pin=R70-2
Added Net: Name=NetC18_2
Added Pin To Net: NetName=NetC19_2 Pin=C19-2
Added Pin To Net: NetName=NetC19_2 Pin=Q25-1
Added Pin To Net: NetName=NetC19_2 Pin=R68-1
Added Pin To Net: NetName=NetC19_2 Pin=R71-2
Added Net: Name=NetC19_2
Added Pin To Net: NetName=NetC20_2 Pin=C20-2
Added Pin To Net: NetName=NetC20_2 Pin=Q26-1
Added Pin To Net: NetName=NetC20_2 Pin=R73-1
Added Pin To Net: NetName=NetC20_2 Pin=R74-2
Added Net: Name=NetC20_2
Added Pin To Net: NetName=NetC21_2 Pin=C21-2
Added Pin To Net: NetName=NetC21_2 Pin=Q27-1
Added Pin To Net: NetName=NetC21_2 Pin=R72-1
Added Pin To Net: NetName=NetC21_2 Pin=R75-2
Added Net: Name=NetC21_2
Added Pin To Net: NetName=NetC22_2 Pin=C22-2
Added Pin To Net: NetName=NetC22_2 Pin=Q28-1
Added Pin To Net: NetName=NetC22_2 Pin=R77-1
Added Pin To Net: NetName=NetC22_2 Pin=R78-2
Added Net: Name=NetC22_2
Added Pin To Net: NetName=NetC23_2 Pin=C23-2
Added Pin To Net: NetName=NetC23_2 Pin=Q29-1
Added Pin To Net: NetName=NetC23_2 Pin=R76-1
Added Pin To Net: NetName=NetC23_2 Pin=R79-2
Added Net: Name=NetC23_2
Added Pin To Net: NetName=NetC24_2 Pin=C24-2
Added Pin To Net: NetName=NetC24_2 Pin=Q30-1
Added Pin To Net: NetName=NetC24_2 Pin=R81-1
Added Pin To Net: NetName=NetC24_2 Pin=R82-2
Added Net: Name=NetC24_2
Added Pin To Net: NetName=NetC25_2 Pin=C25-2
Added Pin To Net: NetName=NetC25_2 Pin=Q31-1
Added Pin To Net: NetName=NetC25_2 Pin=R80-1
Added Pin To Net: NetName=NetC25_2 Pin=R83-2
Added Net: Name=NetC25_2
Added Pin To Net: NetName=NetJ11_1 Pin=J12-4
Added Pin To Net: NetName=NetJ11_1 Pin=R87-1
Added Net: Name=NetJ11_1
Added Pin To Net: NetName=NetJ11_3 Pin=J12-3
Added Pin To Net: NetName=NetJ11_3 Pin=R88-1
Added Net: Name=NetJ11_3
Added Pin To Net: NetName=NetJ11_5 Pin=J12-2
Added Pin To Net: NetName=NetJ11_5 Pin=R89-1
Added Net: Name=NetJ11_5
Added Pin To Net: NetName=NetJ11_7 Pin=J12-1
Added Pin To Net: NetName=NetJ11_7 Pin=R90-1
Added Net: Name=NetJ11_7
Added Pin To Net: NetName=NetQ3_3 Pin=Q3-3
Added Pin To Net: NetName=NetQ3_3 Pin=R1-A2
Added Net: Name=NetQ3_3
Added Pin To Net: NetName=NetQ4_3 Pin=Q4-3
Added Pin To Net: NetName=NetQ4_3 Pin=R1-A1
Added Net: Name=NetQ4_3
Added Pin To Net: NetName=NetQ18_3 Pin=Q18-3
Added Pin To Net: NetName=NetQ18_3 Pin=R2-A1
Added Net: Name=NetQ18_3
Added Pin To Net: NetName=NetQ19_3 Pin=Q19-3
Added Pin To Net: NetName=NetQ19_3 Pin=R2-A2
Added Net: Name=NetQ19_3
Added Pin To Net: NetName=NetQ20_3 Pin=Q20-3
Added Pin To Net: NetName=NetQ20_3 Pin=R3-A1
Added Net: Name=NetQ20_3
Added Pin To Net: NetName=NetQ21_3 Pin=Q21-3
Added Pin To Net: NetName=NetQ21_3 Pin=R3-A2
Added Net: Name=NetQ21_3
Added Pin To Net: NetName=NetQ22_3 Pin=Q22-3
Added Pin To Net: NetName=NetQ22_3 Pin=R4-A1
Added Net: Name=NetQ22_3
Added Pin To Net: NetName=NetQ23_3 Pin=Q23-3
Added Pin To Net: NetName=NetQ23_3 Pin=R4-A2
Added Net: Name=NetQ23_3
Added Pin To Net: NetName=NetQ24_3 Pin=Q24-3
Added Pin To Net: NetName=NetQ24_3 Pin=R5-A1
Added Net: Name=NetQ24_3
Added Pin To Net: NetName=NetQ25_3 Pin=Q25-3
Added Pin To Net: NetName=NetQ25_3 Pin=R5-A2
Added Net: Name=NetQ25_3
Added Pin To Net: NetName=NetQ26_3 Pin=Q26-3
Added Pin To Net: NetName=NetQ26_3 Pin=R6-A1
Added Net: Name=NetQ26_3
Added Pin To Net: NetName=NetQ27_3 Pin=Q27-3
Added Pin To Net: NetName=NetQ27_3 Pin=R6-A2
Added Net: Name=NetQ27_3
Added Pin To Net: NetName=NetQ28_3 Pin=Q28-3
Added Pin To Net: NetName=NetQ28_3 Pin=R7-A1
Added Net: Name=NetQ28_3
Added Pin To Net: NetName=NetQ29_3 Pin=Q29-3
Added Pin To Net: NetName=NetQ29_3 Pin=R7-A2
Added Net: Name=NetQ29_3
Added Pin To Net: NetName=NetQ30_3 Pin=Q30-3
Added Pin To Net: NetName=NetQ30_3 Pin=R8-A1
Added Net: Name=NetQ30_3
Added Pin To Net: NetName=NetQ31_3 Pin=Q31-3
Added Pin To Net: NetName=NetQ31_3 Pin=R8-A2
Added Net: Name=NetQ31_3
Added Pin To Net: NetName=NetQ32_1 Pin=Q32-1
Added Pin To Net: NetName=NetQ32_1 Pin=R85-1
Added Net: Name=NetQ32_1
Added Pin To Net: NetName=NetR84_2 Pin=R84-2
Added Pin To Net: NetName=NetR84_2 Pin=R85-2
Added Pin To Net: NetName=NetR84_2 Pin=Z2-2
Added Net: Name=NetR84_2
Added Pin To Net: NetName=NetU15_9 Pin=U15-9
Added Pin To Net: NetName=NetU15_9 Pin=U17-14
Added Net: Name=NetU15_9
Added Pin To Net: NetName=R1_A1 Pin=R34-2
Added Pin To Net: NetName=R1_A1 Pin=U15-3
Added Net: Name=R1_A1
Added Pin To Net: NetName=R1_A2 Pin=R33-2
Added Pin To Net: NetName=R1_A2 Pin=U15-6
Added Net: Name=R1_A2
Added Pin To Net: NetName=R1_COM Pin=J1-2
Added Pin To Net: NetName=R1_COM Pin=R1-11
Added Pin To Net: NetName=R1_COM Pin=R1-11
Added Net: Name=R1_COM
Added Pin To Net: NetName=R1_NC Pin=R1-12
Added Pin To Net: NetName=R1_NC Pin=R1-12
Added Net: Name=R1_NC
Added Pin To Net: NetName=R1_NO Pin=J1-1
Added Pin To Net: NetName=R1_NO Pin=R1-14
Added Pin To Net: NetName=R1_NO Pin=R1-14
Added Net: Name=R1_NO
Added Pin To Net: NetName=R2_A1 Pin=R57-2
Added Pin To Net: NetName=R2_A1 Pin=U17-15
Added Net: Name=R2_A1
Added Pin To Net: NetName=R2_A2 Pin=R56-2
Added Pin To Net: NetName=R2_A2 Pin=U15-2
Added Net: Name=R2_A2
Added Pin To Net: NetName=R2_COM Pin=J2-2
Added Pin To Net: NetName=R2_COM Pin=R2-11
Added Pin To Net: NetName=R2_COM Pin=R2-11
Added Net: Name=R2_COM
Added Pin To Net: NetName=R2_NC Pin=R2-12
Added Pin To Net: NetName=R2_NC Pin=R2-12
Added Net: Name=R2_NC
Added Pin To Net: NetName=R2_NO Pin=J2-1
Added Pin To Net: NetName=R2_NO Pin=R2-14
Added Pin To Net: NetName=R2_NO Pin=R2-14
Added Net: Name=R2_NO
Added Pin To Net: NetName=R3_A1 Pin=R61-2
Added Pin To Net: NetName=R3_A1 Pin=U17-4
Added Net: Name=R3_A1
Added Pin To Net: NetName=R3_A2 Pin=R60-2
Added Pin To Net: NetName=R3_A2 Pin=U17-7
Added Net: Name=R3_A2
Added Pin To Net: NetName=R3_COM Pin=J3-2
Added Pin To Net: NetName=R3_COM Pin=R3-11
Added Pin To Net: NetName=R3_COM Pin=R3-11
Added Net: Name=R3_COM
Added Pin To Net: NetName=R3_NC Pin=R3-12
Added Pin To Net: NetName=R3_NC Pin=R3-12
Added Net: Name=R3_NC
Added Pin To Net: NetName=R3_NO Pin=J3-1
Added Pin To Net: NetName=R3_NO Pin=R3-14
Added Pin To Net: NetName=R3_NO Pin=R3-14
Added Net: Name=R3_NO
Added Pin To Net: NetName=R4_A1 Pin=R65-2
Added Pin To Net: NetName=R4_A1 Pin=U15-7
Added Net: Name=R4_A1
Added Pin To Net: NetName=R4_A2 Pin=R64-2
Added Pin To Net: NetName=R4_A2 Pin=U17-3
Added Net: Name=R4_A2
Added Pin To Net: NetName=R4_COM Pin=J4-2
Added Pin To Net: NetName=R4_COM Pin=R4-11
Added Pin To Net: NetName=R4_COM Pin=R4-11
Added Net: Name=R4_COM
Added Pin To Net: NetName=R4_NC Pin=R4-12
Added Pin To Net: NetName=R4_NC Pin=R4-12
Added Net: Name=R4_NC
Added Pin To Net: NetName=R4_NO Pin=J4-1
Added Pin To Net: NetName=R4_NO Pin=R4-14
Added Pin To Net: NetName=R4_NO Pin=R4-14
Added Net: Name=R4_NO
Added Pin To Net: NetName=R5_A1 Pin=R69-2
Added Pin To Net: NetName=R5_A1 Pin=U17-2
Added Net: Name=R5_A1
Added Pin To Net: NetName=R5_A2 Pin=R68-2
Added Pin To Net: NetName=R5_A2 Pin=U17-1
Added Net: Name=R5_A2
Added Pin To Net: NetName=R5_COM Pin=J5-2
Added Pin To Net: NetName=R5_COM Pin=R5-11
Added Pin To Net: NetName=R5_COM Pin=R5-11
Added Net: Name=R5_COM
Added Pin To Net: NetName=R5_NC Pin=R5-12
Added Pin To Net: NetName=R5_NC Pin=R5-12
Added Net: Name=R5_NC
Added Pin To Net: NetName=R5_NO Pin=J5-1
Added Pin To Net: NetName=R5_NO Pin=R5-14
Added Pin To Net: NetName=R5_NO Pin=R5-14
Added Net: Name=R5_NO
Added Pin To Net: NetName=R6_A1 Pin=R73-2
Added Pin To Net: NetName=R6_A1 Pin=U17-6
Added Net: Name=R6_A1
Added Pin To Net: NetName=R6_A2 Pin=R72-2
Added Pin To Net: NetName=R6_A2 Pin=U17-5
Added Net: Name=R6_A2
Added Pin To Net: NetName=R6_COM Pin=J6-2
Added Pin To Net: NetName=R6_COM Pin=R6-11
Added Pin To Net: NetName=R6_COM Pin=R6-11
Added Net: Name=R6_COM
Added Pin To Net: NetName=R6_NC Pin=R6-12
Added Pin To Net: NetName=R6_NC Pin=R6-12
Added Net: Name=R6_NC
Added Pin To Net: NetName=R6_NO Pin=J6-1
Added Pin To Net: NetName=R6_NO Pin=R6-14
Added Pin To Net: NetName=R6_NO Pin=R6-14
Added Net: Name=R6_NO
Added Pin To Net: NetName=R7_A1 Pin=R77-2
Added Pin To Net: NetName=R7_A1 Pin=U15-15
Added Net: Name=R7_A1
Added Pin To Net: NetName=R7_A2 Pin=R76-2
Added Pin To Net: NetName=R7_A2 Pin=U15-1
Added Net: Name=R7_A2
Added Pin To Net: NetName=R7_COM Pin=J7-2
Added Pin To Net: NetName=R7_COM Pin=R7-11
Added Pin To Net: NetName=R7_COM Pin=R7-11
Added Net: Name=R7_COM
Added Pin To Net: NetName=R7_NC Pin=R7-12
Added Pin To Net: NetName=R7_NC Pin=R7-12
Added Net: Name=R7_NC
Added Pin To Net: NetName=R7_NO Pin=J7-1
Added Pin To Net: NetName=R7_NO Pin=R7-14
Added Pin To Net: NetName=R7_NO Pin=R7-14
Added Net: Name=R7_NO
Added Pin To Net: NetName=R8_A1 Pin=R81-2
Added Pin To Net: NetName=R8_A1 Pin=U15-5
Added Net: Name=R8_A1
Added Pin To Net: NetName=R8_A2 Pin=R80-2
Added Pin To Net: NetName=R8_A2 Pin=U15-4
Added Net: Name=R8_A2
Added Pin To Net: NetName=R8_COM Pin=J8-2
Added Pin To Net: NetName=R8_COM Pin=R8-11
Added Pin To Net: NetName=R8_COM Pin=R8-11
Added Net: Name=R8_COM
Added Pin To Net: NetName=R8_NC Pin=R8-12
Added Pin To Net: NetName=R8_NC Pin=R8-12
Added Net: Name=R8_NC
Added Pin To Net: NetName=R8_NO Pin=J8-1
Added Pin To Net: NetName=R8_NO Pin=R8-14
Added Pin To Net: NetName=R8_NO Pin=R8-14
Added Net: Name=R8_NO
Added Pin To Net: NetName=Relay_ADC Pin=J10-4
Added Pin To Net: NetName=Relay_ADC Pin=R86-2
Added Net: Name=Relay_ADC
Added Pin To Net: NetName=Shift_{\O\E\}\ Pin=R90-2
Added Pin To Net: NetName=Shift_{\O\E\}\ Pin=U15-13
Added Pin To Net: NetName=Shift_{\O\E\}\ Pin=U17-13
Added Net: Name=Shift_{\O\E\}\
Added Pin To Net: NetName=ShiftReg_Latch Pin=R89-2
Added Pin To Net: NetName=ShiftReg_Latch Pin=U15-12
Added Pin To Net: NetName=ShiftReg_Latch Pin=U17-12
Added Net: Name=ShiftReg_Latch
Added Pin To Net: NetName=ShiftRegCLK Pin=R87-2
Added Pin To Net: NetName=ShiftRegCLK Pin=U15-11
Added Pin To Net: NetName=ShiftRegCLK Pin=U17-11
Added Net: Name=ShiftRegCLK
Added Pin To Net: NetName=ShiftRegDATA Pin=R88-2
Added Pin To Net: NetName=ShiftRegDATA Pin=U15-14
Added Net: Name=ShiftRegDATA
Added Class: Name=KNX-RELAY-8CH_V2
Added Class: Name=RELAYS
Added Class: Name=Shift register
