Removed Parameter Manufacturer Part Number:5PS1SDA85-104G0NNNAL-00 from Part J9
Removed Parameter Manufacturer Part Number:5PS1SDA85-104G0NNNAL-00 from Part J10
Removed Parameter Manufacturer Part Number:ERJ3GEY0R00V from Part R86
Removed Parameter Manufacturer:AMTEK from Part J9
Removed Parameter Manufacturer:AMTEK from Part J10
Removed Parameter Manufacturer:PANASONIC(EUROPE) from Part R86
Removed Parameter OZD:2N7002ET1G from Part Q32
Removed Parameter OZD:DG129-5.08-02P-14-00AH from Part J1
Removed Parameter OZD:DG129-5.08-02P-14-00AH from Part J2
Removed Parameter OZD:DG129-5.08-02P-14-00AH from Part J3
Removed Parameter OZD:DG129-5.08-02P-14-00AH from Part J4
Removed Parameter OZD:DG129-5.08-02P-14-00AH from Part J5
Removed Parameter OZD:DG129-5.08-02P-14-00AH from Part J6
Removed Parameter OZD:DG129-5.08-02P-14-00AH from Part J7
Removed Parameter OZD:DG129-5.08-02P-14-00AH from Part J8
Removed Parameter OZD:DG129-5.08-02P-14-00AH from Part J11
Removed Parameter OZD:DG129-5.08-02P-14-00AH from Part J12
Removed Parameter OZD:DG129-5.08-02P-14-00AH from Part J13
Removed Parameter OZD:DG129-5.08-02P-14-00AH from Part J14
Removed Parameter OZD:DG129-5.08-02P-14-00AH from Part J15
Removed Parameter OZD:DG129-5.08-02P-14-00AH from Part J16
Removed Parameter OZD:DG129-5.08-02P-14-00AH from Part J17
Removed Parameter OZD:DG129-5.08-02P-14-00AH from Part J18
Removed Parameter OZD:DG129-5.08-02P-14-00AH from Part J19
Removed Parameter OZD:DG129-5.08-02P-14-00AH from Part J20
Removed Parameter OZD:DG129-5.08-02P-14-00AH from Part J21
Removed Parameter OZD:DG129-5.08-02P-14-00AH from Part J22
Removed Parameter OZD:DG129-5.08-02P-14-00AH from Part J23
Removed Parameter OZD:DG129-5.08-02P-14-00AH from Part J24
Removed Parameter OZD:DG129-5.08-02P-14-00AH from Part J25
Removed Parameter OZD:DG129-5.08-02P-14-00AH from Part J26
Removed Parameter OZD:PKLH-016V332MH250 from Part C4
Removed Parameter OZD:PKLH-016V332MH250 from Part C5
Removed Parameter OZD:RC0603JR-0733RL from Part R87
Removed Parameter OZD:RC0603JR-0733RL from Part R88
Removed Parameter OZD:RC0603JR-0733RL from Part R89
Removed Parameter OZD:RC0603JR-0733RL from Part R90
Removed Parameter OZD:ZMM55-C6V8_R1_10001 from Part Z2
Change Value of Parameter Manufacturer in Part C4 Old=MF New=Manufacturer
Change Value of Parameter Manufacturer Part Number in Part C4 Old=MP New=Manufacturer Part Number
Change Value of Parameter Manufacturer in Part C5 Old=MF New=Manufacturer
Change Value of Parameter Manufacturer Part Number in Part C5 Old=MP New=Manufacturer Part Number
Change Value of Parameter Manufacturer in Part J1 Old=MF New=Manufacturer
Change Value of Parameter Manufacturer Part Number in Part J1 Old=MP New=Manufacturer Part Number
Change Value of Parameter Manufacturer in Part J2 Old=MF New=Manufacturer
Change Value of Parameter Manufacturer Part Number in Part J2 Old=MP New=Manufacturer Part Number
Change Value of Parameter Manufacturer in Part J3 Old=MF New=Manufacturer
Change Value of Parameter Manufacturer Part Number in Part J3 Old=MP New=Manufacturer Part Number
Change Value of Parameter Manufacturer in Part J4 Old=MF New=Manufacturer
Change Value of Parameter Manufacturer Part Number in Part J4 Old=MP New=Manufacturer Part Number
Change Value of Parameter Manufacturer in Part J5 Old=MF New=Manufacturer
Change Value of Parameter Manufacturer Part Number in Part J5 Old=MP New=Manufacturer Part Number
Change Value of Parameter Manufacturer in Part J6 Old=MF New=Manufacturer
Change Value of Parameter Manufacturer Part Number in Part J6 Old=MP New=Manufacturer Part Number
Change Value of Parameter Manufacturer in Part J7 Old=MF New=Manufacturer
Change Value of Parameter Manufacturer Part Number in Part J7 Old=MP New=Manufacturer Part Number
Change Value of Parameter Manufacturer in Part J8 Old=MF New=Manufacturer
Change Value of Parameter Manufacturer Part Number in Part J8 Old=MP New=Manufacturer Part Number
Change Value of Parameter Manufacturer in Part J11 Old=MF New=Manufacturer
Change Value of Parameter Manufacturer Part Number in Part J11 Old=MP New=Manufacturer Part Number
Change Value of Parameter Manufacturer in Part J12 Old=MF New=Manufacturer
Change Value of Parameter Manufacturer Part Number in Part J12 Old=MP New=Manufacturer Part Number
Change Value of Parameter Manufacturer in Part J13 Old=MF New=Manufacturer
Change Value of Parameter Manufacturer Part Number in Part J13 Old=MP New=Manufacturer Part Number
Change Value of Parameter Manufacturer in Part J14 Old=MF New=Manufacturer
Change Value of Parameter Manufacturer Part Number in Part J14 Old=MP New=Manufacturer Part Number
Change Value of Parameter Manufacturer in Part J15 Old=MF New=Manufacturer
Change Value of Parameter Manufacturer Part Number in Part J15 Old=MP New=Manufacturer Part Number
Change Value of Parameter Manufacturer in Part J16 Old=MF New=Manufacturer
Change Value of Parameter Manufacturer Part Number in Part J16 Old=MP New=Manufacturer Part Number
Change Value of Parameter Manufacturer in Part J17 Old=MF New=Manufacturer
Change Value of Parameter Manufacturer Part Number in Part J17 Old=MP New=Manufacturer Part Number
Change Value of Parameter Manufacturer in Part J18 Old=MF New=Manufacturer
Change Value of Parameter Manufacturer Part Number in Part J18 Old=MP New=Manufacturer Part Number
Change Value of Parameter Manufacturer in Part J19 Old=MF New=Manufacturer
Change Value of Parameter Manufacturer Part Number in Part J19 Old=MP New=Manufacturer Part Number
Change Value of Parameter Manufacturer in Part J20 Old=MF New=Manufacturer
Change Value of Parameter Manufacturer Part Number in Part J20 Old=MP New=Manufacturer Part Number
Change Value of Parameter Manufacturer in Part J21 Old=MF New=Manufacturer
Change Value of Parameter Manufacturer Part Number in Part J21 Old=MP New=Manufacturer Part Number
Change Value of Parameter Manufacturer in Part J22 Old=MF New=Manufacturer
Change Value of Parameter Manufacturer Part Number in Part J22 Old=MP New=Manufacturer Part Number
Change Value of Parameter Manufacturer in Part J23 Old=MF New=Manufacturer
Change Value of Parameter Manufacturer Part Number in Part J23 Old=MP New=Manufacturer Part Number
Change Value of Parameter Manufacturer in Part J24 Old=MF New=Manufacturer
Change Value of Parameter Manufacturer Part Number in Part J24 Old=MP New=Manufacturer Part Number
Change Value of Parameter Manufacturer in Part J25 Old=MF New=Manufacturer
Change Value of Parameter Manufacturer Part Number in Part J25 Old=MP New=Manufacturer Part Number
Change Value of Parameter Manufacturer in Part J26 Old=MF New=Manufacturer
Change Value of Parameter Manufacturer Part Number in Part J26 Old=MP New=Manufacturer Part Number
Change Value of Parameter Manufacturer in Part Q32 Old=MF New=Manufacturer
Change Value of Parameter Manufacturer Part Number in Part Q32 Old=MP New=Manufacturer Part Number
Change Value of Parameter Manufacturer in Part R84 Old=MF New=Manufacturer
Change Value of Parameter Manufacturer Part Number in Part R84 Old=MP New=Manufacturer Part Number
Change Value of Parameter Manufacturer in Part R85 Old=MF New=Manufacturer
Change Value of Parameter Manufacturer Part Number in Part R85 Old=MP New=Manufacturer Part Number
Change Value of Parameter Manufacturer in Part R87 Old=MF New=Manufacturer
Change Value of Parameter Manufacturer Part Number in Part R87 Old=MP New=Manufacturer Part Number
Change Value of Parameter Manufacturer in Part R88 Old=MF New=Manufacturer
Change Value of Parameter Manufacturer Part Number in Part R88 Old=MP New=Manufacturer Part Number
Change Value of Parameter Manufacturer in Part R89 Old=MF New=Manufacturer
Change Value of Parameter Manufacturer Part Number in Part R89 Old=MP New=Manufacturer Part Number
Change Value of Parameter Manufacturer in Part R90 Old=MF New=Manufacturer
Change Value of Parameter Manufacturer Part Number in Part R90 Old=MP New=Manufacturer Part Number
Change Value of Parameter Manufacturer in Part Z2 Old=MF New=Manufacturer
Change Value of Parameter Manufacturer Part Number in Part Z2 Old=MP New=Manufacturer Part Number
Added Parameter Manufacturer Part Number=5PS1SDA85-104G0NNNAL-00 to Part J9
Added Parameter Manufacturer Part Number=5PS1SDA85-104G0NNNAL-00 to Part J10
Added Parameter Manufacturer Part Number=ERJ3GEY0R00V to Part R86
Added Parameter Manufacturer=AMTEK to Part J9
Added Parameter Manufacturer=AMTEK to Part J10
Added Parameter Manufacturer=PANASONIC(EUROPE) to Part R86
