Removed Parameter OZD:2N7002ET1G from Part Q3
Removed Parameter OZD:2N7002ET1G from Part Q4
Removed Parameter OZD:2N7002ET1G from Part Q18
Removed Parameter OZD:2N7002ET1G from Part Q19
Removed Parameter OZD:2N7002ET1G from Part Q20
Removed Parameter OZD:2N7002ET1G from Part Q21
Removed Parameter OZD:2N7002ET1G from Part Q22
Removed Parameter OZD:2N7002ET1G from Part Q23
Removed Parameter OZD:2N7002ET1G from Part Q24
Removed Parameter OZD:2N7002ET1G from Part Q25
Removed Parameter OZD:2N7002ET1G from Part Q26
Removed Parameter OZD:2N7002ET1G from Part Q27
Removed Parameter OZD:2N7002ET1G from Part Q28
Removed Parameter OZD:2N7002ET1G from Part Q29
Removed Parameter OZD:2N7002ET1G from Part Q30
Removed Parameter OZD:2N7002ET1G from Part Q31
Removed Parameter OZD:2N7002ET1G from Part Q33
Removed Parameter OZD:2N7002ET1G from Part Q34
Removed Parameter OZD:2N7002ET1G from Part Q35
Removed Parameter OZD:2N7002ET1G from Part Q36
Removed Parameter OZD:2N7002ET1G from Part Q37
Removed Parameter OZD:2N7002ET1G from Part Q38
Removed Parameter OZD:2N7002ET1G from Part Q39
Removed Parameter OZD:2N7002ET1G from Part Q40
Removed Parameter OZD:2N7002ET1G from Part Q41
Removed Parameter OZD:2N7002ET1G from Part Q42
Removed Parameter OZD:2N7002ET1G from Part Q43
Removed Parameter OZD:2N7002ET1G from Part Q44
Removed Parameter OZD:2N7002ET1G from Part Q45
Removed Parameter OZD:2N7002ET1G from Part Q46
Removed Parameter OZD:2N7002ET1G from Part Q47
Removed Parameter OZD:2N7002ET1G from Part Q48
Removed Parameter OZD:2N7002ET1G from Part Q49
Removed Parameter OZD:2N7002ET1G from Part Q50
Removed Parameter OZD:2N7002ET1G from Part Q51
Removed Parameter OZD:2N7002ET1G from Part Q52
Removed Parameter OZD:2N7002ET1G from Part Q53
Removed Parameter OZD:2N7002ET1G from Part Q54
Removed Parameter OZD:2N7002ET1G from Part Q55
Removed Parameter OZD:2N7002ET1G from Part Q56
Removed Parameter OZD:2N7002ET1G from Part Q57
Removed Parameter OZD:2N7002ET1G from Part Q58
Removed Parameter OZD:2N7002ET1G from Part Q59
Removed Parameter OZD:2N7002ET1G from Part Q60
Removed Parameter OZD:2N7002ET1G from Part Q61
Removed Parameter OZD:2N7002ET1G from Part Q62
Removed Parameter OZD:2N7002ET1G from Part Q63
Removed Parameter OZD:2N7002ET1G from Part Q64
Removed Parameter OZD:CC0603KRX7R9BB104 from Part C6
Removed Parameter OZD:CC0603KRX7R9BB104 from Part C7
Removed Parameter OZD:CC0603KRX7R9BB104 from Part C12
Removed Parameter OZD:CC0603KRX7R9BB104 from Part C13
Removed Parameter OZD:CC0603KRX7R9BB104 from Part C14
Removed Parameter OZD:CC0603KRX7R9BB104 from Part C15
Removed Parameter OZD:CC0603KRX7R9BB104 from Part C16
Removed Parameter OZD:CC0603KRX7R9BB104 from Part C17
Removed Parameter OZD:CC0603KRX7R9BB104 from Part C18
Removed Parameter OZD:CC0603KRX7R9BB104 from Part C19
Removed Parameter OZD:CC0603KRX7R9BB104 from Part C20
Removed Parameter OZD:CC0603KRX7R9BB104 from Part C21
Removed Parameter OZD:CC0603KRX7R9BB104 from Part C22
Removed Parameter OZD:CC0603KRX7R9BB104 from Part C23
Removed Parameter OZD:CC0603KRX7R9BB104 from Part C24
Removed Parameter OZD:CC0603KRX7R9BB104 from Part C25
Removed Parameter OZD:CC0603KRX7R9BB104 from Part C26
Removed Parameter OZD:CC0603KRX7R9BB104 from Part C27
Removed Parameter OZD:CC0603KRX7R9BB104 from Part C28
Removed Parameter OZD:CC0603KRX7R9BB104 from Part C29
Removed Parameter OZD:CC0603KRX7R9BB104 from Part C30
Removed Parameter OZD:CC0603KRX7R9BB104 from Part C31
Removed Parameter OZD:CC0603KRX7R9BB104 from Part C32
Removed Parameter OZD:CC0603KRX7R9BB104 from Part C37
Removed Parameter OZD:CC0603KRX7R9BB104 from Part C38
Removed Parameter OZD:CC0603KRX7R9BB104 from Part C39
Removed Parameter OZD:CC0603KRX7R9BB104 from Part C40
Removed Parameter OZD:CC0603KRX7R9BB104 from Part C41
Removed Parameter OZD:CC0603KRX7R9BB104 from Part C42
Removed Parameter OZD:CC0603KRX7R9BB104 from Part C43
Removed Parameter OZD:CC0603KRX7R9BB104 from Part C44
Removed Parameter OZD:CC0603KRX7R9BB104 from Part C45
Removed Parameter OZD:CC0603KRX7R9BB104 from Part C46
Removed Parameter OZD:CC0603KRX7R9BB104 from Part C47
Removed Parameter OZD:CC0603KRX7R9BB104 from Part C48
Removed Parameter OZD:CC0603KRX7R9BB104 from Part C49
Removed Parameter OZD:CC0603KRX7R9BB104 from Part C50
Removed Parameter OZD:CC0603KRX7R9BB104 from Part C51
Removed Parameter OZD:CC0603KRX7R9BB104 from Part C52
Removed Parameter OZD:CC0603KRX7R9BB104 from Part C53
Removed Parameter OZD:CC0603KRX7R9BB104 from Part C54
Removed Parameter OZD:CC0603KRX7R9BB104 from Part C55
Removed Parameter OZD:CC0603KRX7R9BB104 from Part C56
Removed Parameter OZD:CC0603KRX7R9BB104 from Part C57
Removed Parameter OZD:CC0603KRX7R9BB104 from Part C58
Removed Parameter OZD:CC0603KRX7R9BB104 from Part C59
Removed Parameter OZD:CC0603KRX7R9BB104 from Part C60
Removed Parameter OZD:CC0603KRX7R9BB104 from Part C61
Removed Parameter OZD:RC0603JR-071KL from Part R33
Removed Parameter OZD:RC0603JR-071KL from Part R34
Removed Parameter OZD:RC0603JR-071KL from Part R56
Removed Parameter OZD:RC0603JR-071KL from Part R57
Removed Parameter OZD:RC0603JR-071KL from Part R60
Removed Parameter OZD:RC0603JR-071KL from Part R61
Removed Parameter OZD:RC0603JR-071KL from Part R64
Removed Parameter OZD:RC0603JR-071KL from Part R65
Removed Parameter OZD:RC0603JR-071KL from Part R68
Removed Parameter OZD:RC0603JR-071KL from Part R69
Removed Parameter OZD:RC0603JR-071KL from Part R72
Removed Parameter OZD:RC0603JR-071KL from Part R73
Removed Parameter OZD:RC0603JR-071KL from Part R76
Removed Parameter OZD:RC0603JR-071KL from Part R77
Removed Parameter OZD:RC0603JR-071KL from Part R80
Removed Parameter OZD:RC0603JR-071KL from Part R81
Removed Parameter OZD:RC0603JR-071KL from Part R91
Removed Parameter OZD:RC0603JR-071KL from Part R92
Removed Parameter OZD:RC0603JR-071KL from Part R93
Removed Parameter OZD:RC0603JR-071KL from Part R94
Removed Parameter OZD:RC0603JR-071KL from Part R99
Removed Parameter OZD:RC0603JR-071KL from Part R100
Removed Parameter OZD:RC0603JR-071KL from Part R103
Removed Parameter OZD:RC0603JR-071KL from Part R104
Removed Parameter OZD:RC0603JR-071KL from Part R107
Removed Parameter OZD:RC0603JR-071KL from Part R108
Removed Parameter OZD:RC0603JR-071KL from Part R111
Removed Parameter OZD:RC0603JR-071KL from Part R112
Removed Parameter OZD:RC0603JR-071KL from Part R115
Removed Parameter OZD:RC0603JR-071KL from Part R116
Removed Parameter OZD:RC0603JR-071KL from Part R119
Removed Parameter OZD:RC0603JR-071KL from Part R120
Removed Parameter OZD:RC0603JR-071KL from Part R123
Removed Parameter OZD:RC0603JR-071KL from Part R124
Removed Parameter OZD:RC0603JR-071KL from Part R127
Removed Parameter OZD:RC0603JR-071KL from Part R128
Removed Parameter OZD:RC0603JR-071KL from Part R131
Removed Parameter OZD:RC0603JR-071KL from Part R132
Removed Parameter OZD:RC0603JR-071KL from Part R135
Removed Parameter OZD:RC0603JR-071KL from Part R136
Removed Parameter OZD:RC0603JR-071KL from Part R139
Removed Parameter OZD:RC0603JR-071KL from Part R140
Removed Parameter OZD:RC0603JR-071KL from Part R143
Removed Parameter OZD:RC0603JR-071KL from Part R144
Removed Parameter OZD:RC0603JR-071KL from Part R147
Removed Parameter OZD:RC0603JR-071KL from Part R148
Removed Parameter OZD:RC0603JR-071KL from Part R151
Removed Parameter OZD:RC0603JR-071KL from Part R152
Removed Parameter OZD:RT314F12 from Part K1
Removed Parameter OZD:RT314F12 from Part K4
Removed Parameter OZD:RT314F12 from Part K5
Removed Parameter OZD:RT314F12 from Part K6
Removed Parameter OZD:RT314F12 from Part K7
Removed Parameter OZD:RT314F12 from Part K8
Removed Parameter OZD:RT314F12 from Part K9
Removed Parameter OZD:RT314F12 from Part K10
Removed Parameter OZD:RT314F12 from Part K11
Removed Parameter OZD:RT314F12 from Part K12
Removed Parameter OZD:RT314F12 from Part K13
Removed Parameter OZD:RT314F12 from Part K14
Removed Parameter OZD:RT314F12 from Part K15
Removed Parameter OZD:RT314F12 from Part K16
Removed Parameter OZD:RT314F12 from Part K17
Removed Parameter OZD:RT314F12 from Part K18
Removed Parameter OZD:RT314F12 from Part K19
Removed Parameter OZD:RT314F12 from Part K20
Removed Parameter OZD:RT314F12 from Part K21
Removed Parameter OZD:RT314F12 from Part K22
Removed Parameter OZD:RT314F12 from Part K23
Removed Parameter OZD:RT314F12 from Part K24
Removed Parameter OZD:RT314F12 from Part K25
Removed Parameter OZD:RT314F12 from Part K26
Change Value of Parameter Manufacturer in Part C6 Old=MF New=Manufacturer
Change Value of Parameter Manufacturer Part Number in Part C6 Old=MP New=Manufacturer Part Number
Change Value of Parameter Manufacturer in Part C7 Old=MF New=Manufacturer
Change Value of Parameter Manufacturer Part Number in Part C7 Old=MP New=Manufacturer Part Number
Change Value of Parameter Manufacturer in Part C12 Old=MF New=Manufacturer
Change Value of Parameter Manufacturer Part Number in Part C12 Old=MP New=Manufacturer Part Number
Change Value of Parameter Manufacturer in Part C13 Old=MF New=Manufacturer
Change Value of Parameter Manufacturer Part Number in Part C13 Old=MP New=Manufacturer Part Number
Change Value of Parameter Manufacturer in Part C14 Old=MF New=Manufacturer
Change Value of Parameter Manufacturer Part Number in Part C14 Old=MP New=Manufacturer Part Number
Change Value of Parameter Manufacturer in Part C15 Old=MF New=Manufacturer
Change Value of Parameter Manufacturer Part Number in Part C15 Old=MP New=Manufacturer Part Number
Change Value of Parameter Manufacturer in Part C16 Old=MF New=Manufacturer
Change Value of Parameter Manufacturer Part Number in Part C16 Old=MP New=Manufacturer Part Number
Change Value of Parameter Manufacturer in Part C17 Old=MF New=Manufacturer
Change Value of Parameter Manufacturer Part Number in Part C17 Old=MP New=Manufacturer Part Number
Change Value of Parameter Manufacturer in Part C18 Old=MF New=Manufacturer
Change Value of Parameter Manufacturer Part Number in Part C18 Old=MP New=Manufacturer Part Number
Change Value of Parameter Manufacturer in Part C19 Old=MF New=Manufacturer
Change Value of Parameter Manufacturer Part Number in Part C19 Old=MP New=Manufacturer Part Number
Change Value of Parameter Manufacturer in Part C20 Old=MF New=Manufacturer
Change Value of Parameter Manufacturer Part Number in Part C20 Old=MP New=Manufacturer Part Number
Change Value of Parameter Manufacturer in Part C21 Old=MF New=Manufacturer
Change Value of Parameter Manufacturer Part Number in Part C21 Old=MP New=Manufacturer Part Number
Change Value of Parameter Manufacturer in Part C22 Old=MF New=Manufacturer
Change Value of Parameter Manufacturer Part Number in Part C22 Old=MP New=Manufacturer Part Number
Change Value of Parameter Manufacturer in Part C23 Old=MF New=Manufacturer
Change Value of Parameter Manufacturer Part Number in Part C23 Old=MP New=Manufacturer Part Number
Change Value of Parameter Manufacturer in Part C24 Old=MF New=Manufacturer
Change Value of Parameter Manufacturer Part Number in Part C24 Old=MP New=Manufacturer Part Number
Change Value of Parameter Manufacturer in Part C25 Old=MF New=Manufacturer
Change Value of Parameter Manufacturer Part Number in Part C25 Old=MP New=Manufacturer Part Number
Change Value of Parameter Manufacturer in Part C26 Old=MF New=Manufacturer
Change Value of Parameter Manufacturer Part Number in Part C26 Old=MP New=Manufacturer Part Number
Change Value of Parameter Manufacturer in Part C27 Old=MF New=Manufacturer
Change Value of Parameter Manufacturer Part Number in Part C27 Old=MP New=Manufacturer Part Number
Change Value of Parameter Manufacturer in Part C28 Old=MF New=Manufacturer
Change Value of Parameter Manufacturer Part Number in Part C28 Old=MP New=Manufacturer Part Number
Change Value of Parameter Manufacturer in Part C29 Old=MF New=Manufacturer
Change Value of Parameter Manufacturer Part Number in Part C29 Old=MP New=Manufacturer Part Number
Change Value of Parameter Manufacturer in Part C30 Old=MF New=Manufacturer
Change Value of Parameter Manufacturer Part Number in Part C30 Old=MP New=Manufacturer Part Number
Change Value of Parameter Manufacturer in Part C31 Old=MF New=Manufacturer
Change Value of Parameter Manufacturer Part Number in Part C31 Old=MP New=Manufacturer Part Number
Change Value of Parameter Manufacturer in Part C32 Old=MF New=Manufacturer
Change Value of Parameter Manufacturer Part Number in Part C32 Old=MP New=Manufacturer Part Number
Change Value of Parameter Manufacturer in Part C37 Old=MF New=Manufacturer
Change Value of Parameter Manufacturer Part Number in Part C37 Old=MP New=Manufacturer Part Number
Change Value of Parameter Manufacturer in Part C38 Old=MF New=Manufacturer
Change Value of Parameter Manufacturer Part Number in Part C38 Old=MP New=Manufacturer Part Number
Change Value of Parameter Manufacturer in Part C39 Old=MF New=Manufacturer
Change Value of Parameter Manufacturer Part Number in Part C39 Old=MP New=Manufacturer Part Number
Change Value of Parameter Manufacturer in Part C40 Old=MF New=Manufacturer
Change Value of Parameter Manufacturer Part Number in Part C40 Old=MP New=Manufacturer Part Number
Change Value of Parameter Manufacturer in Part C41 Old=MF New=Manufacturer
Change Value of Parameter Manufacturer Part Number in Part C41 Old=MP New=Manufacturer Part Number
Change Value of Parameter Manufacturer in Part C42 Old=MF New=Manufacturer
Change Value of Parameter Manufacturer Part Number in Part C42 Old=MP New=Manufacturer Part Number
Change Value of Parameter Manufacturer in Part C43 Old=MF New=Manufacturer
Change Value of Parameter Manufacturer Part Number in Part C43 Old=MP New=Manufacturer Part Number
Change Value of Parameter Manufacturer in Part C44 Old=MF New=Manufacturer
Change Value of Parameter Manufacturer Part Number in Part C44 Old=MP New=Manufacturer Part Number
Change Value of Parameter Manufacturer in Part C45 Old=MF New=Manufacturer
Change Value of Parameter Manufacturer Part Number in Part C45 Old=MP New=Manufacturer Part Number
Change Value of Parameter Manufacturer in Part C46 Old=MF New=Manufacturer
Change Value of Parameter Manufacturer Part Number in Part C46 Old=MP New=Manufacturer Part Number
Change Value of Parameter Manufacturer in Part C47 Old=MF New=Manufacturer
Change Value of Parameter Manufacturer Part Number in Part C47 Old=MP New=Manufacturer Part Number
Change Value of Parameter Manufacturer in Part C48 Old=MF New=Manufacturer
Change Value of Parameter Manufacturer Part Number in Part C48 Old=MP New=Manufacturer Part Number
Change Value of Parameter Manufacturer in Part C49 Old=MF New=Manufacturer
Change Value of Parameter Manufacturer Part Number in Part C49 Old=MP New=Manufacturer Part Number
Change Value of Parameter Manufacturer in Part C50 Old=MF New=Manufacturer
Change Value of Parameter Manufacturer Part Number in Part C50 Old=MP New=Manufacturer Part Number
Change Value of Parameter Manufacturer in Part C51 Old=MF New=Manufacturer
Change Value of Parameter Manufacturer Part Number in Part C51 Old=MP New=Manufacturer Part Number
Change Value of Parameter Manufacturer in Part C52 Old=MF New=Manufacturer
Change Value of Parameter Manufacturer Part Number in Part C52 Old=MP New=Manufacturer Part Number
Change Value of Parameter Manufacturer in Part C53 Old=MF New=Manufacturer
Change Value of Parameter Manufacturer Part Number in Part C53 Old=MP New=Manufacturer Part Number
Change Value of Parameter Manufacturer in Part C54 Old=MF New=Manufacturer
Change Value of Parameter Manufacturer Part Number in Part C54 Old=MP New=Manufacturer Part Number
Change Value of Parameter Manufacturer in Part C55 Old=MF New=Manufacturer
Change Value of Parameter Manufacturer Part Number in Part C55 Old=MP New=Manufacturer Part Number
Change Value of Parameter Manufacturer in Part C56 Old=MF New=Manufacturer
Change Value of Parameter Manufacturer Part Number in Part C56 Old=MP New=Manufacturer Part Number
Change Value of Parameter Manufacturer in Part C57 Old=MF New=Manufacturer
Change Value of Parameter Manufacturer Part Number in Part C57 Old=MP New=Manufacturer Part Number
Change Value of Parameter Manufacturer in Part C58 Old=MF New=Manufacturer
Change Value of Parameter Manufacturer Part Number in Part C58 Old=MP New=Manufacturer Part Number
Change Value of Parameter Manufacturer in Part C59 Old=MF New=Manufacturer
Change Value of Parameter Manufacturer Part Number in Part C59 Old=MP New=Manufacturer Part Number
Change Value of Parameter Manufacturer in Part C60 Old=MF New=Manufacturer
Change Value of Parameter Manufacturer Part Number in Part C60 Old=MP New=Manufacturer Part Number
Change Value of Parameter Manufacturer in Part C61 Old=MF New=Manufacturer
Change Value of Parameter Manufacturer Part Number in Part C61 Old=MP New=Manufacturer Part Number
Change Value of Parameter Manufacturer in Part K1 Old=MF New=Manufacturer
Change Value of Parameter Manufacturer Part Number in Part K1 Old=MP New=Manufacturer Part Number
Change Value of Parameter Manufacturer in Part K4 Old=MF New=Manufacturer
Change Value of Parameter Manufacturer Part Number in Part K4 Old=MP New=Manufacturer Part Number
Change Value of Parameter Manufacturer in Part K5 Old=MF New=Manufacturer
Change Value of Parameter Manufacturer Part Number in Part K5 Old=MP New=Manufacturer Part Number
Change Value of Parameter Manufacturer in Part K6 Old=MF New=Manufacturer
Change Value of Parameter Manufacturer Part Number in Part K6 Old=MP New=Manufacturer Part Number
Change Value of Parameter Manufacturer in Part K7 Old=MF New=Manufacturer
Change Value of Parameter Manufacturer Part Number in Part K7 Old=MP New=Manufacturer Part Number
Change Value of Parameter Manufacturer in Part K8 Old=MF New=Manufacturer
Change Value of Parameter Manufacturer Part Number in Part K8 Old=MP New=Manufacturer Part Number
Change Value of Parameter Manufacturer in Part K9 Old=MF New=Manufacturer
Change Value of Parameter Manufacturer Part Number in Part K9 Old=MP New=Manufacturer Part Number
Change Value of Parameter Manufacturer in Part K10 Old=MF New=Manufacturer
Change Value of Parameter Manufacturer Part Number in Part K10 Old=MP New=Manufacturer Part Number
Change Value of Parameter Manufacturer in Part K11 Old=MF New=Manufacturer
Change Value of Parameter Manufacturer Part Number in Part K11 Old=MP New=Manufacturer Part Number
Change Value of Parameter Manufacturer in Part K12 Old=MF New=Manufacturer
Change Value of Parameter Manufacturer Part Number in Part K12 Old=MP New=Manufacturer Part Number
Change Value of Parameter Manufacturer in Part K13 Old=MF New=Manufacturer
Change Value of Parameter Manufacturer Part Number in Part K13 Old=MP New=Manufacturer Part Number
Change Value of Parameter Manufacturer in Part K14 Old=MF New=Manufacturer
Change Value of Parameter Manufacturer Part Number in Part K14 Old=MP New=Manufacturer Part Number
Change Value of Parameter Manufacturer in Part K15 Old=MF New=Manufacturer
Change Value of Parameter Manufacturer Part Number in Part K15 Old=MP New=Manufacturer Part Number
Change Value of Parameter Manufacturer in Part K16 Old=MF New=Manufacturer
Change Value of Parameter Manufacturer Part Number in Part K16 Old=MP New=Manufacturer Part Number
Change Value of Parameter Manufacturer in Part K17 Old=MF New=Manufacturer
Change Value of Parameter Manufacturer Part Number in Part K17 Old=MP New=Manufacturer Part Number
Change Value of Parameter Manufacturer in Part K18 Old=MF New=Manufacturer
Change Value of Parameter Manufacturer Part Number in Part K18 Old=MP New=Manufacturer Part Number
Change Value of Parameter Manufacturer in Part K19 Old=MF New=Manufacturer
Change Value of Parameter Manufacturer Part Number in Part K19 Old=MP New=Manufacturer Part Number
Change Value of Parameter Manufacturer in Part K20 Old=MF New=Manufacturer
Change Value of Parameter Manufacturer Part Number in Part K20 Old=MP New=Manufacturer Part Number
Change Value of Parameter Manufacturer in Part K21 Old=MF New=Manufacturer
Change Value of Parameter Manufacturer Part Number in Part K21 Old=MP New=Manufacturer Part Number
Change Value of Parameter Manufacturer in Part K22 Old=MF New=Manufacturer
Change Value of Parameter Manufacturer Part Number in Part K22 Old=MP New=Manufacturer Part Number
Change Value of Parameter Manufacturer in Part K23 Old=MF New=Manufacturer
Change Value of Parameter Manufacturer Part Number in Part K23 Old=MP New=Manufacturer Part Number
Change Value of Parameter Manufacturer in Part K24 Old=MF New=Manufacturer
Change Value of Parameter Manufacturer Part Number in Part K24 Old=MP New=Manufacturer Part Number
Change Value of Parameter Manufacturer in Part K25 Old=MF New=Manufacturer
Change Value of Parameter Manufacturer Part Number in Part K25 Old=MP New=Manufacturer Part Number
Change Value of Parameter Manufacturer in Part K26 Old=MF New=Manufacturer
Change Value of Parameter Manufacturer Part Number in Part K26 Old=MP New=Manufacturer Part Number
Change Value of Parameter Manufacturer in Part Q3 Old=MF New=Manufacturer
Change Value of Parameter Manufacturer Part Number in Part Q3 Old=MP New=Manufacturer Part Number
Change Value of Parameter Manufacturer in Part Q4 Old=MF New=Manufacturer
Change Value of Parameter Manufacturer Part Number in Part Q4 Old=MP New=Manufacturer Part Number
Change Value of Parameter Manufacturer in Part Q18 Old=MF New=Manufacturer
Change Value of Parameter Manufacturer Part Number in Part Q18 Old=MP New=Manufacturer Part Number
Change Value of Parameter Manufacturer in Part Q19 Old=MF New=Manufacturer
Change Value of Parameter Manufacturer Part Number in Part Q19 Old=MP New=Manufacturer Part Number
Change Value of Parameter Manufacturer in Part Q20 Old=MF New=Manufacturer
Change Value of Parameter Manufacturer Part Number in Part Q20 Old=MP New=Manufacturer Part Number
Change Value of Parameter Manufacturer in Part Q21 Old=MF New=Manufacturer
Change Value of Parameter Manufacturer Part Number in Part Q21 Old=MP New=Manufacturer Part Number
Change Value of Parameter Manufacturer in Part Q22 Old=MF New=Manufacturer
Change Value of Parameter Manufacturer Part Number in Part Q22 Old=MP New=Manufacturer Part Number
Change Value of Parameter Manufacturer in Part Q23 Old=MF New=Manufacturer
Change Value of Parameter Manufacturer Part Number in Part Q23 Old=MP New=Manufacturer Part Number
Change Value of Parameter Manufacturer in Part Q24 Old=MF New=Manufacturer
Change Value of Parameter Manufacturer Part Number in Part Q24 Old=MP New=Manufacturer Part Number
Change Value of Parameter Manufacturer in Part Q25 Old=MF New=Manufacturer
Change Value of Parameter Manufacturer Part Number in Part Q25 Old=MP New=Manufacturer Part Number
Change Value of Parameter Manufacturer in Part Q26 Old=MF New=Manufacturer
Change Value of Parameter Manufacturer Part Number in Part Q26 Old=MP New=Manufacturer Part Number
Change Value of Parameter Manufacturer in Part Q27 Old=MF New=Manufacturer
Change Value of Parameter Manufacturer Part Number in Part Q27 Old=MP New=Manufacturer Part Number
Change Value of Parameter Manufacturer in Part Q28 Old=MF New=Manufacturer
Change Value of Parameter Manufacturer Part Number in Part Q28 Old=MP New=Manufacturer Part Number
Change Value of Parameter Manufacturer in Part Q29 Old=MF New=Manufacturer
Change Value of Parameter Manufacturer Part Number in Part Q29 Old=MP New=Manufacturer Part Number
Change Value of Parameter Manufacturer in Part Q30 Old=MF New=Manufacturer
Change Value of Parameter Manufacturer Part Number in Part Q30 Old=MP New=Manufacturer Part Number
Change Value of Parameter Manufacturer in Part Q31 Old=MF New=Manufacturer
Change Value of Parameter Manufacturer Part Number in Part Q31 Old=MP New=Manufacturer Part Number
Change Value of Parameter Manufacturer in Part Q33 Old=MF New=Manufacturer
Change Value of Parameter Manufacturer Part Number in Part Q33 Old=MP New=Manufacturer Part Number
Change Value of Parameter Manufacturer in Part Q34 Old=MF New=Manufacturer
Change Value of Parameter Manufacturer Part Number in Part Q34 Old=MP New=Manufacturer Part Number
Change Value of Parameter Manufacturer in Part Q35 Old=MF New=Manufacturer
Change Value of Parameter Manufacturer Part Number in Part Q35 Old=MP New=Manufacturer Part Number
Change Value of Parameter Manufacturer in Part Q36 Old=MF New=Manufacturer
Change Value of Parameter Manufacturer Part Number in Part Q36 Old=MP New=Manufacturer Part Number
Change Value of Parameter Manufacturer in Part Q37 Old=MF New=Manufacturer
Change Value of Parameter Manufacturer Part Number in Part Q37 Old=MP New=Manufacturer Part Number
Change Value of Parameter Manufacturer in Part Q38 Old=MF New=Manufacturer
Change Value of Parameter Manufacturer Part Number in Part Q38 Old=MP New=Manufacturer Part Number
Change Value of Parameter Manufacturer in Part Q39 Old=MF New=Manufacturer
Change Value of Parameter Manufacturer Part Number in Part Q39 Old=MP New=Manufacturer Part Number
Change Value of Parameter Manufacturer in Part Q40 Old=MF New=Manufacturer
Change Value of Parameter Manufacturer Part Number in Part Q40 Old=MP New=Manufacturer Part Number
Change Value of Parameter Manufacturer in Part Q41 Old=MF New=Manufacturer
Change Value of Parameter Manufacturer Part Number in Part Q41 Old=MP New=Manufacturer Part Number
Change Value of Parameter Manufacturer in Part Q42 Old=MF New=Manufacturer
Change Value of Parameter Manufacturer Part Number in Part Q42 Old=MP New=Manufacturer Part Number
Change Value of Parameter Manufacturer in Part Q43 Old=MF New=Manufacturer
Change Value of Parameter Manufacturer Part Number in Part Q43 Old=MP New=Manufacturer Part Number
Change Value of Parameter Manufacturer in Part Q44 Old=MF New=Manufacturer
Change Value of Parameter Manufacturer Part Number in Part Q44 Old=MP New=Manufacturer Part Number
Change Value of Parameter Manufacturer in Part Q45 Old=MF New=Manufacturer
Change Value of Parameter Manufacturer Part Number in Part Q45 Old=MP New=Manufacturer Part Number
Change Value of Parameter Manufacturer in Part Q46 Old=MF New=Manufacturer
Change Value of Parameter Manufacturer Part Number in Part Q46 Old=MP New=Manufacturer Part Number
Change Value of Parameter Manufacturer in Part Q47 Old=MF New=Manufacturer
Change Value of Parameter Manufacturer Part Number in Part Q47 Old=MP New=Manufacturer Part Number
Change Value of Parameter Manufacturer in Part Q48 Old=MF New=Manufacturer
Change Value of Parameter Manufacturer Part Number in Part Q48 Old=MP New=Manufacturer Part Number
Change Value of Parameter Manufacturer in Part Q49 Old=MF New=Manufacturer
Change Value of Parameter Manufacturer Part Number in Part Q49 Old=MP New=Manufacturer Part Number
Change Value of Parameter Manufacturer in Part Q50 Old=MF New=Manufacturer
Change Value of Parameter Manufacturer Part Number in Part Q50 Old=MP New=Manufacturer Part Number
Change Value of Parameter Manufacturer in Part Q51 Old=MF New=Manufacturer
Change Value of Parameter Manufacturer Part Number in Part Q51 Old=MP New=Manufacturer Part Number
Change Value of Parameter Manufacturer in Part Q52 Old=MF New=Manufacturer
Change Value of Parameter Manufacturer Part Number in Part Q52 Old=MP New=Manufacturer Part Number
Change Value of Parameter Manufacturer in Part Q53 Old=MF New=Manufacturer
Change Value of Parameter Manufacturer Part Number in Part Q53 Old=MP New=Manufacturer Part Number
Change Value of Parameter Manufacturer in Part Q54 Old=MF New=Manufacturer
Change Value of Parameter Manufacturer Part Number in Part Q54 Old=MP New=Manufacturer Part Number
Change Value of Parameter Manufacturer in Part Q55 Old=MF New=Manufacturer
Change Value of Parameter Manufacturer Part Number in Part Q55 Old=MP New=Manufacturer Part Number
Change Value of Parameter Manufacturer in Part Q56 Old=MF New=Manufacturer
Change Value of Parameter Manufacturer Part Number in Part Q56 Old=MP New=Manufacturer Part Number
Change Value of Parameter Manufacturer in Part Q57 Old=MF New=Manufacturer
Change Value of Parameter Manufacturer Part Number in Part Q57 Old=MP New=Manufacturer Part Number
Change Value of Parameter Manufacturer in Part Q58 Old=MF New=Manufacturer
Change Value of Parameter Manufacturer Part Number in Part Q58 Old=MP New=Manufacturer Part Number
Change Value of Parameter Manufacturer in Part Q59 Old=MF New=Manufacturer
Change Value of Parameter Manufacturer Part Number in Part Q59 Old=MP New=Manufacturer Part Number
Change Value of Parameter Manufacturer in Part Q60 Old=MF New=Manufacturer
Change Value of Parameter Manufacturer Part Number in Part Q60 Old=MP New=Manufacturer Part Number
Change Value of Parameter Manufacturer in Part Q61 Old=MF New=Manufacturer
Change Value of Parameter Manufacturer Part Number in Part Q61 Old=MP New=Manufacturer Part Number
Change Value of Parameter Manufacturer in Part Q62 Old=MF New=Manufacturer
Change Value of Parameter Manufacturer Part Number in Part Q62 Old=MP New=Manufacturer Part Number
Change Value of Parameter Manufacturer in Part Q63 Old=MF New=Manufacturer
Change Value of Parameter Manufacturer Part Number in Part Q63 Old=MP New=Manufacturer Part Number
Change Value of Parameter Manufacturer in Part Q64 Old=MF New=Manufacturer
Change Value of Parameter Manufacturer Part Number in Part Q64 Old=MP New=Manufacturer Part Number
Change Value of Parameter Manufacturer in Part R32 Old=MF New=Manufacturer
Change Value of Parameter Manufacturer Part Number in Part R32 Old=MP New=Manufacturer Part Number
Change Value of Parameter Manufacturer in Part R33 Old=MF New=Manufacturer
Change Value of Parameter Manufacturer Part Number in Part R33 Old=MP New=Manufacturer Part Number
Change Value of Parameter Manufacturer in Part R34 Old=MF New=Manufacturer
Change Value of Parameter Manufacturer Part Number in Part R34 Old=MP New=Manufacturer Part Number
Change Value of Parameter Manufacturer in Part R35 Old=MF New=Manufacturer
Change Value of Parameter Manufacturer Part Number in Part R35 Old=MP New=Manufacturer Part Number
Change Value of Parameter Manufacturer in Part R56 Old=MF New=Manufacturer
Change Value of Parameter Manufacturer Part Number in Part R56 Old=MP New=Manufacturer Part Number
Change Value of Parameter Manufacturer in Part R57 Old=MF New=Manufacturer
Change Value of Parameter Manufacturer Part Number in Part R57 Old=MP New=Manufacturer Part Number
Change Value of Parameter Manufacturer in Part R58 Old=MF New=Manufacturer
Change Value of Parameter Manufacturer Part Number in Part R58 Old=MP New=Manufacturer Part Number
Change Value of Parameter Manufacturer in Part R59 Old=MF New=Manufacturer
Change Value of Parameter Manufacturer Part Number in Part R59 Old=MP New=Manufacturer Part Number
Change Value of Parameter Manufacturer in Part R60 Old=MF New=Manufacturer
Change Value of Parameter Manufacturer Part Number in Part R60 Old=MP New=Manufacturer Part Number
Change Value of Parameter Manufacturer in Part R61 Old=MF New=Manufacturer
Change Value of Parameter Manufacturer Part Number in Part R61 Old=MP New=Manufacturer Part Number
Change Value of Parameter Manufacturer in Part R62 Old=MF New=Manufacturer
Change Value of Parameter Manufacturer Part Number in Part R62 Old=MP New=Manufacturer Part Number
Change Value of Parameter Manufacturer in Part R63 Old=MF New=Manufacturer
Change Value of Parameter Manufacturer Part Number in Part R63 Old=MP New=Manufacturer Part Number
Change Value of Parameter Manufacturer in Part R64 Old=MF New=Manufacturer
Change Value of Parameter Manufacturer Part Number in Part R64 Old=MP New=Manufacturer Part Number
Change Value of Parameter Manufacturer in Part R65 Old=MF New=Manufacturer
Change Value of Parameter Manufacturer Part Number in Part R65 Old=MP New=Manufacturer Part Number
Change Value of Parameter Manufacturer in Part R66 Old=MF New=Manufacturer
Change Value of Parameter Manufacturer Part Number in Part R66 Old=MP New=Manufacturer Part Number
Change Value of Parameter Manufacturer in Part R67 Old=MF New=Manufacturer
Change Value of Parameter Manufacturer Part Number in Part R67 Old=MP New=Manufacturer Part Number
Change Value of Parameter Manufacturer in Part R68 Old=MF New=Manufacturer
Change Value of Parameter Manufacturer Part Number in Part R68 Old=MP New=Manufacturer Part Number
Change Value of Parameter Manufacturer in Part R69 Old=MF New=Manufacturer
Change Value of Parameter Manufacturer Part Number in Part R69 Old=MP New=Manufacturer Part Number
Change Value of Parameter Manufacturer in Part R70 Old=MF New=Manufacturer
Change Value of Parameter Manufacturer Part Number in Part R70 Old=MP New=Manufacturer Part Number
Change Value of Parameter Manufacturer in Part R71 Old=MF New=Manufacturer
Change Value of Parameter Manufacturer Part Number in Part R71 Old=MP New=Manufacturer Part Number
Change Value of Parameter Manufacturer in Part R72 Old=MF New=Manufacturer
Change Value of Parameter Manufacturer Part Number in Part R72 Old=MP New=Manufacturer Part Number
Change Value of Parameter Manufacturer in Part R73 Old=MF New=Manufacturer
Change Value of Parameter Manufacturer Part Number in Part R73 Old=MP New=Manufacturer Part Number
Change Value of Parameter Manufacturer in Part R74 Old=MF New=Manufacturer
Change Value of Parameter Manufacturer Part Number in Part R74 Old=MP New=Manufacturer Part Number
Change Value of Parameter Manufacturer in Part R75 Old=MF New=Manufacturer
Change Value of Parameter Manufacturer Part Number in Part R75 Old=MP New=Manufacturer Part Number
Change Value of Parameter Manufacturer in Part R76 Old=MF New=Manufacturer
Change Value of Parameter Manufacturer Part Number in Part R76 Old=MP New=Manufacturer Part Number
Change Value of Parameter Manufacturer in Part R77 Old=MF New=Manufacturer
Change Value of Parameter Manufacturer Part Number in Part R77 Old=MP New=Manufacturer Part Number
Change Value of Parameter Manufacturer in Part R78 Old=MF New=Manufacturer
Change Value of Parameter Manufacturer Part Number in Part R78 Old=MP New=Manufacturer Part Number
Change Value of Parameter Manufacturer in Part R79 Old=MF New=Manufacturer
Change Value of Parameter Manufacturer Part Number in Part R79 Old=MP New=Manufacturer Part Number
Change Value of Parameter Manufacturer in Part R80 Old=MF New=Manufacturer
Change Value of Parameter Manufacturer Part Number in Part R80 Old=MP New=Manufacturer Part Number
Change Value of Parameter Manufacturer in Part R81 Old=MF New=Manufacturer
Change Value of Parameter Manufacturer Part Number in Part R81 Old=MP New=Manufacturer Part Number
Change Value of Parameter Manufacturer in Part R82 Old=MF New=Manufacturer
Change Value of Parameter Manufacturer Part Number in Part R82 Old=MP New=Manufacturer Part Number
Change Value of Parameter Manufacturer in Part R83 Old=MF New=Manufacturer
Change Value of Parameter Manufacturer Part Number in Part R83 Old=MP New=Manufacturer Part Number
Change Value of Parameter Manufacturer in Part R91 Old=MF New=Manufacturer
Change Value of Parameter Manufacturer Part Number in Part R91 Old=MP New=Manufacturer Part Number
Change Value of Parameter Manufacturer in Part R92 Old=MF New=Manufacturer
Change Value of Parameter Manufacturer Part Number in Part R92 Old=MP New=Manufacturer Part Number
Change Value of Parameter Manufacturer in Part R93 Old=MF New=Manufacturer
Change Value of Parameter Manufacturer Part Number in Part R93 Old=MP New=Manufacturer Part Number
Change Value of Parameter Manufacturer in Part R94 Old=MF New=Manufacturer
Change Value of Parameter Manufacturer Part Number in Part R94 Old=MP New=Manufacturer Part Number
Change Value of Parameter Manufacturer in Part R95 Old=MF New=Manufacturer
Change Value of Parameter Manufacturer Part Number in Part R95 Old=MP New=Manufacturer Part Number
Change Value of Parameter Manufacturer in Part R96 Old=MF New=Manufacturer
Change Value of Parameter Manufacturer Part Number in Part R96 Old=MP New=Manufacturer Part Number
Change Value of Parameter Manufacturer in Part R97 Old=MF New=Manufacturer
Change Value of Parameter Manufacturer Part Number in Part R97 Old=MP New=Manufacturer Part Number
Change Value of Parameter Manufacturer in Part R98 Old=MF New=Manufacturer
Change Value of Parameter Manufacturer Part Number in Part R98 Old=MP New=Manufacturer Part Number
Change Value of Parameter Manufacturer in Part R99 Old=MF New=Manufacturer
Change Value of Parameter Manufacturer Part Number in Part R99 Old=MP New=Manufacturer Part Number
Change Value of Parameter Manufacturer in Part R100 Old=MF New=Manufacturer
Change Value of Parameter Manufacturer Part Number in Part R100 Old=MP New=Manufacturer Part Number
Change Value of Parameter Manufacturer in Part R101 Old=MF New=Manufacturer
Change Value of Parameter Manufacturer Part Number in Part R101 Old=MP New=Manufacturer Part Number
Change Value of Parameter Manufacturer in Part R102 Old=MF New=Manufacturer
Change Value of Parameter Manufacturer Part Number in Part R102 Old=MP New=Manufacturer Part Number
Change Value of Parameter Manufacturer in Part R103 Old=MF New=Manufacturer
Change Value of Parameter Manufacturer Part Number in Part R103 Old=MP New=Manufacturer Part Number
Change Value of Parameter Manufacturer in Part R104 Old=MF New=Manufacturer
Change Value of Parameter Manufacturer Part Number in Part R104 Old=MP New=Manufacturer Part Number
Change Value of Parameter Manufacturer in Part R105 Old=MF New=Manufacturer
Change Value of Parameter Manufacturer Part Number in Part R105 Old=MP New=Manufacturer Part Number
Change Value of Parameter Manufacturer in Part R106 Old=MF New=Manufacturer
Change Value of Parameter Manufacturer Part Number in Part R106 Old=MP New=Manufacturer Part Number
Change Value of Parameter Manufacturer in Part R107 Old=MF New=Manufacturer
Change Value of Parameter Manufacturer Part Number in Part R107 Old=MP New=Manufacturer Part Number
Change Value of Parameter Manufacturer in Part R108 Old=MF New=Manufacturer
Change Value of Parameter Manufacturer Part Number in Part R108 Old=MP New=Manufacturer Part Number
Change Value of Parameter Manufacturer in Part R109 Old=MF New=Manufacturer
Change Value of Parameter Manufacturer Part Number in Part R109 Old=MP New=Manufacturer Part Number
Change Value of Parameter Manufacturer in Part R110 Old=MF New=Manufacturer
Change Value of Parameter Manufacturer Part Number in Part R110 Old=MP New=Manufacturer Part Number
Change Value of Parameter Manufacturer in Part R111 Old=MF New=Manufacturer
Change Value of Parameter Manufacturer Part Number in Part R111 Old=MP New=Manufacturer Part Number
Change Value of Parameter Manufacturer in Part R112 Old=MF New=Manufacturer
Change Value of Parameter Manufacturer Part Number in Part R112 Old=MP New=Manufacturer Part Number
Change Value of Parameter Manufacturer in Part R113 Old=MF New=Manufacturer
Change Value of Parameter Manufacturer Part Number in Part R113 Old=MP New=Manufacturer Part Number
Change Value of Parameter Manufacturer in Part R114 Old=MF New=Manufacturer
Change Value of Parameter Manufacturer Part Number in Part R114 Old=MP New=Manufacturer Part Number
Change Value of Parameter Manufacturer in Part R115 Old=MF New=Manufacturer
Change Value of Parameter Manufacturer Part Number in Part R115 Old=MP New=Manufacturer Part Number
Change Value of Parameter Manufacturer in Part R116 Old=MF New=Manufacturer
Change Value of Parameter Manufacturer Part Number in Part R116 Old=MP New=Manufacturer Part Number
Change Value of Parameter Manufacturer in Part R117 Old=MF New=Manufacturer
Change Value of Parameter Manufacturer Part Number in Part R117 Old=MP New=Manufacturer Part Number
Change Value of Parameter Manufacturer in Part R118 Old=MF New=Manufacturer
Change Value of Parameter Manufacturer Part Number in Part R118 Old=MP New=Manufacturer Part Number
Change Value of Parameter Manufacturer in Part R119 Old=MF New=Manufacturer
Change Value of Parameter Manufacturer Part Number in Part R119 Old=MP New=Manufacturer Part Number
Change Value of Parameter Manufacturer in Part R120 Old=MF New=Manufacturer
Change Value of Parameter Manufacturer Part Number in Part R120 Old=MP New=Manufacturer Part Number
Change Value of Parameter Manufacturer in Part R121 Old=MF New=Manufacturer
Change Value of Parameter Manufacturer Part Number in Part R121 Old=MP New=Manufacturer Part Number
Change Value of Parameter Manufacturer in Part R122 Old=MF New=Manufacturer
Change Value of Parameter Manufacturer Part Number in Part R122 Old=MP New=Manufacturer Part Number
Change Value of Parameter Manufacturer in Part R123 Old=MF New=Manufacturer
Change Value of Parameter Manufacturer Part Number in Part R123 Old=MP New=Manufacturer Part Number
Change Value of Parameter Manufacturer in Part R124 Old=MF New=Manufacturer
Change Value of Parameter Manufacturer Part Number in Part R124 Old=MP New=Manufacturer Part Number
Change Value of Parameter Manufacturer in Part R125 Old=MF New=Manufacturer
Change Value of Parameter Manufacturer Part Number in Part R125 Old=MP New=Manufacturer Part Number
Change Value of Parameter Manufacturer in Part R126 Old=MF New=Manufacturer
Change Value of Parameter Manufacturer Part Number in Part R126 Old=MP New=Manufacturer Part Number
Change Value of Parameter Manufacturer in Part R127 Old=MF New=Manufacturer
Change Value of Parameter Manufacturer Part Number in Part R127 Old=MP New=Manufacturer Part Number
Change Value of Parameter Manufacturer in Part R128 Old=MF New=Manufacturer
Change Value of Parameter Manufacturer Part Number in Part R128 Old=MP New=Manufacturer Part Number
Change Value of Parameter Manufacturer in Part R129 Old=MF New=Manufacturer
Change Value of Parameter Manufacturer Part Number in Part R129 Old=MP New=Manufacturer Part Number
Change Value of Parameter Manufacturer in Part R130 Old=MF New=Manufacturer
Change Value of Parameter Manufacturer Part Number in Part R130 Old=MP New=Manufacturer Part Number
Change Value of Parameter Manufacturer in Part R131 Old=MF New=Manufacturer
Change Value of Parameter Manufacturer Part Number in Part R131 Old=MP New=Manufacturer Part Number
Change Value of Parameter Manufacturer in Part R132 Old=MF New=Manufacturer
Change Value of Parameter Manufacturer Part Number in Part R132 Old=MP New=Manufacturer Part Number
Change Value of Parameter Manufacturer in Part R133 Old=MF New=Manufacturer
Change Value of Parameter Manufacturer Part Number in Part R133 Old=MP New=Manufacturer Part Number
Change Value of Parameter Manufacturer in Part R134 Old=MF New=Manufacturer
Change Value of Parameter Manufacturer Part Number in Part R134 Old=MP New=Manufacturer Part Number
Change Value of Parameter Manufacturer in Part R135 Old=MF New=Manufacturer
Change Value of Parameter Manufacturer Part Number in Part R135 Old=MP New=Manufacturer Part Number
Change Value of Parameter Manufacturer in Part R136 Old=MF New=Manufacturer
Change Value of Parameter Manufacturer Part Number in Part R136 Old=MP New=Manufacturer Part Number
Change Value of Parameter Manufacturer in Part R137 Old=MF New=Manufacturer
Change Value of Parameter Manufacturer Part Number in Part R137 Old=MP New=Manufacturer Part Number
Change Value of Parameter Manufacturer in Part R138 Old=MF New=Manufacturer
Change Value of Parameter Manufacturer Part Number in Part R138 Old=MP New=Manufacturer Part Number
Change Value of Parameter Manufacturer in Part R139 Old=MF New=Manufacturer
Change Value of Parameter Manufacturer Part Number in Part R139 Old=MP New=Manufacturer Part Number
Change Value of Parameter Manufacturer in Part R140 Old=MF New=Manufacturer
Change Value of Parameter Manufacturer Part Number in Part R140 Old=MP New=Manufacturer Part Number
Change Value of Parameter Manufacturer in Part R141 Old=MF New=Manufacturer
Change Value of Parameter Manufacturer Part Number in Part R141 Old=MP New=Manufacturer Part Number
Change Value of Parameter Manufacturer in Part R142 Old=MF New=Manufacturer
Change Value of Parameter Manufacturer Part Number in Part R142 Old=MP New=Manufacturer Part Number
Change Value of Parameter Manufacturer in Part R143 Old=MF New=Manufacturer
Change Value of Parameter Manufacturer Part Number in Part R143 Old=MP New=Manufacturer Part Number
Change Value of Parameter Manufacturer in Part R144 Old=MF New=Manufacturer
Change Value of Parameter Manufacturer Part Number in Part R144 Old=MP New=Manufacturer Part Number
Change Value of Parameter Manufacturer in Part R145 Old=MF New=Manufacturer
Change Value of Parameter Manufacturer Part Number in Part R145 Old=MP New=Manufacturer Part Number
Change Value of Parameter Manufacturer in Part R146 Old=MF New=Manufacturer
Change Value of Parameter Manufacturer Part Number in Part R146 Old=MP New=Manufacturer Part Number
Change Value of Parameter Manufacturer in Part R147 Old=MF New=Manufacturer
Change Value of Parameter Manufacturer Part Number in Part R147 Old=MP New=Manufacturer Part Number
Change Value of Parameter Manufacturer in Part R148 Old=MF New=Manufacturer
Change Value of Parameter Manufacturer Part Number in Part R148 Old=MP New=Manufacturer Part Number
Change Value of Parameter Manufacturer in Part R149 Old=MF New=Manufacturer
Change Value of Parameter Manufacturer Part Number in Part R149 Old=MP New=Manufacturer Part Number
Change Value of Parameter Manufacturer in Part R150 Old=MF New=Manufacturer
Change Value of Parameter Manufacturer Part Number in Part R150 Old=MP New=Manufacturer Part Number
Change Value of Parameter Manufacturer in Part R151 Old=MF New=Manufacturer
Change Value of Parameter Manufacturer Part Number in Part R151 Old=MP New=Manufacturer Part Number
Change Value of Parameter Manufacturer in Part R152 Old=MF New=Manufacturer
Change Value of Parameter Manufacturer Part Number in Part R152 Old=MP New=Manufacturer Part Number
Change Value of Parameter Manufacturer in Part R153 Old=MF New=Manufacturer
Change Value of Parameter Manufacturer Part Number in Part R153 Old=MP New=Manufacturer Part Number
Change Value of Parameter Manufacturer in Part R154 Old=MF New=Manufacturer
Change Value of Parameter Manufacturer Part Number in Part R154 Old=MP New=Manufacturer Part Number
